Archive member included to satisfy reference by file (symbol)

c:/ac6/systemworkbench/plugins/fr.ac6.mcu.externaltools.arm-none.win32_1.16.0.201807130628/tools/compiler/bin/../lib/gcc/arm-none-eabi/7.2.1/../../../../arm-none-eabi/lib/thumb/v7-m\libc.a(lib_a-errno.o)
                              src/syscalls.o (__errno)
c:/ac6/systemworkbench/plugins/fr.ac6.mcu.externaltools.arm-none.win32_1.16.0.201807130628/tools/compiler/bin/../lib/gcc/arm-none-eabi/7.2.1/../../../../arm-none-eabi/lib/thumb/v7-m\libc.a(lib_a-exit.o)
                              c:/ac6/systemworkbench/plugins/fr.ac6.mcu.externaltools.arm-none.win32_1.16.0.201807130628/tools/compiler/bin/../lib/gcc/arm-none-eabi/7.2.1/../../../../arm-none-eabi/lib/thumb/v7-m/crt0.o (exit)
c:/ac6/systemworkbench/plugins/fr.ac6.mcu.externaltools.arm-none.win32_1.16.0.201807130628/tools/compiler/bin/../lib/gcc/arm-none-eabi/7.2.1/../../../../arm-none-eabi/lib/thumb/v7-m\libc.a(lib_a-impure.o)
                              c:/ac6/systemworkbench/plugins/fr.ac6.mcu.externaltools.arm-none.win32_1.16.0.201807130628/tools/compiler/bin/../lib/gcc/arm-none-eabi/7.2.1/../../../../arm-none-eabi/lib/thumb/v7-m\libc.a(lib_a-exit.o) (_global_impure_ptr)
c:/ac6/systemworkbench/plugins/fr.ac6.mcu.externaltools.arm-none.win32_1.16.0.201807130628/tools/compiler/bin/../lib/gcc/arm-none-eabi/7.2.1/../../../../arm-none-eabi/lib/thumb/v7-m\libc.a(lib_a-init.o)
                              c:/ac6/systemworkbench/plugins/fr.ac6.mcu.externaltools.arm-none.win32_1.16.0.201807130628/tools/compiler/bin/../lib/gcc/arm-none-eabi/7.2.1/../../../../arm-none-eabi/lib/thumb/v7-m/crt0.o (__libc_init_array)
c:/ac6/systemworkbench/plugins/fr.ac6.mcu.externaltools.arm-none.win32_1.16.0.201807130628/tools/compiler/bin/../lib/gcc/arm-none-eabi/7.2.1/../../../../arm-none-eabi/lib/thumb/v7-m\libc.a(lib_a-memset.o)
                              c:/ac6/systemworkbench/plugins/fr.ac6.mcu.externaltools.arm-none.win32_1.16.0.201807130628/tools/compiler/bin/../lib/gcc/arm-none-eabi/7.2.1/../../../../arm-none-eabi/lib/thumb/v7-m/crt0.o (memset)
c:/ac6/systemworkbench/plugins/fr.ac6.mcu.externaltools.arm-none.win32_1.16.0.201807130628/tools/compiler/bin/../lib/gcc/arm-none-eabi/7.2.1/../../../../arm-none-eabi/lib/thumb/v7-m\libc.a(lib_a-__call_atexit.o)
                              c:/ac6/systemworkbench/plugins/fr.ac6.mcu.externaltools.arm-none.win32_1.16.0.201807130628/tools/compiler/bin/../lib/gcc/arm-none-eabi/7.2.1/../../../../arm-none-eabi/lib/thumb/v7-m\libc.a(lib_a-exit.o) (__call_exitprocs)
c:/ac6/systemworkbench/plugins/fr.ac6.mcu.externaltools.arm-none.win32_1.16.0.201807130628/tools/compiler/bin/../lib/gcc/arm-none-eabi/7.2.1/../../../../arm-none-eabi/lib/thumb/v7-m\libc.a(lib_a-atexit.o)
                              c:/ac6/systemworkbench/plugins/fr.ac6.mcu.externaltools.arm-none.win32_1.16.0.201807130628/tools/compiler/bin/../lib/gcc/arm-none-eabi/7.2.1/../../../../arm-none-eabi/lib/thumb/v7-m\libc.a(lib_a-__call_atexit.o) (atexit)
c:/ac6/systemworkbench/plugins/fr.ac6.mcu.externaltools.arm-none.win32_1.16.0.201807130628/tools/compiler/bin/../lib/gcc/arm-none-eabi/7.2.1/../../../../arm-none-eabi/lib/thumb/v7-m\libc.a(lib_a-fini.o)
                              c:/ac6/systemworkbench/plugins/fr.ac6.mcu.externaltools.arm-none.win32_1.16.0.201807130628/tools/compiler/bin/../lib/gcc/arm-none-eabi/7.2.1/../../../../arm-none-eabi/lib/thumb/v7-m\libc.a(lib_a-__call_atexit.o) (__libc_fini_array)
c:/ac6/systemworkbench/plugins/fr.ac6.mcu.externaltools.arm-none.win32_1.16.0.201807130628/tools/compiler/bin/../lib/gcc/arm-none-eabi/7.2.1/../../../../arm-none-eabi/lib/thumb/v7-m\libc.a(lib_a-lock.o)
                              c:/ac6/systemworkbench/plugins/fr.ac6.mcu.externaltools.arm-none.win32_1.16.0.201807130628/tools/compiler/bin/../lib/gcc/arm-none-eabi/7.2.1/../../../../arm-none-eabi/lib/thumb/v7-m\libc.a(lib_a-__call_atexit.o) (__retarget_lock_acquire_recursive)
c:/ac6/systemworkbench/plugins/fr.ac6.mcu.externaltools.arm-none.win32_1.16.0.201807130628/tools/compiler/bin/../lib/gcc/arm-none-eabi/7.2.1/../../../../arm-none-eabi/lib/thumb/v7-m\libc.a(lib_a-__atexit.o)
                              c:/ac6/systemworkbench/plugins/fr.ac6.mcu.externaltools.arm-none.win32_1.16.0.201807130628/tools/compiler/bin/../lib/gcc/arm-none-eabi/7.2.1/../../../../arm-none-eabi/lib/thumb/v7-m\libc.a(lib_a-atexit.o) (__register_exitproc)

Allocating common symbols
Common symbol       size              file

__lock___atexit_recursive_mutex
                    0x1               c:/ac6/systemworkbench/plugins/fr.ac6.mcu.externaltools.arm-none.win32_1.16.0.201807130628/tools/compiler/bin/../lib/gcc/arm-none-eabi/7.2.1/../../../../arm-none-eabi/lib/thumb/v7-m\libc.a(lib_a-lock.o)
__lock___arc4random_mutex
[...]
Memory Configuration

Name             Origin             Length             Attributes
RAM              0x20000000         0x00005000         xrw
ROM              0x08000000         0x00010000         xr
*default*        0x00000000         0xffffffff

Linker script and memory map

LOAD c:/ac6/systemworkbench/plugins/fr.ac6.mcu.externaltools.arm-none.win32_1.16.0.201807130628/tools/compiler/bin/../lib/gcc/arm-none-eabi/7.2.1/thumb/v7-m/crti.o
LOAD c:/ac6/systemworkbench/plugins/fr.ac6.mcu.externaltools.arm-none.win32_1.16.0.201807130628/tools/compiler/bin/../lib/gcc/arm-none-eabi/7.2.1/thumb/v7-m/crtbegin.o
LOAD c:/ac6/systemworkbench/plugins/fr.ac6.mcu.externaltools.arm-none.win32_1.16.0.201807130628/tools/compiler/bin/../lib/gcc/arm-none-eabi/7.2.1/../../../../arm-none-eabi/lib/thumb/v7-m/crt0.o
LOAD CMSIS/core/core_cm3.o
LOAD StdPeriph_Driver/src/misc.o
LOAD StdPeriph_Driver/src/stm32f10x_adc.o
LOAD StdPeriph_Driver/src/stm32f10x_bkp.o
LOAD StdPeriph_Driver/src/stm32f10x_can.o
LOAD StdPeriph_Driver/src/stm32f10x_cec.o
LOAD StdPeriph_Driver/src/stm32f10x_crc.o
LOAD StdPeriph_Driver/src/stm32f10x_dac.o
LOAD StdPeriph_Driver/src/stm32f10x_dbgmcu.o
LOAD StdPeriph_Driver/src/stm32f10x_dma.o
LOAD StdPeriph_Driver/src/stm32f10x_exti.o
LOAD StdPeriph_Driver/src/stm32f10x_flash.o
LOAD StdPeriph_Driver/src/stm32f10x_fsmc.o
LOAD StdPeriph_Driver/src/stm32f10x_gpio.o
LOAD StdPeriph_Driver/src/stm32f10x_i2c.o
LOAD StdPeriph_Driver/src/stm32f10x_iwdg.o
LOAD StdPeriph_Driver/src/stm32f10x_pwr.o
LOAD StdPeriph_Driver/src/stm32f10x_rcc.o
LOAD StdPeriph_Driver/src/stm32f10x_rtc.o
LOAD StdPeriph_Driver/src/stm32f10x_sdio.o
LOAD StdPeriph_Driver/src/stm32f10x_spi.o
LOAD StdPeriph_Driver/src/stm32f10x_tim.o
LOAD StdPeriph_Driver/src/stm32f10x_usart.o
LOAD StdPeriph_Driver/src/stm32f10x_wwdg.o
LOAD src/delays.o
LOAD src/main.o
LOAD src/syscalls.o
LOAD src/system_stm32f10x.o
LOAD startup/startup_stm32.o
LOAD c:/ac6/systemworkbench/plugins/fr.ac6.mcu.externaltools.arm-none.win32_1.16.0.201807130628/tools/compiler/bin/../lib/gcc/arm-none-eabi/7.2.1/../../../../arm-none-eabi/lib/thumb/v7-m\libm.a
START GROUP
LOAD c:/ac6/systemworkbench/plugins/fr.ac6.mcu.externaltools.arm-none.win32_1.16.0.201807130628/tools/compiler/bin/../lib/gcc/arm-none-eabi/7.2.1/thumb/v7-m\libgcc.a
LOAD c:/ac6/systemworkbench/plugins/fr.ac6.mcu.externaltools.arm-none.win32_1.16.0.201807130628/tools/compiler/bin/../lib/gcc/arm-none-eabi/7.2.1/../../../../arm-none-eabi/lib/thumb/v7-m\libc.a
END GROUP
LOAD c:/ac6/systemworkbench/plugins/fr.ac6.mcu.externaltools.arm-none.win32_1.16.0.201807130628/tools/compiler/bin/../lib/gcc/arm-none-eabi/7.2.1/thumb/v7-m/crtend.o
LOAD c:/ac6/systemworkbench/plugins/fr.ac6.mcu.externaltools.arm-none.win32_1.16.0.201807130628/tools/compiler/bin/../lib/gcc/arm-none-eabi/7.2.1/thumb/v7-m/crtn.o
                0x20005000                _estack = 0x20005000
                0x00000000                _Min_Heap_Size = 0x0
                0x00000400                _Min_Stack_Size = 0x400

.isr_vector     0x08000000      0x130
                0x08000000                . = ALIGN (0x4)
 *(.isr_vector)
 .isr_vector    0x08000000      0x130 startup/startup_stm32.o
                0x08000000                g_pfnVectors
                0x08000130                . = ALIGN (0x4)

.text           0x08000130      0x790
                0x08000130                . = ALIGN (0x4)
 *(.text)
 .text          0x08000130       0x40 c:/ac6/systemworkbench/plugins/fr.ac6.mcu.externaltools.arm-none.win32_1.16.0.201807130628/tools/compiler/bin/../lib/gcc/arm-none-eabi/7.2.1/thumb/v7-m/crtbegin.o
 *(.text*)
 .text.GPIO_Init
                0x08000170      0x178 StdPeriph_Driver/src/stm32f10x_gpio.o
                0x08000170                GPIO_Init
 .text.GPIO_ReadOutputData
                0x080002e8       0x18 StdPeriph_Driver/src/stm32f10x_gpio.o
                0x080002e8                GPIO_ReadOutputData
 .text.GPIO_ResetBits
                0x08000300       0x1c StdPeriph_Driver/src/stm32f10x_gpio.o
                0x08000300                GPIO_ResetBits
 .text.GPIO_Write
                0x0800031c       0x1c StdPeriph_Driver/src/stm32f10x_gpio.o
                0x0800031c                GPIO_Write
 .text.RCC_APB2PeriphClockCmd
                0x08000338       0x3c StdPeriph_Driver/src/stm32f10x_rcc.o
                0x08000338                RCC_APB2PeriphClockCmd
 .text.NVIC_SetPriority
                0x08000374       0x54 src/delays.o
 .text.SysTick_Config
                0x080003c8       0x44 src/delays.o
 .text.Delay_ini
                0x0800040c       0x24 src/delays.o
                0x0800040c                Delay_ini
 .text.Delay_us
                0x08000430       0x38 src/delays.o
                0x08000430                Delay_us
 .text.Delay_ms
                0x08000468       0x20 src/delays.o
                0x08000468                Delay_ms
 .text.SysTick_Handler
                0x08000488       0x5c src/delays.o
                0x08000488                SysTick_Handler
 .text.main     0x080004e4       0x98 src/main.o
                0x080004e4                main
 .text.SystemInit
                0x0800057c       0x68 src/system_stm32f10x.o
                0x0800057c                SystemInit
 .text.SetSysClock
                0x080005e4        0xc src/system_stm32f10x.o
 .text.SetSysClockTo72
                0x080005f0      0x100 src/system_stm32f10x.o
 .text.Reset_Handler
                0x080006f0       0x50 startup/startup_stm32.o
                0x080006f0                Reset_Handler
 .text.Default_Handler
                0x08000740        0x2 startup/startup_stm32.o
                0x08000740                EXTI2_IRQHandler
                0x08000740                TIM8_TRG_COM_IRQHandler
                0x08000740                TIM8_CC_IRQHandler
                0x08000740                DebugMon_Handler
                0x08000740                TIM1_CC_IRQHandler
                0x08000740                HardFault_Handler
                0x08000740                TIM6_IRQHandler
                0x08000740                PVD_IRQHandler
                0x08000740                SDIO_IRQHandler
                0x08000740                PendSV_Handler
                0x08000740                NMI_Handler
                0x08000740                EXTI3_IRQHandler
                0x08000740                USB_HP_CAN_TX_IRQHandler
                0x08000740                EXTI0_IRQHandler
                0x08000740                I2C2_EV_IRQHandler
                0x08000740                UsageFault_Handler
                0x08000740                ADC1_2_IRQHandler
                0x08000740                SPI1_IRQHandler
                0x08000740                CAN_SCE_IRQHandler
                0x08000740                TAMPER_IRQHandler
                0x08000740                TIM8_UP_IRQHandler
                0x08000740                DMA2_Channel2_IRQHandler
                0x08000740                DMA1_Channel4_IRQHandler
                0x08000740                USART3_IRQHandler
                0x08000740                RTC_IRQHandler
                0x08000740                DMA1_Channel7_IRQHandler
                0x08000740                UART5_IRQHandler
                0x08000740                ADC3_IRQHandler
                0x08000740                TIM4_IRQHandler
                0x08000740                CAN_RX1_IRQHandler
                0x08000740                DMA2_Channel1_IRQHandler
                0x08000740                I2C1_EV_IRQHandler
                0x08000740                DMA1_Channel6_IRQHandler
                0x08000740                UART4_IRQHandler
                0x08000740                TIM3_IRQHandler
                0x08000740                RCC_IRQHandler
                0x08000740                TIM1_TRG_COM_IRQHandler
                0x08000740                DMA1_Channel1_IRQHandler
                0x08000740                Default_Handler
                0x08000740                EXTI15_10_IRQHandler
                0x08000740                TIM7_IRQHandler
                0x08000740                TIM5_IRQHandler
                0x08000740                EXTI9_5_IRQHandler
                0x08000740                SPI2_IRQHandler
                0x08000740                USB_LP_CAN_RX0_IRQHandler
                0x08000740                MemManage_Handler
                0x08000740                SVC_Handler
                0x08000740                DMA1_Channel5_IRQHandler
                0x08000740                EXTI4_IRQHandler
                0x08000740                DMA1_Channel3_IRQHandler
                0x08000740                FSMC_IRQHandler
                0x08000740                TIM1_UP_IRQHandler
                0x08000740                WWDG_IRQHandler
                0x08000740                TIM2_IRQHandler
                0x08000740                TIM1_BRK_IRQHandler
                0x08000740                EXTI1_IRQHandler
                0x08000740                RTCAlarm_IRQHandler
                0x08000740                DMA2_Channel4_5_IRQHandler
                0x08000740                USART2_IRQHandler
                0x08000740                I2C2_ER_IRQHandler
                0x08000740                DMA1_Channel2_IRQHandler
                0x08000740                TIM8_BRK_IRQHandler
                0x08000740                FLASH_IRQHandler
                0x08000740                BusFault_Handler
                0x08000740                USART1_IRQHandler
                0x08000740                SPI3_IRQHandler
                0x08000740                I2C1_ER_IRQHandler
                0x08000740                DMA2_Channel3_IRQHandler
 *fill*         0x08000742        0x2 
 .text.__libc_init_array
                0x08000744       0x48 c:/ac6/systemworkbench/plugins/fr.ac6.mcu.externaltools.arm-none.win32_1.16.0.201807130628/tools/compiler/bin/../lib/gcc/arm-none-eabi/7.2.1/../../../../arm-none-eabi/lib/thumb/v7-m\libc.a(lib_a-init.o)
                0x08000744                __libc_init_array
 .text.startup.register_fini
                0x0800078c       0x14 c:/ac6/systemworkbench/plugins/fr.ac6.mcu.externaltools.arm-none.win32_1.16.0.201807130628/tools/compiler/bin/../lib/gcc/arm-none-eabi/7.2.1/../../../../arm-none-eabi/lib/thumb/v7-m\libc.a(lib_a-__call_atexit.o)
 .text.atexit   0x080007a0        0xc c:/ac6/systemworkbench/plugins/fr.ac6.mcu.externaltools.arm-none.win32_1.16.0.201807130628/tools/compiler/bin/../lib/gcc/arm-none-eabi/7.2.1/../../../../arm-none-eabi/lib/thumb/v7-m\libc.a(lib_a-atexit.o)
                0x080007a0                atexit
 .text.__libc_fini_array
                0x080007ac       0x34 c:/ac6/systemworkbench/plugins/fr.ac6.mcu.externaltools.arm-none.win32_1.16.0.201807130628/tools/compiler/bin/../lib/gcc/arm-none-eabi/7.2.1/../../../../arm-none-eabi/lib/thumb/v7-m\libc.a(lib_a-fini.o)
                0x080007ac                __libc_fini_array
 .text.__retarget_lock_acquire_recursive
                0x080007e0        0x4 c:/ac6/systemworkbench/plugins/fr.ac6.mcu.externaltools.arm-none.win32_1.16.0.201807130628/tools/compiler/bin/../lib/gcc/arm-none-eabi/7.2.1/../../../../arm-none-eabi/lib/thumb/v7-m\libc.a(lib_a-lock.o)
                0x080007e0                __retarget_lock_acquire_recursive
 .text.__retarget_lock_release_recursive
                0x080007e4        0x4 c:/ac6/systemworkbench/plugins/fr.ac6.mcu.externaltools.arm-none.win32_1.16.0.201807130628/tools/compiler/bin/../lib/gcc/arm-none-eabi/7.2.1/../../../../arm-none-eabi/lib/thumb/v7-m\libc.a(lib_a-lock.o)
                0x080007e4                __retarget_lock_release_recursive
 .text.__register_exitproc
                0x080007e8       0xc0 c:/ac6/systemworkbench/plugins/fr.ac6.mcu.externaltools.arm-none.win32_1.16.0.201807130628/tools/compiler/bin/../lib/gcc/arm-none-eabi/7.2.1/../../../../arm-none-eabi/lib/thumb/v7-m\libc.a(lib_a-__atexit.o)
                0x080007e8                __register_exitproc
 *(.glue_7)
 .glue_7        0x080008a8        0x0 linker stubs
 *(.glue_7t)
 .glue_7t       0x080008a8        0x0 linker stubs
 *(.eh_frame)
 .eh_frame      0x080008a8        0x0 c:/ac6/systemworkbench/plugins/fr.ac6.mcu.externaltools.arm-none.win32_1.16.0.201807130628/tools/compiler/bin/../lib/gcc/arm-none-eabi/7.2.1/thumb/v7-m/crtbegin.o
 *(.init)
 .init          0x080008a8        0x4 c:/ac6/systemworkbench/plugins/fr.ac6.mcu.externaltools.arm-none.win32_1.16.0.201807130628/tools/compiler/bin/../lib/gcc/arm-none-eabi/7.2.1/thumb/v7-m/crti.o
                0x080008a8                _init
 .init          0x080008ac        0x8 c:/ac6/systemworkbench/plugins/fr.ac6.mcu.externaltools.arm-none.win32_1.16.0.201807130628/tools/compiler/bin/../lib/gcc/arm-none-eabi/7.2.1/thumb/v7-m/crtn.o
 *(.fini)
 .fini          0x080008b4        0x4 c:/ac6/systemworkbench/plugins/fr.ac6.mcu.externaltools.arm-none.win32_1.16.0.201807130628/tools/compiler/bin/../lib/gcc/arm-none-eabi/7.2.1/thumb/v7-m/crti.o
                0x080008b4                _fini
 .fini          0x080008b8        0x8 c:/ac6/systemworkbench/plugins/fr.ac6.mcu.externaltools.arm-none.win32_1.16.0.201807130628/tools/compiler/bin/../lib/gcc/arm-none-eabi/7.2.1/thumb/v7-m/crtn.o
                0x080008c0                . = ALIGN (0x4)
                0x080008c0                _etext = .

.vfp11_veneer   0x080008c0        0x0
 .vfp11_veneer  0x080008c0        0x0 linker stubs

.v4_bx          0x080008c0        0x0
 .v4_bx         0x080008c0        0x0 linker stubs

.iplt           0x080008c0        0x0
 .iplt          0x080008c0        0x0 c:/ac6/systemworkbench/plugins/fr.ac6.mcu.externaltools.arm-none.win32_1.16.0.201807130628/tools/compiler/bin/../lib/gcc/arm-none-eabi/7.2.1/thumb/v7-m/crtbegin.o

.rodata         0x080008c0        0x4
                0x080008c0                . = ALIGN (0x4)
 *(.rodata)
 *(.rodata*)
 .rodata._global_impure_ptr
                0x080008c0        0x4 c:/ac6/systemworkbench/plugins/fr.ac6.mcu.externaltools.arm-none.win32_1.16.0.201807130628/tools/compiler/bin/../lib/gcc/arm-none-eabi/7.2.1/../../../../arm-none-eabi/lib/thumb/v7-m\libc.a(lib_a-impure.o)
                0x080008c0                _global_impure_ptr
                0x080008c4                . = ALIGN (0x4)

.rel.dyn        0x080008c4        0x0
 .rel.iplt      0x080008c4        0x0 c:/ac6/systemworkbench/plugins/fr.ac6.mcu.externaltools.arm-none.win32_1.16.0.201807130628/tools/compiler/bin/../lib/gcc/arm-none-eabi/7.2.1/thumb/v7-m/crtbegin.o

.ARM.extab      0x080008c4        0x0
                0x080008c4                . = ALIGN (0x4)
 *(.ARM.extab* .gnu.linkonce.armextab.*)
                0x080008c4                . = ALIGN (0x4)

.ARM            0x080008c4        0x0
                0x080008c4                . = ALIGN (0x4)
                0x080008c4                __exidx_start = .
 *(.ARM.exidx*)
                0x080008c4                __exidx_end = .
                0x080008c4                . = ALIGN (0x4)

.preinit_array  0x080008c4        0x0
                0x080008c4                . = ALIGN (0x4)
                0x080008c4                PROVIDE (__preinit_array_start, .)
 *(.preinit_array*)
                0x080008c4                PROVIDE (__preinit_array_end, .)
                0x080008c4                . = ALIGN (0x4)

.init_array     0x080008c4        0x8
                0x080008c4                . = ALIGN (0x4)
                0x080008c4                PROVIDE (__init_array_start, .)
 *(SORT_BY_NAME(.init_array.*))
 .init_array.00000
                0x080008c4        0x4 c:/ac6/systemworkbench/plugins/fr.ac6.mcu.externaltools.arm-none.win32_1.16.0.201807130628/tools/compiler/bin/../lib/gcc/arm-none-eabi/7.2.1/../../../../arm-none-eabi/lib/thumb/v7-m\libc.a(lib_a-__call_atexit.o)
 *(.init_array*)
 .init_array    0x080008c8        0x4 c:/ac6/systemworkbench/plugins/fr.ac6.mcu.externaltools.arm-none.win32_1.16.0.201807130628/tools/compiler/bin/../lib/gcc/arm-none-eabi/7.2.1/thumb/v7-m/crtbegin.o
                0x080008cc                PROVIDE (__init_array_end, .)
                0x080008cc                . = ALIGN (0x4)

.fini_array     0x080008cc        0x4
                0x080008cc                . = ALIGN (0x4)
                0x080008cc                PROVIDE (__fini_array_start, .)
 *(SORT_BY_NAME(.fini_array.*))
 *(.fini_array*)
 .fini_array    0x080008cc        0x4 c:/ac6/systemworkbench/plugins/fr.ac6.mcu.externaltools.arm-none.win32_1.16.0.201807130628/tools/compiler/bin/../lib/gcc/arm-none-eabi/7.2.1/thumb/v7-m/crtbegin.o
                0x080008d0                PROVIDE (__fini_array_end, .)
                0x080008d0                . = ALIGN (0x4)
                0x080008d0                _sidata = LOADADDR (.data)

.data           0x20000000      0x444 load address 0x080008d0
                0x20000000                . = ALIGN (0x4)
                0x20000000                _sdata = .
 *(.data)
 .data          0x20000000       0x14 src/system_stm32f10x.o
                0x20000000                SystemCoreClock
                0x20000004                AHBPrescTable
 *(.data*)
 *fill*         0x20000014        0x4 
 .data.impure_data
                0x20000018      0x428 c:/ac6/systemworkbench/plugins/fr.ac6.mcu.externaltools.arm-none.win32_1.16.0.201807130628/tools/compiler/bin/../lib/gcc/arm-none-eabi/7.2.1/../../../../arm-none-eabi/lib/thumb/v7-m\libc.a(lib_a-impure.o)
 .data.__atexit_recursive_mutex
                0x20000440        0x4 c:/ac6/systemworkbench/plugins/fr.ac6.mcu.externaltools.arm-none.win32_1.16.0.201807130628/tools/compiler/bin/../lib/gcc/arm-none-eabi/7.2.1/../../../../arm-none-eabi/lib/thumb/v7-m\libc.a(lib_a-__call_atexit.o)
                0x20000440                __atexit_recursive_mutex
                0x20000444                . = ALIGN (0x4)
                0x20000444                _edata = .

.igot.plt       0x20000444        0x0 load address 0x08000d14
 .igot.plt      0x20000444        0x0 c:/ac6/systemworkbench/plugins/fr.ac6.mcu.externaltools.arm-none.win32_1.16.0.201807130628/tools/compiler/bin/../lib/gcc/arm-none-eabi/7.2.1/thumb/v7-m/crtbegin.o
                0x20000444                . = ALIGN (0x4)

.bss            0x20000444       0x50 load address 0x08000d14
                0x20000444                _sbss = .
                0x20000444                __bss_start__ = _sbss
 *(.bss)
 .bss           0x20000444       0x1c c:/ac6/systemworkbench/plugins/fr.ac6.mcu.externaltools.arm-none.win32_1.16.0.201807130628/tools/compiler/bin/../lib/gcc/arm-none-eabi/7.2.1/thumb/v7-m/crtbegin.o
 *(.bss*)
 *(COMMON)
 COMMON         0x20000460       0x10 src/delays.o
                0x20000460                ctMs
                0x20000464                TimingDelay
                0x20000468                msCounter
                0x2000046c                usCounter
 COMMON         0x20000470       0x21 c:/ac6/systemworkbench/plugins/fr.ac6.mcu.externaltools.arm-none.win32_1.16.0.201807130628/tools/compiler/bin/../lib/gcc/arm-none-eabi/7.2.1/../../../../arm-none-eabi/lib/thumb/v7-m\libc.a(lib_a-lock.o)
                0x20000470                __lock___atexit_recursive_mutex
                0x20000474                __lock___arc4random_mutex
                0x20000478                __lock___env_recursive_mutex
                0x2000047c                __lock___sinit_recursive_mutex
                0x20000480                __lock___malloc_recursive_mutex
                0x20000484                __lock___at_quick_exit_mutex
                0x20000488                __lock___dd_hash_mutex
                0x2000048c                __lock___tz_mutex
                0x20000490                __lock___sfp_recursive_mutex
                0x20000494                . = ALIGN (0x4)
 *fill*         0x20000491        0x3 
                0x20000494                _ebss = .
                0x20000494                __bss_end__ = _ebss

._user_heap_stack
                0x20000494      0x404 load address 0x08000d14
                0x20000498                . = ALIGN (0x8)
 *fill*         0x20000494        0x4 
                0x20000498                PROVIDE (end, .)
                [!provide]                PROVIDE (_end, .)
                0x20000498                . = (. + _Min_Heap_Size)
                0x20000898                . = (. + _Min_Stack_Size)
 *fill*         0x20000498      0x400 
                0x20000898                . = ALIGN (0x8)

/DISCARD/
 libc.a(*)
 libm.a(*)
 libgcc.a(*)

.ARM.attributes
                0x00000000       0x29
 *(.ARM.attributes)
 .ARM.attributes
                0x00000000       0x1d c:/ac6/systemworkbench/plugins/fr.ac6.mcu.externaltools.arm-none.win32_1.16.0.201807130628/tools/compiler/bin/../lib/gcc/arm-none-eabi/7.2.1/thumb/v7-m/crti.o
 .ARM.attributes
                0x0000001d       0x2d c:/ac6/systemworkbench/plugins/fr.ac6.mcu.externaltools.arm-none.win32_1.16.0.201807130628/tools/compiler/bin/../lib/gcc/arm-none-eabi/7.2.1/thumb/v7-m/crtbegin.o
 .ARM.attributes
                0x0000004a       0x33 StdPeriph_Driver/src/stm32f10x_gpio.o
 .ARM.attributes
                0x0000007d       0x33 StdPeriph_Driver/src/stm32f10x_rcc.o
 .ARM.attributes
                0x000000b0       0x33 src/delays.o
 .ARM.attributes
                0x000000e3       0x33 src/main.o
 .ARM.attributes
                0x00000116       0x33 src/system_stm32f10x.o
 .ARM.attributes
                0x00000149       0x21 startup/startup_stm32.o
 .ARM.attributes
                0x0000016a       0x2d c:/ac6/systemworkbench/plugins/fr.ac6.mcu.externaltools.arm-none.win32_1.16.0.201807130628/tools/compiler/bin/../lib/gcc/arm-none-eabi/7.2.1/../../../../arm-none-eabi/lib/thumb/v7-m\libc.a(lib_a-impure.o)
 .ARM.attributes
                0x00000197       0x2d c:/ac6/systemworkbench/plugins/fr.ac6.mcu.externaltools.arm-none.win32_1.16.0.201807130628/tools/compiler/bin/../lib/gcc/arm-none-eabi/7.2.1/../../../../arm-none-eabi/lib/thumb/v7-m\libc.a(lib_a-init.o)
 .ARM.attributes
                0x000001c4       0x2d c:/ac6/systemworkbench/plugins/fr.ac6.mcu.externaltools.arm-none.win32_1.16.0.201807130628/tools/compiler/bin/../lib/gcc/arm-none-eabi/7.2.1/../../../../arm-none-eabi/lib/thumb/v7-m\libc.a(lib_a-__call_atexit.o)
 .ARM.attributes
                0x000001f1       0x2d c:/ac6/systemworkbench/plugins/fr.ac6.mcu.externaltools.arm-none.win32_1.16.0.201807130628/tools/compiler/bin/../lib/gcc/arm-none-eabi/7.2.1/../../../../arm-none-eabi/lib/thumb/v7-m\libc.a(lib_a-atexit.o)
 .ARM.attributes
                0x0000021e       0x2d c:/ac6/systemworkbench/plugins/fr.ac6.mcu.externaltools.arm-none.win32_1.16.0.201807130628/tools/compiler/bin/../lib/gcc/arm-none-eabi/7.2.1/../../../../arm-none-eabi/lib/thumb/v7-m\libc.a(lib_a-fini.o)
 .ARM.attributes
                0x0000024b       0x2d c:/ac6/systemworkbench/plugins/fr.ac6.mcu.externaltools.arm-none.win32_1.16.0.201807130628/tools/compiler/bin/../lib/gcc/arm-none-eabi/7.2.1/../../../../arm-none-eabi/lib/thumb/v7-m\libc.a(lib_a-lock.o)
 .ARM.attributes
                0x00000278       0x2d c:/ac6/systemworkbench/plugins/fr.ac6.mcu.externaltools.arm-none.win32_1.16.0.201807130628/tools/compiler/bin/../lib/gcc/arm-none-eabi/7.2.1/../../../../arm-none-eabi/lib/thumb/v7-m\libc.a(lib_a-__atexit.o)
 .ARM.attributes
                0x000002a5       0x1d c:/ac6/systemworkbench/plugins/fr.ac6.mcu.externaltools.arm-none.win32_1.16.0.201807130628/tools/compiler/bin/../lib/gcc/arm-none-eabi/7.2.1/thumb/v7-m/crtn.o
OUTPUT(teste_gpio.elf elf32-littlearm)

.debug_info     0x00000000     0x1c43
 .debug_info    0x00000000      0x6ec StdPeriph_Driver/src/stm32f10x_gpio.o
 .debug_info    0x000006ec      0x89c StdPeriph_Driver/src/stm32f10x_rcc.o
 .debug_info    0x00000f88      0x5de src/delays.o
 .debug_info    0x00001566      0x26b src/main.o
 .debug_info    0x000017d1      0x450 src/system_stm32f10x.o
 .debug_info    0x00001c21       0x22 startup/startup_stm32.o

.debug_abbrev   0x00000000      0x87f
 .debug_abbrev  0x00000000      0x1e4 StdPeriph_Driver/src/stm32f10x_gpio.o
 .debug_abbrev  0x000001e4      0x1d4 StdPeriph_Driver/src/stm32f10x_rcc.o
 .debug_abbrev  0x000003b8      0x1fb src/delays.o
 .debug_abbrev  0x000005b3      0x11c src/main.o
 .debug_abbrev  0x000006cf      0x19e src/system_stm32f10x.o
 .debug_abbrev  0x0000086d       0x12 startup/startup_stm32.o

.debug_aranges  0x00000000      0x288
 .debug_aranges
                0x00000000       0xa8 StdPeriph_Driver/src/stm32f10x_gpio.o
 .debug_aranges
                0x000000a8      0x118 StdPeriph_Driver/src/stm32f10x_rcc.o
 .debug_aranges
                0x000001c0       0x48 src/delays.o
 .debug_aranges
                0x00000208       0x20 src/main.o
 .debug_aranges
                0x00000228       0x38 src/system_stm32f10x.o
 .debug_aranges
                0x00000260       0x28 startup/startup_stm32.o

.debug_ranges   0x00000000      0x230
 .debug_ranges  0x00000000       0x98 StdPeriph_Driver/src/stm32f10x_gpio.o
 .debug_ranges  0x00000098      0x108 StdPeriph_Driver/src/stm32f10x_rcc.o
 .debug_ranges  0x000001a0       0x38 src/delays.o
 .debug_ranges  0x000001d8       0x10 src/main.o
 .debug_ranges  0x000001e8       0x28 src/system_stm32f10x.o
 .debug_ranges  0x00000210       0x20 startup/startup_stm32.o

.debug_macro    0x00000000      0xfb0
 .debug_macro   0x00000000      0x1d7 StdPeriph_Driver/src/stm32f10x_gpio.o
 .debug_macro   0x000001d7      0x2a6 StdPeriph_Driver/src/stm32f10x_gpio.o
 .debug_macro   0x0000047d      0x2a1 StdPeriph_Driver/src/stm32f10x_rcc.o
 .debug_macro   0x0000071e      0x3dc StdPeriph_Driver/src/stm32f10x_rcc.o
 .debug_macro   0x00000afa      0x185 src/delays.o
 .debug_macro   0x00000c7f      0x1a9 src/main.o
 .debug_macro   0x00000e28      0x188 src/system_stm32f10x.o

.debug_line     0x00000000     0x2485
 .debug_line    0x00000000      0x7c4 StdPeriph_Driver/src/stm32f10x_gpio.o
 .debug_line    0x000007c4      0x8c0 StdPeriph_Driver/src/stm32f10x_rcc.o
 .debug_line    0x00001084      0x6a8 src/delays.o
 .debug_line    0x0000172c      0x664 src/main.o
 .debug_line    0x00001d90      0x679 src/system_stm32f10x.o
 .debug_line    0x00002409       0x7c startup/startup_stm32.o

.debug_str      0x00000000    0x4e74f
 .debug_str     0x00000000    0x4d645 StdPeriph_Driver/src/stm32f10x_gpio.o
                              0x4d7ba (size before relaxing)
 .debug_str     0x0004d645      0xb59 StdPeriph_Driver/src/stm32f10x_rcc.o
                              0x4dda0 (size before relaxing)
 .debug_str     0x0004e19e      0x438 src/delays.o
                              0x4d606 (size before relaxing)
 .debug_str     0x0004e5d6       0xa5 src/main.o
                              0x4d3d2 (size before relaxing)
 .debug_str     0x0004e67b       0xaa src/system_stm32f10x.o
                              0x4d34e (size before relaxing)
 .debug_str     0x0004e725       0x2a startup/startup_stm32.o
                                 0x7b (size before relaxing)

.comment        0x00000000       0x7e
 .comment       0x00000000       0x7e StdPeriph_Driver/src/stm32f10x_gpio.o
                                 0x7f (size before relaxing)
 .comment       0x0000007e       0x7f StdPeriph_Driver/src/stm32f10x_rcc.o
 .comment       0x0000007e       0x7f src/delays.o
 .comment       0x0000007e       0x7f src/main.o
 .comment       0x0000007e       0x7f src/system_stm32f10x.o

.debug_frame    0x00000000      0xb30
 .debug_frame   0x00000000      0x2d0 StdPeriph_Driver/src/stm32f10x_gpio.o
 .debug_frame   0x000002d0      0x4f4 StdPeriph_Driver/src/stm32f10x_rcc.o
 .debug_frame   0x000007c4       0xe4 src/delays.o
 .debug_frame   0x000008a8       0x30 src/main.o
 .debug_frame   0x000008d8       0x98 src/system_stm32f10x.o
 .debug_frame   0x00000970       0x2c c:/ac6/systemworkbench/plugins/fr.ac6.mcu.externaltools.arm-none.win32_1.16.0.201807130628/tools/compiler/bin/../lib/gcc/arm-none-eabi/7.2.1/../../../../arm-none-eabi/lib/thumb/v7-m\libc.a(lib_a-init.o)
 .debug_frame   0x0000099c       0x5c c:/ac6/systemworkbench/plugins/fr.ac6.mcu.externaltools.arm-none.win32_1.16.0.201807130628/tools/compiler/bin/../lib/gcc/arm-none-eabi/7.2.1/../../../../arm-none-eabi/lib/thumb/v7-m\libc.a(lib_a-__call_atexit.o)
 .debug_frame   0x000009f8       0x20 c:/ac6/systemworkbench/plugins/fr.ac6.mcu.externaltools.arm-none.win32_1.16.0.201807130628/tools/compiler/bin/../lib/gcc/arm-none-eabi/7.2.1/../../../../arm-none-eabi/lib/thumb/v7-m\libc.a(lib_a-atexit.o)
 .debug_frame   0x00000a18       0x34 c:/ac6/systemworkbench/plugins/fr.ac6.mcu.externaltools.arm-none.win32_1.16.0.201807130628/tools/compiler/bin/../lib/gcc/arm-none-eabi/7.2.1/../../../../arm-none-eabi/lib/thumb/v7-m\libc.a(lib_a-fini.o)
 .debug_frame   0x00000a4c       0xb0 c:/ac6/systemworkbench/plugins/fr.ac6.mcu.externaltools.arm-none.win32_1.16.0.201807130628/tools/compiler/bin/../lib/gcc/arm-none-eabi/7.2.1/../../../../arm-none-eabi/lib/thumb/v7-m\libc.a(lib_a-lock.o)
 .debug_frame   0x00000afc       0x34 c:/ac6/systemworkbench/plugins/fr.ac6.mcu.externaltools.arm-none.win32_1.16.0.201807130628/tools/compiler/bin/../lib/gcc/arm-none-eabi/7.2.1/../../../../arm-none-eabi/lib/thumb/v7-m\libc.a(lib_a-__atexit.o)
