enc28j60.c:87:6:enc28j60_set_spi	16	static
enc28j60.c:93:15:ENC28J60_SendByte	32	static
enc28j60.c:128:9:enc28j60ReadOp	24	static
enc28j60.c:143:6:enc28j60WriteOp	16	static
enc28j60.c:151:6:enc28j60PowerDown	8	static
enc28j60.c:158:6:enc28j60PowerUp	8	static
enc28j60.c:164:6:enc28j60ReadBuffer	24	static
enc28j60.c:176:17:enc28j60ReadBufferWord	16	static
enc28j60.c:183:6:enc28j60WriteBuffer	16	static
enc28j60.c:193:6:enc28j60SetBank	16	static
enc28j60.c:202:9:enc28j60Read	16	static
enc28j60.c:210:6:enc28j60WriteWord	16	static
enc28j60.c:216:10:enc28j60PhyReadH	16	static
enc28j60.c:233:6:enc28j60Write	16	static
enc28j60.c:242:6:enc28j60PhyWrite	16	static
enc28j60.c:263:6:enc28j60clkout	16	static
enc28j60.c:269:6:enc28j60Init	16	static
enc28j60.c:347:9:enc28j60getrev	16	static
enc28j60.c:360:6:enc28j60EnableBroadcast	8	static
enc28j60.c:365:6:enc28j60DisableBroadcast	8	static
enc28j60.c:370:6:enc28j60EnableMulticast	8	static
enc28j60.c:375:6:enc28j60DisableMulticast	8	static
enc28j60.c:382:9:enc28j60linkup	8	static
enc28j60.c:388:6:enc28j60PacketSend	16	static
enc28j60.c:424:10:enc28j60PacketReceive	24	static
