EtherShield.c:67:6:ES_enc28j60SpiInit	16	static
EtherShield.c:77:6:ES_enc28j60Init	24	static
EtherShield.c:102:6:ES_enc28j60clkout	16	static
EtherShield.c:106:9:ES_enc28j60linkup	8	static
EtherShield.c:110:6:ES_enc28j60EnableBroadcast	8	static
EtherShield.c:114:6:ES_enc28j60DisableBroadcast	8	static
EtherShield.c:118:6:ES_enc28j60EnableMulticast	8	static
EtherShield.c:122:6:ES_enc28j60DisableMulticast	8	static
EtherShield.c:126:9:ES_enc28j60Read	16	static
EtherShield.c:130:9:ES_enc28j60Revision	8	static
EtherShield.c:134:6:ES_enc28j60PhyWrite	16	static
EtherShield.c:138:10:ES_enc28j60PacketReceive	16	static
EtherShield.c:142:6:ES_enc28j60PacketSend	16	static
EtherShield.c:146:6:ES_init_ip_arp_udp_tcp	24	static
EtherShield.c:150:9:ES_eth_type_is_arp_and_my_ip	16	static
EtherShield.c:154:9:ES_eth_type_is_ip_and_my_ip	16	static
EtherShield.c:158:6:ES_make_echo_reply_from_request	16	static
EtherShield.c:162:6:ES_make_tcp_synack_from_syn	16	static
EtherShield.c:166:6:ES_make_tcp_ack_from_any	16	static
EtherShield.c:170:6:ES_make_tcp_ack_with_data	16	static
EtherShield.c:174:6:ES_make_tcp_ack_with_data_noflags	16	static
EtherShield.c:178:10:ES_build_tcp_data	16	static
EtherShield.c:182:6:ES_send_tcp_data	16	static
EtherShield.c:186:6:ES_send_udp_data2	32	static
EtherShield.c:194:6:ES_send_udp_data1	24	static
EtherShield.c:199:6:ES_init_len_info	16	static
EtherShield.c:207:10:ES_checksum	16	static
EtherShield.c:212:6:ES_fill_ip_hdr_checksum	16	static
EtherShield.c:216:10:ES_get_tcp_data_pointer	8	static
EtherShield.c:220:10:ES_packetloop_icmp_tcp	16	static
EtherShield.c:228:10:ES_fill_tcp_data	24	static
EtherShield.c:232:10:ES_fill_tcp_data_len	24	static
EtherShield.c:236:6:ES_www_server_reply	16	static
EtherShield.c:240:9:ES_client_store_gw_mac	16	static
EtherShield.c:244:6:ES_client_set_gwip	16	static
EtherShield.c:248:6:ES_client_set_wwwip	16	static
EtherShield.c:253:6:ES_client_tcp_set_serverip	16	static
EtherShield.c:257:6:ES_client_arp_whohas	16	static
EtherShield.c:262:9:ES_client_tcp_req	24	static
EtherShield.c:266:6:ES_tcp_client_send_packet	48	static
EtherShield.c:272:10:ES_tcp_get_dlength	16	static
EtherShield.c:282:6:ES_client_browse_url	24	static
EtherShield.c:287:6:ES_client_http_post	32	static
EtherShield.c:304:6:ES_register_ping_rec_callback	16	static
EtherShield.c:326:9:ES_find_key_val	24	static
EtherShield.c:330:6:ES_urldecode	16	static
EtherShield.c:337:6:ES_urlencode	16	static
EtherShield.c:342:9:ES_parse_ip	16	static
EtherShield.c:346:6:ES_mk_net_str	32	static
EtherShield.c:350:9:ES_client_waiting_gw	8	static
EtherShield.c:355:9:ES_dnslkup_haveanswer	8	static
EtherShield.c:360:9:ES_dnslkup_get_error_info	8	static
EtherShield.c:365:11:ES_dnslkup_getip	8	static
EtherShield.c:370:6:ES_dnslkup_set_dnsip	16	static
EtherShield.c:374:6:ES_dnslkup_request	16	static
EtherShield.c:378:9:ES_udp_client_check_for_dns_answer	16	static
EtherShield.c:385:9:resolveHostname	40	static
EtherShield.c:443:6:ES_dhcp_start	40	static
EtherShield.c:447:9:ES_dhcp_state	8	static
EtherShield.c:452:9:ES_check_for_dhcp_answer	16	static
EtherShield.c:460:9:allocateIPAddress	56	static
EtherShield.c:512:6:ES_enc28j60PowerUp	8	static
EtherShield.c:516:6:ES_enc28j60PowerDown	8	static
EtherShield.c:522:9:ES_nextTcpState	16	static
EtherShield.c:526:9:ES_currentTcpState	8	static
EtherShield.c:530:9:ES_tcpActiveOpen	32	static
EtherShield.c:537:6:ES_tcpPassiveOpen	16	static
EtherShield.c:541:6:ES_tcpClose	16	static
