Archive member included to satisfy reference by file (symbol)

/opt/st/stm32cubeide_1.0.2/plugins/com.st.stm32cube.ide.mcu.externaltools.gnu-tools-for-stm32.7-2018-q2-update.linux64_1.0.0.201904181610/tools/bin/../lib/gcc/arm-none-eabi/7.3.1/../../../../arm-none-eabi/lib/thumb/v7-m/libc_nano.a(lib_a-atoi.o)
                              Src/websrv_help_functions.o (atoi)
/opt/st/stm32cubeide_1.0.2/plugins/com.st.stm32cube.ide.mcu.externaltools.gnu-tools-for-stm32.7-2018-q2-update.linux64_1.0.0.201904181610/tools/bin/../lib/gcc/arm-none-eabi/7.3.1/../../../../arm-none-eabi/lib/thumb/v7-m/libc_nano.a(lib_a-errno.o)
                              Src/syscalls.o (__errno)
/opt/st/stm32cubeide_1.0.2/plugins/com.st.stm32cube.ide.mcu.externaltools.gnu-tools-for-stm32.7-2018-q2-update.linux64_1.0.0.201904181610/tools/bin/../lib/gcc/arm-none-eabi/7.3.1/../../../../arm-none-eabi/lib/thumb/v7-m/libc_nano.a(lib_a-exit.o)
                              /opt/st/stm32cubeide_1.0.2/plugins/com.st.stm32cube.ide.mcu.externaltools.gnu-tools-for-stm32.7-2018-q2-update.linux64_1.0.0.201904181610/tools/bin/../lib/gcc/arm-none-eabi/7.3.1/../../../../arm-none-eabi/lib/thumb/v7-m/crt0.o (exit)
/opt/st/stm32cubeide_1.0.2/plugins/com.st.stm32cube.ide.mcu.externaltools.gnu-tools-for-stm32.7-2018-q2-update.linux64_1.0.0.201904181610/tools/bin/../lib/gcc/arm-none-eabi/7.3.1/../../../../arm-none-eabi/lib/thumb/v7-m/libc_nano.a(lib_a-impure.o)
                              /opt/st/stm32cubeide_1.0.2/plugins/com.st.stm32cube.ide.mcu.externaltools.gnu-tools-for-stm32.7-2018-q2-update.linux64_1.0.0.201904181610/tools/bin/../lib/gcc/arm-none-eabi/7.3.1/../../../../arm-none-eabi/lib/thumb/v7-m/libc_nano.a(lib_a-exit.o) (_global_impure_ptr)
/opt/st/stm32cubeide_1.0.2/plugins/com.st.stm32cube.ide.mcu.externaltools.gnu-tools-for-stm32.7-2018-q2-update.linux64_1.0.0.201904181610/tools/bin/../lib/gcc/arm-none-eabi/7.3.1/../../../../arm-none-eabi/lib/thumb/v7-m/libc_nano.a(lib_a-init.o)
                              /opt/st/stm32cubeide_1.0.2/plugins/com.st.stm32cube.ide.mcu.externaltools.gnu-tools-for-stm32.7-2018-q2-update.linux64_1.0.0.201904181610/tools/bin/../lib/gcc/arm-none-eabi/7.3.1/../../../../arm-none-eabi/lib/thumb/v7-m/crt0.o (__libc_init_array)
/opt/st/stm32cubeide_1.0.2/plugins/com.st.stm32cube.ide.mcu.externaltools.gnu-tools-for-stm32.7-2018-q2-update.linux64_1.0.0.201904181610/tools/bin/../lib/gcc/arm-none-eabi/7.3.1/../../../../arm-none-eabi/lib/thumb/v7-m/libc_nano.a(lib_a-locale.o)
                              Src/websrv_help_functions.o (__locale_ctype_ptr)
/opt/st/stm32cubeide_1.0.2/plugins/com.st.stm32cube.ide.mcu.externaltools.gnu-tools-for-stm32.7-2018-q2-update.linux64_1.0.0.201904181610/tools/bin/../lib/gcc/arm-none-eabi/7.3.1/../../../../arm-none-eabi/lib/thumb/v7-m/libc_nano.a(lib_a-mbtowc_r.o)
                              /opt/st/stm32cubeide_1.0.2/plugins/com.st.stm32cube.ide.mcu.externaltools.gnu-tools-for-stm32.7-2018-q2-update.linux64_1.0.0.201904181610/tools/bin/../lib/gcc/arm-none-eabi/7.3.1/../../../../arm-none-eabi/lib/thumb/v7-m/libc_nano.a(lib_a-locale.o) (__ascii_mbtowc)
/opt/st/stm32cubeide_1.0.2/plugins/com.st.stm32cube.ide.mcu.externaltools.gnu-tools-for-stm32.7-2018-q2-update.linux64_1.0.0.201904181610/tools/bin/../lib/gcc/arm-none-eabi/7.3.1/../../../../arm-none-eabi/lib/thumb/v7-m/libc_nano.a(lib_a-memcmp.o)
                              Src/dhcp.o (memcmp)
/opt/st/stm32cubeide_1.0.2/plugins/com.st.stm32cube.ide.mcu.externaltools.gnu-tools-for-stm32.7-2018-q2-update.linux64_1.0.0.201904181610/tools/bin/../lib/gcc/arm-none-eabi/7.3.1/../../../../arm-none-eabi/lib/thumb/v7-m/libc_nano.a(lib_a-memcpy-stub.o)
                              Src/dhcp.o (memcpy)
/opt/st/stm32cubeide_1.0.2/plugins/com.st.stm32cube.ide.mcu.externaltools.gnu-tools-for-stm32.7-2018-q2-update.linux64_1.0.0.201904181610/tools/bin/../lib/gcc/arm-none-eabi/7.3.1/../../../../arm-none-eabi/lib/thumb/v7-m/libc_nano.a(lib_a-memset.o)
                              /opt/st/stm32cubeide_1.0.2/plugins/com.st.stm32cube.ide.mcu.externaltools.gnu-tools-for-stm32.7-2018-q2-update.linux64_1.0.0.201904181610/tools/bin/../lib/gcc/arm-none-eabi/7.3.1/../../../../arm-none-eabi/lib/thumb/v7-m/crt0.o (memset)
/opt/st/stm32cubeide_1.0.2/plugins/com.st.stm32cube.ide.mcu.externaltools.gnu-tools-for-stm32.7-2018-q2-update.linux64_1.0.0.201904181610/tools/bin/../lib/gcc/arm-none-eabi/7.3.1/../../../../arm-none-eabi/lib/thumb/v7-m/libc_nano.a(lib_a-rand.o)
                              Src/dhcp.o (srand)
/opt/st/stm32cubeide_1.0.2/plugins/com.st.stm32cube.ide.mcu.externaltools.gnu-tools-for-stm32.7-2018-q2-update.linux64_1.0.0.201904181610/tools/bin/../lib/gcc/arm-none-eabi/7.3.1/../../../../arm-none-eabi/lib/thumb/v7-m/libc_nano.a(lib_a-sprintf.o)
                              Src/ip_arp_udp_tcp.o (sprintf)
[...]
Memory Configuration

Name             Origin             Length             Attributes
RAM              0x0000000020000000 0x0000000000005000 xrw
FLASH            0x0000000008000000 0x0000000000010000 xr
*default*        0x0000000000000000 0xffffffffffffffff

Linker script and memory map

LOAD /opt/st/stm32cubeide_1.0.2/plugins/com.st.stm32cube.ide.mcu.externaltools.gnu-tools-for-stm32.7-2018-q2-update.linux64_1.0.0.201904181610/tools/bin/../lib/gcc/arm-none-eabi/7.3.1/thumb/v7-m/crti.o
LOAD /opt/st/stm32cubeide_1.0.2/plugins/com.st.stm32cube.ide.mcu.externaltools.gnu-tools-for-stm32.7-2018-q2-update.linux64_1.0.0.201904181610/tools/bin/../lib/gcc/arm-none-eabi/7.3.1/thumb/v7-m/crtbegin.o
LOAD /opt/st/stm32cubeide_1.0.2/plugins/com.st.stm32cube.ide.mcu.externaltools.gnu-tools-for-stm32.7-2018-q2-update.linux64_1.0.0.201904181610/tools/bin/../lib/gcc/arm-none-eabi/7.3.1/../../../../arm-none-eabi/lib/thumb/v7-m/crt0.o
LOAD Drivers/STM32F1xx_HAL_Driver/Src/stm32f1xx_hal.o
LOAD Drivers/STM32F1xx_HAL_Driver/Src/stm32f1xx_hal_cortex.o
LOAD Drivers/STM32F1xx_HAL_Driver/Src/stm32f1xx_hal_dma.o
LOAD Drivers/STM32F1xx_HAL_Driver/Src/stm32f1xx_hal_exti.o
LOAD Drivers/STM32F1xx_HAL_Driver/Src/stm32f1xx_hal_flash.o
LOAD Drivers/STM32F1xx_HAL_Driver/Src/stm32f1xx_hal_flash_ex.o
LOAD Drivers/STM32F1xx_HAL_Driver/Src/stm32f1xx_hal_gpio.o
LOAD Drivers/STM32F1xx_HAL_Driver/Src/stm32f1xx_hal_gpio_ex.o
LOAD Drivers/STM32F1xx_HAL_Driver/Src/stm32f1xx_hal_pwr.o
LOAD Drivers/STM32F1xx_HAL_Driver/Src/stm32f1xx_hal_rcc.o
LOAD Drivers/STM32F1xx_HAL_Driver/Src/stm32f1xx_hal_rcc_ex.o
LOAD Drivers/STM32F1xx_HAL_Driver/Src/stm32f1xx_hal_spi.o
LOAD Drivers/STM32F1xx_HAL_Driver/Src/stm32f1xx_hal_tim.o
LOAD Drivers/STM32F1xx_HAL_Driver/Src/stm32f1xx_hal_tim_ex.o
LOAD Src/Delay.o
LOAD Src/EtherShield.o
LOAD Src/dhcp.o
LOAD Src/dnslkup.o
LOAD Src/enc28j60.o
LOAD Src/ip_arp_udp_tcp.o
LOAD Src/main.o
LOAD Src/stm32f1xx_hal_msp.o
LOAD Src/stm32f1xx_it.o
LOAD Src/syscalls.o
LOAD Src/sysmem.o
LOAD Src/system_stm32f1xx.o
LOAD Src/websrv_help_functions.o
LOAD Startup/startup_stm32f103c8tx.o
START GROUP
LOAD /opt/st/stm32cubeide_1.0.2/plugins/com.st.stm32cube.ide.mcu.externaltools.gnu-tools-for-stm32.7-2018-q2-update.linux64_1.0.0.201904181610/tools/bin/../lib/gcc/arm-none-eabi/7.3.1/../../../../arm-none-eabi/lib/thumb/v7-m/libc_nano.a
LOAD /opt/st/stm32cubeide_1.0.2/plugins/com.st.stm32cube.ide.mcu.externaltools.gnu-tools-for-stm32.7-2018-q2-update.linux64_1.0.0.201904181610/tools/bin/../lib/gcc/arm-none-eabi/7.3.1/../../../../arm-none-eabi/lib/thumb/v7-m/libm.a
END GROUP
START GROUP
LOAD /opt/st/stm32cubeide_1.0.2/plugins/com.st.stm32cube.ide.mcu.externaltools.gnu-tools-for-stm32.7-2018-q2-update.linux64_1.0.0.201904181610/tools/bin/../lib/gcc/arm-none-eabi/7.3.1/thumb/v7-m/libgcc.a
LOAD /opt/st/stm32cubeide_1.0.2/plugins/com.st.stm32cube.ide.mcu.externaltools.gnu-tools-for-stm32.7-2018-q2-update.linux64_1.0.0.201904181610/tools/bin/../lib/gcc/arm-none-eabi/7.3.1/../../../../arm-none-eabi/lib/thumb/v7-m/libc_nano.a
END GROUP
START GROUP
LOAD /opt/st/stm32cubeide_1.0.2/plugins/com.st.stm32cube.ide.mcu.externaltools.gnu-tools-for-stm32.7-2018-q2-update.linux64_1.0.0.201904181610/tools/bin/../lib/gcc/arm-none-eabi/7.3.1/thumb/v7-m/libgcc.a
LOAD /opt/st/stm32cubeide_1.0.2/plugins/com.st.stm32cube.ide.mcu.externaltools.gnu-tools-for-stm32.7-2018-q2-update.linux64_1.0.0.201904181610/tools/bin/../lib/gcc/arm-none-eabi/7.3.1/../../../../arm-none-eabi/lib/thumb/v7-m/libc_nano.a
LOAD /opt/st/stm32cubeide_1.0.2/plugins/com.st.stm32cube.ide.mcu.externaltools.gnu-tools-for-stm32.7-2018-q2-update.linux64_1.0.0.201904181610/tools/bin/../lib/gcc/arm-none-eabi/7.3.1/../../../../arm-none-eabi/lib/thumb/v7-m/libnosys.a
END GROUP
START GROUP
LOAD /opt/st/stm32cubeide_1.0.2/plugins/com.st.stm32cube.ide.mcu.externaltools.gnu-tools-for-stm32.7-2018-q2-update.linux64_1.0.0.201904181610/tools/bin/../lib/gcc/arm-none-eabi/7.3.1/thumb/v7-m/libgcc.a
LOAD /opt/st/stm32cubeide_1.0.2/plugins/com.st.stm32cube.ide.mcu.externaltools.gnu-tools-for-stm32.7-2018-q2-update.linux64_1.0.0.201904181610/tools/bin/../lib/gcc/arm-none-eabi/7.3.1/../../../../arm-none-eabi/lib/thumb/v7-m/libc_nano.a
LOAD /opt/st/stm32cubeide_1.0.2/plugins/com.st.stm32cube.ide.mcu.externaltools.gnu-tools-for-stm32.7-2018-q2-update.linux64_1.0.0.201904181610/tools/bin/../lib/gcc/arm-none-eabi/7.3.1/../../../../arm-none-eabi/lib/thumb/v7-m/libnosys.a
END GROUP
LOAD /opt/st/stm32cubeide_1.0.2/plugins/com.st.stm32cube.ide.mcu.externaltools.gnu-tools-for-stm32.7-2018-q2-update.linux64_1.0.0.201904181610/tools/bin/../lib/gcc/arm-none-eabi/7.3.1/thumb/v7-m/crtend.o
LOAD /opt/st/stm32cubeide_1.0.2/plugins/com.st.stm32cube.ide.mcu.externaltools.gnu-tools-for-stm32.7-2018-q2-update.linux64_1.0.0.201904181610/tools/bin/../lib/gcc/arm-none-eabi/7.3.1/thumb/v7-m/crtn.o
                0x0000000020005000                _estack = 0x20005000
                0x0000000000000200                _Min_Heap_Size = 0x200
                0x0000000000000400                _Min_Stack_Size = 0x400

.isr_vector     0x0000000008000000      0x10c
                0x0000000008000000                . = ALIGN (0x4)
 *(.isr_vector)
 .isr_vector    0x0000000008000000      0x10c Startup/startup_stm32f103c8tx.o
                0x0000000008000000                g_pfnVectors
                0x000000000800010c                . = ALIGN (0x4)

.text           0x000000000800010c     0x462c
                0x000000000800010c                . = ALIGN (0x4)
 *(.text)
 .text          0x000000000800010c       0x40 /opt/st/stm32cubeide_1.0.2/plugins/com.st.stm32cube.ide.mcu.externaltools.gnu-tools-for-stm32.7-2018-q2-update.linux64_1.0.0.201904181610/tools/bin/../lib/gcc/arm-none-eabi/7.3.1/thumb/v7-m/crtbegin.o
 .text          0x000000000800014c       0x10 /opt/st/stm32cubeide_1.0.2/plugins/com.st.stm32cube.ide.mcu.externaltools.gnu-tools-for-stm32.7-2018-q2-update.linux64_1.0.0.201904181610/tools/bin/../lib/gcc/arm-none-eabi/7.3.1/../../../../arm-none-eabi/lib/thumb/v7-m/libc_nano.a(lib_a-strlen.o)
                0x000000000800014c                strlen
 *(.text*)
 .text.HAL_Init
                0x000000000800015c       0x2c Drivers/STM32F1xx_HAL_Driver/Src/stm32f1xx_hal.o
                0x000000000800015c                HAL_Init
 .text.HAL_InitTick
                0x0000000008000188       0x60 Drivers/STM32F1xx_HAL_Driver/Src/stm32f1xx_hal.o
                0x0000000008000188                HAL_InitTick
 .text.HAL_IncTick
                0x00000000080001e8       0x24 Drivers/STM32F1xx_HAL_Driver/Src/stm32f1xx_hal.o
                0x00000000080001e8                HAL_IncTick
 .text.HAL_GetTick
                0x000000000800020c       0x14 Drivers/STM32F1xx_HAL_Driver/Src/stm32f1xx_hal.o
                0x000000000800020c                HAL_GetTick
 .text.HAL_Delay
                0x0000000008000220       0x44 Drivers/STM32F1xx_HAL_Driver/Src/stm32f1xx_hal.o
                0x0000000008000220                HAL_Delay
 .text.__NVIC_SetPriorityGrouping
                0x0000000008000264       0x48 Drivers/STM32F1xx_HAL_Driver/Src/stm32f1xx_hal_cortex.o
 .text.__NVIC_GetPriorityGrouping
                0x00000000080002ac       0x1c Drivers/STM32F1xx_HAL_Driver/Src/stm32f1xx_hal_cortex.o
 .text.__NVIC_SetPriority
                0x00000000080002c8       0x54 Drivers/STM32F1xx_HAL_Driver/Src/stm32f1xx_hal_cortex.o
 .text.NVIC_EncodePriority
                0x000000000800031c       0x64 Drivers/STM32F1xx_HAL_Driver/Src/stm32f1xx_hal_cortex.o
 .text.SysTick_Config
                0x0000000008000380       0x44 Drivers/STM32F1xx_HAL_Driver/Src/stm32f1xx_hal_cortex.o
 .text.HAL_NVIC_SetPriorityGrouping
                0x00000000080003c4       0x16 Drivers/STM32F1xx_HAL_Driver/Src/stm32f1xx_hal_cortex.o
                0x00000000080003c4                HAL_NVIC_SetPriorityGrouping
 .text.HAL_NVIC_SetPriority
                0x00000000080003da       0x38 Drivers/STM32F1xx_HAL_Driver/Src/stm32f1xx_hal_cortex.o
                0x00000000080003da                HAL_NVIC_SetPriority
 .text.HAL_SYSTICK_Config
                0x0000000008000412       0x18 Drivers/STM32F1xx_HAL_Driver/Src/stm32f1xx_hal_cortex.o
                0x0000000008000412                HAL_SYSTICK_Config
 *fill*         0x000000000800042a        0x2 
 .text.HAL_GPIO_Init
                0x000000000800042c      0x2b4 Drivers/STM32F1xx_HAL_Driver/Src/stm32f1xx_hal_gpio.o
                0x000000000800042c                HAL_GPIO_Init
 .text.HAL_GPIO_WritePin
                0x00000000080006e0       0x30 Drivers/STM32F1xx_HAL_Driver/Src/stm32f1xx_hal_gpio.o
                0x00000000080006e0                HAL_GPIO_WritePin
 .text.HAL_RCC_OscConfig
                0x0000000008000710      0x500 Drivers/STM32F1xx_HAL_Driver/Src/stm32f1xx_hal_rcc.o
                0x0000000008000710                HAL_RCC_OscConfig
 .text.HAL_RCC_ClockConfig
                0x0000000008000c10      0x1d4 Drivers/STM32F1xx_HAL_Driver/Src/stm32f1xx_hal_rcc.o
                0x0000000008000c10                HAL_RCC_ClockConfig
 .text.HAL_RCC_GetSysClockFreq
                0x0000000008000de4       0xc4 Drivers/STM32F1xx_HAL_Driver/Src/stm32f1xx_hal_rcc.o
                0x0000000008000de4                HAL_RCC_GetSysClockFreq
 .text.RCC_Delay
                0x0000000008000ea8       0x3c Drivers/STM32F1xx_HAL_Driver/Src/stm32f1xx_hal_rcc.o
 .text.HAL_SPI_Init
                0x0000000008000ee4       0xc2 Drivers/STM32F1xx_HAL_Driver/Src/stm32f1xx_hal_spi.o
                0x0000000008000ee4                HAL_SPI_Init
 .text.HAL_SPI_TransmitReceive
                0x0000000008000fa6      0x344 Drivers/STM32F1xx_HAL_Driver/Src/stm32f1xx_hal_spi.o
                0x0000000008000fa6                HAL_SPI_TransmitReceive
 .text.SPI_WaitFlagStateUntilTimeout
                0x00000000080012ea       0xd4 Drivers/STM32F1xx_HAL_Driver/Src/stm32f1xx_hal_spi.o
 .text.SPI_EndRxTxTransaction
                0x00000000080013be       0x3c Drivers/STM32F1xx_HAL_Driver/Src/stm32f1xx_hal_spi.o
 .text.ES_enc28j60SpiInit
                0x00000000080013fa       0x16 Src/EtherShield.o
                0x00000000080013fa                ES_enc28j60SpiInit
 .text.ES_enc28j60Init
                0x0000000008001410       0x68 Src/EtherShield.o
                0x0000000008001410                ES_enc28j60Init
 .text.ES_enc28j60Revision
                0x0000000008001478        0xe Src/EtherShield.o
                0x0000000008001478                ES_enc28j60Revision
 .text.ES_enc28j60PacketReceive
                0x0000000008001486       0x20 Src/EtherShield.o
                0x0000000008001486                ES_enc28j60PacketReceive
 .text.ES_packetloop_icmp_tcp
                0x00000000080014a6       0x20 Src/EtherShield.o
                0x00000000080014a6                ES_packetloop_icmp_tcp
 .text.ES_fill_tcp_data
                0x00000000080014c6       0x24 Src/EtherShield.o
                0x00000000080014c6                ES_fill_tcp_data
 .text.ES_www_server_reply
                0x00000000080014ea       0x1e Src/EtherShield.o
                0x00000000080014ea                ES_www_server_reply
 .text.allocateIPAddress
                0x0000000008001508      0x106 Src/EtherShield.o
                0x0000000008001508                allocateIPAddress
 *fill*         0x000000000800160e        0x2 
 .text.addToBuf
                0x0000000008001610       0x28 Src/dhcp.o
 .text.dhcp_state
                0x0000000008001638       0x3c Src/dhcp.o
                0x0000000008001638                dhcp_state
 .text.dhcp_start
                0x0000000008001674       0xe0 Src/dhcp.o
                0x0000000008001674                dhcp_start
 .text.dhcp_request_ip
                0x0000000008001754       0x24 Src/dhcp.o
                0x0000000008001754                dhcp_request_ip
 .text.dhcp_send
                0x0000000008001778      0x258 Src/dhcp.o
                0x0000000008001778                dhcp_send
 .text.check_for_dhcp_answer
                0x00000000080019d0       0x90 Src/dhcp.o
                0x00000000080019d0                check_for_dhcp_answer
 .text.have_dhcpoffer
                0x0000000008001a60      0x104 Src/dhcp.o
                0x0000000008001a60                have_dhcpoffer
 .text.have_dhcpack
                0x0000000008001b64       0x34 Src/dhcp.o
                0x0000000008001b64                have_dhcpack
 .text.dnslkup_set_dnsip
                0x0000000008001b98       0x38 Src/dnslkup.o
                0x0000000008001b98                dnslkup_set_dnsip
 .text.enc28j60_set_spi
                0x0000000008001bd0       0x1c Src/enc28j60.o
                0x0000000008001bd0                enc28j60_set_spi
 .text.ENC28J60_SendByte
                0x0000000008001bec       0x4c Src/enc28j60.o
                0x0000000008001bec                ENC28J60_SendByte
 .text.enc28j60ReadOp
                0x0000000008001c38       0x84 Src/enc28j60.o
                0x0000000008001c38                enc28j60ReadOp
 .text.enc28j60WriteOp
                0x0000000008001cbc       0x70 Src/enc28j60.o
                0x0000000008001cbc                enc28j60WriteOp
 .text.enc28j60ReadBuffer
                0x0000000008001d2c       0x68 Src/enc28j60.o
                0x0000000008001d2c                enc28j60ReadBuffer
 .text.enc28j60ReadBufferWord
                0x0000000008001d94       0x1a Src/enc28j60.o
 *fill*         0x0000000008001dae        0x2 
 .text.enc28j60WriteBuffer
                0x0000000008001db0       0x68 Src/enc28j60.o
                0x0000000008001db0                enc28j60WriteBuffer
 .text.enc28j60SetBank
                0x0000000008001e18       0x4c Src/enc28j60.o
                0x0000000008001e18                enc28j60SetBank
 .text.enc28j60Read
                0x0000000008001e64       0x26 Src/enc28j60.o
                0x0000000008001e64                enc28j60Read
 .text.enc28j60WriteWord
                0x0000000008001e8a       0x3c Src/enc28j60.o
                0x0000000008001e8a                enc28j60WriteWord
 .text.enc28j60PhyReadH
                0x0000000008001ec6       0x4e Src/enc28j60.o
                0x0000000008001ec6                enc28j60PhyReadH
 .text.enc28j60Write
                0x0000000008001f14       0x2c Src/enc28j60.o
                0x0000000008001f14                enc28j60Write
 .text.enc28j60PhyWrite
                0x0000000008001f40       0x56 Src/enc28j60.o
                0x0000000008001f40                enc28j60PhyWrite
 .text.enc28j60clkout
                0x0000000008001f96       0x22 Src/enc28j60.o
                0x0000000008001f96                enc28j60clkout
 .text.enc28j60Init
                0x0000000008001fb8      0x14c Src/enc28j60.o
                0x0000000008001fb8                enc28j60Init
 .text.enc28j60getrev
                0x0000000008002104       0x26 Src/enc28j60.o
                0x0000000008002104                enc28j60getrev
 *fill*         0x000000000800212a        0x2 
 .text.enc28j60EnableBroadcast
                0x000000000800212c       0x28 Src/enc28j60.o
                0x000000000800212c                enc28j60EnableBroadcast
 .text.enc28j60DisableBroadcast
                0x0000000008002154       0x28 Src/enc28j60.o
                0x0000000008002154                enc28j60DisableBroadcast
 .text.enc28j60linkup
                0x000000000800217c       0x18 Src/enc28j60.o
                0x000000000800217c                enc28j60linkup
 .text.enc28j60PacketSend
                0x0000000008002194       0x86 Src/enc28j60.o
                0x0000000008002194                enc28j60PacketSend
 *fill*         0x000000000800221a        0x2 
 .text.enc28j60PacketReceive
                0x000000000800221c       0xc8 Src/enc28j60.o
                0x000000000800221c                enc28j60PacketReceive
 .text.checksum
                0x00000000080022e4       0xa4 Src/ip_arp_udp_tcp.o
                0x00000000080022e4                checksum
 .text.init_ip_arp_udp_tcp
                0x0000000008002388       0x7c Src/ip_arp_udp_tcp.o
                0x0000000008002388                init_ip_arp_udp_tcp
 .text.check_ip_message_is_from
                0x0000000008002404       0x44 Src/ip_arp_udp_tcp.o
                0x0000000008002404                check_ip_message_is_from
 .text.eth_type_is_arp_and_my_ip
                0x0000000008002448       0x68 Src/ip_arp_udp_tcp.o
                0x0000000008002448                eth_type_is_arp_and_my_ip
 .text.eth_type_is_ip_and_my_ip
                0x00000000080024b0       0x78 Src/ip_arp_udp_tcp.o
                0x00000000080024b0                eth_type_is_ip_and_my_ip
 .text.make_eth
                0x0000000008002528       0x50 Src/ip_arp_udp_tcp.o
                0x0000000008002528                make_eth
 .text.fill_ip_hdr_checksum
                0x0000000008002578       0x62 Src/ip_arp_udp_tcp.o
                0x0000000008002578                fill_ip_hdr_checksum
 *fill*         0x00000000080025da        0x2 
 .text.make_ip  0x00000000080025dc       0x58 Src/ip_arp_udp_tcp.o
                0x00000000080025dc                make_ip
 .text.step_seq
                0x0000000008002634       0x7e Src/ip_arp_udp_tcp.o
                0x0000000008002634                step_seq
 .text.make_tcphead
                0x00000000080026b2       0x74 Src/ip_arp_udp_tcp.o
                0x00000000080026b2                make_tcphead
 *fill*         0x0000000008002726        0x2 
 .text.make_arp_answer_from_request
                0x0000000008002728       0xb0 Src/ip_arp_udp_tcp.o
                0x0000000008002728                make_arp_answer_from_request
 .text.make_echo_reply_from_request
                0x00000000080027d8       0x58 Src/ip_arp_udp_tcp.o
                0x00000000080027d8                make_echo_reply_from_request
 .text.make_tcp_synack_from_syn
                0x0000000008002830       0xdc Src/ip_arp_udp_tcp.o
                0x0000000008002830                make_tcp_synack_from_syn
 .text.get_tcp_data_len
                0x000000000800290c       0x56 Src/ip_arp_udp_tcp.o
                0x000000000800290c                get_tcp_data_len
 .text.fill_tcp_data_len
                0x0000000008002962       0x4a Src/ip_arp_udp_tcp.o
                0x0000000008002962                fill_tcp_data_len
 .text.fill_tcp_data
                0x00000000080029ac       0x2c Src/ip_arp_udp_tcp.o
                0x00000000080029ac                fill_tcp_data
 .text.make_tcp_ack_from_any
                0x00000000080029d8       0xbc Src/ip_arp_udp_tcp.o
                0x00000000080029d8                make_tcp_ack_from_any
 .text.make_tcp_ack_with_data_noflags
                0x0000000008002a94       0x86 Src/ip_arp_udp_tcp.o
                0x0000000008002a94                make_tcp_ack_with_data_noflags
 *fill*         0x0000000008002b1a        0x2 
 .text.www_server_reply
                0x0000000008002b1c       0x3c Src/ip_arp_udp_tcp.o
                0x0000000008002b1c                www_server_reply
 .text.fill_buf_p
                0x0000000008002b58       0x3a Src/ip_arp_udp_tcp.o
                0x0000000008002b58                fill_buf_p
 *fill*         0x0000000008002b92        0x2 
 .text.send_udp_prepare
                0x0000000008002b94      0x10c Src/ip_arp_udp_tcp.o
                0x0000000008002b94                send_udp_prepare
 .text.send_udp_transmit
                0x0000000008002ca0       0x90 Src/ip_arp_udp_tcp.o
                0x0000000008002ca0                send_udp_transmit
 .text.client_arp_whohas
                0x0000000008002d30       0xf0 Src/ip_arp_udp_tcp.o
                0x0000000008002d30                client_arp_whohas
 .text.client_store_gw_mac
                0x0000000008002e20       0x6c Src/ip_arp_udp_tcp.o
                0x0000000008002e20                client_store_gw_mac
 .text.client_set_gwip
                0x0000000008002e8c       0x40 Src/ip_arp_udp_tcp.o
                0x0000000008002e8c                client_set_gwip
 .text.client_syn
                0x0000000008002ecc      0x1c0 Src/ip_arp_udp_tcp.o
                0x0000000008002ecc                client_syn
 .text.packetloop_icmp_tcp
                0x000000000800308c      0x4f4 Src/ip_arp_udp_tcp.o
                0x000000000800308c                packetloop_icmp_tcp
 .text.main     0x0000000008003580      0x1e4 Src/main.o
                0x0000000008003580                main
 .text.SystemClock_Config
                0x0000000008003764       0x8a Src/main.o
                0x0000000008003764                SystemClock_Config
 *fill*         0x00000000080037ee        0x2 
 .text.MX_SPI1_Init
                0x00000000080037f0       0x6c Src/main.o
 .text.MX_GPIO_Init
                0x000000000800385c      0x108 Src/main.o
 .text.http200ok
                0x0000000008003964       0x20 Src/main.o
                0x0000000008003964                http200ok
 .text.print_webpage
                0x0000000008003984       0xf8 Src/main.o
                0x0000000008003984                print_webpage
 .text.print_webpage2
                0x0000000008003a7c       0xa8 Src/main.o
                0x0000000008003a7c                print_webpage2
 .text.ES_PingCallback
                0x0000000008003b24        0xc Src/main.o
                0x0000000008003b24                ES_PingCallback
 .text.Error_Handler
                0x0000000008003b30        0xc Src/main.o
                0x0000000008003b30                Error_Handler
 .text.HAL_MspInit
                0x0000000008003b3c       0x64 Src/stm32f1xx_hal_msp.o
                0x0000000008003b3c                HAL_MspInit
 .text.HAL_SPI_MspInit
                0x0000000008003ba0       0x94 Src/stm32f1xx_hal_msp.o
                0x0000000008003ba0                HAL_SPI_MspInit
 .text.NMI_Handler
                0x0000000008003c34        0xc Src/stm32f1xx_it.o
                0x0000000008003c34                NMI_Handler
 .text.HardFault_Handler
                0x0000000008003c40        0x6 Src/stm32f1xx_it.o
                0x0000000008003c40                HardFault_Handler
 .text.MemManage_Handler
                0x0000000008003c46        0x6 Src/stm32f1xx_it.o
                0x0000000008003c46                MemManage_Handler
 .text.BusFault_Handler
                0x0000000008003c4c        0x6 Src/stm32f1xx_it.o
                0x0000000008003c4c                BusFault_Handler
 .text.UsageFault_Handler
                0x0000000008003c52        0x6 Src/stm32f1xx_it.o
                0x0000000008003c52                UsageFault_Handler
 .text.SVC_Handler
                0x0000000008003c58        0xc Src/stm32f1xx_it.o
                0x0000000008003c58                SVC_Handler
 .text.DebugMon_Handler
                0x0000000008003c64        0xc Src/stm32f1xx_it.o
                0x0000000008003c64                DebugMon_Handler
 .text.PendSV_Handler
                0x0000000008003c70        0xc Src/stm32f1xx_it.o
                0x0000000008003c70                PendSV_Handler
 .text.SysTick_Handler
                0x0000000008003c7c        0xc Src/stm32f1xx_it.o
                0x0000000008003c7c                SysTick_Handler
 .text._sbrk    0x0000000008003c88       0x58 Src/sysmem.o
                0x0000000008003c88                _sbrk
 .text.SystemInit
                0x0000000008003ce0       0x68 Src/system_stm32f1xx.o
                0x0000000008003ce0                SystemInit
 .text.Reset_Handler
                0x0000000008003d48       0x48 Startup/startup_stm32f103c8tx.o
                0x0000000008003d48                Reset_Handler
 .text.Default_Handler
                0x0000000008003d90        0x2 Startup/startup_stm32f103c8tx.o
                0x0000000008003d90                RTC_Alarm_IRQHandler
                0x0000000008003d90                EXTI2_IRQHandler
                0x0000000008003d90                TIM1_CC_IRQHandler
                0x0000000008003d90                PVD_IRQHandler
                0x0000000008003d90                EXTI3_IRQHandler
                0x0000000008003d90                EXTI0_IRQHandler
                0x0000000008003d90                I2C2_EV_IRQHandler
                0x0000000008003d90                ADC1_2_IRQHandler
                0x0000000008003d90                SPI1_IRQHandler
                0x0000000008003d90                TAMPER_IRQHandler
                0x0000000008003d90                DMA1_Channel4_IRQHandler
                0x0000000008003d90                USART3_IRQHandler
                0x0000000008003d90                RTC_IRQHandler
                0x0000000008003d90                DMA1_Channel7_IRQHandler
                0x0000000008003d90                CAN1_RX1_IRQHandler
                0x0000000008003d90                TIM4_IRQHandler
                0x0000000008003d90                I2C1_EV_IRQHandler
                0x0000000008003d90                DMA1_Channel6_IRQHandler
                0x0000000008003d90                TIM3_IRQHandler
                0x0000000008003d90                RCC_IRQHandler
                0x0000000008003d90                TIM1_TRG_COM_IRQHandler
                0x0000000008003d90                DMA1_Channel1_IRQHandler
                0x0000000008003d90                Default_Handler
                0x0000000008003d90                EXTI15_10_IRQHandler
                0x0000000008003d90                EXTI9_5_IRQHandler
                0x0000000008003d90                SPI2_IRQHandler
                0x0000000008003d90                DMA1_Channel5_IRQHandler
                0x0000000008003d90                EXTI4_IRQHandler
                0x0000000008003d90                USB_LP_CAN1_RX0_IRQHandler
                0x0000000008003d90                USB_HP_CAN1_TX_IRQHandler
                0x0000000008003d90                DMA1_Channel3_IRQHandler
                0x0000000008003d90                TIM1_UP_IRQHandler
                0x0000000008003d90                WWDG_IRQHandler
                0x0000000008003d90                TIM2_IRQHandler
                0x0000000008003d90                TIM1_BRK_IRQHandler
                0x0000000008003d90                EXTI1_IRQHandler
                0x0000000008003d90                USART2_IRQHandler
                0x0000000008003d90                I2C2_ER_IRQHandler
                0x0000000008003d90                DMA1_Channel2_IRQHandler
                0x0000000008003d90                CAN1_SCE_IRQHandler
                0x0000000008003d90                FLASH_IRQHandler
                0x0000000008003d90                USART1_IRQHandler
                0x0000000008003d90                I2C1_ER_IRQHandler
                0x0000000008003d90                USBWakeUp_IRQHandler
 *fill*         0x0000000008003d92        0x2 
 .text.__errno  0x0000000008003d94        0xc /opt/st/stm32cubeide_1.0.2/plugins/com.st.stm32cube.ide.mcu.externaltools.gnu-tools-for-stm32.7-2018-q2-update.linux64_1.0.0.201904181610/tools/bin/../lib/gcc/arm-none-eabi/7.3.1/../../../../arm-none-eabi/lib/thumb/v7-m/libc_nano.a(lib_a-errno.o)
                0x0000000008003d94                __errno
 .text.__libc_init_array
                0x0000000008003da0       0x48 /opt/st/stm32cubeide_1.0.2/plugins/com.st.stm32cube.ide.mcu.externaltools.gnu-tools-for-stm32.7-2018-q2-update.linux64_1.0.0.201904181610/tools/bin/../lib/gcc/arm-none-eabi/7.3.1/../../../../arm-none-eabi/lib/thumb/v7-m/libc_nano.a(lib_a-init.o)
                0x0000000008003da0                __libc_init_array
 .text.memcmp   0x0000000008003de8       0x1e /opt/st/stm32cubeide_1.0.2/plugins/com.st.stm32cube.ide.mcu.externaltools.gnu-tools-for-stm32.7-2018-q2-update.linux64_1.0.0.201904181610/tools/bin/../lib/gcc/arm-none-eabi/7.3.1/../../../../arm-none-eabi/lib/thumb/v7-m/libc_nano.a(lib_a-memcmp.o)
                0x0000000008003de8                memcmp
 .text.memcpy   0x0000000008003e06       0x16 /opt/st/stm32cubeide_1.0.2/plugins/com.st.stm32cube.ide.mcu.externaltools.gnu-tools-for-stm32.7-2018-q2-update.linux64_1.0.0.201904181610/tools/bin/../lib/gcc/arm-none-eabi/7.3.1/../../../../arm-none-eabi/lib/thumb/v7-m/libc_nano.a(lib_a-memcpy-stub.o)
                0x0000000008003e06                memcpy
 .text.memset   0x0000000008003e1c       0x10 /opt/st/stm32cubeide_1.0.2/plugins/com.st.stm32cube.ide.mcu.externaltools.gnu-tools-for-stm32.7-2018-q2-update.linux64_1.0.0.201904181610/tools/bin/../lib/gcc/arm-none-eabi/7.3.1/../../../../arm-none-eabi/lib/thumb/v7-m/libc_nano.a(lib_a-memset.o)
                0x0000000008003e1c                memset
 .text.srand    0x0000000008003e2c       0x48 /opt/st/stm32cubeide_1.0.2/plugins/com.st.stm32cube.ide.mcu.externaltools.gnu-tools-for-stm32.7-2018-q2-update.linux64_1.0.0.201904181610/tools/bin/../lib/gcc/arm-none-eabi/7.3.1/../../../../arm-none-eabi/lib/thumb/v7-m/libc_nano.a(lib_a-rand.o)
                0x0000000008003e2c                srand
 .text.rand     0x0000000008003e74       0x68 /opt/st/stm32cubeide_1.0.2/plugins/com.st.stm32cube.ide.mcu.externaltools.gnu-tools-for-stm32.7-2018-q2-update.linux64_1.0.0.201904181610/tools/bin/../lib/gcc/arm-none-eabi/7.3.1/../../../../arm-none-eabi/lib/thumb/v7-m/libc_nano.a(lib_a-rand.o)
                0x0000000008003e74                rand
 .text.sprintf  0x0000000008003edc       0x40 /opt/st/stm32cubeide_1.0.2/plugins/com.st.stm32cube.ide.mcu.externaltools.gnu-tools-for-stm32.7-2018-q2-update.linux64_1.0.0.201904181610/tools/bin/../lib/gcc/arm-none-eabi/7.3.1/../../../../arm-none-eabi/lib/thumb/v7-m/libc_nano.a(lib_a-sprintf.o)
                0x0000000008003edc                sprintf
                0x0000000008003edc                siprintf
 .text.strncmp  0x0000000008003f1c       0x24 /opt/st/stm32cubeide_1.0.2/plugins/com.st.stm32cube.ide.mcu.externaltools.gnu-tools-for-stm32.7-2018-q2-update.linux64_1.0.0.201904181610/tools/bin/../lib/gcc/arm-none-eabi/7.3.1/../../../../arm-none-eabi/lib/thumb/v7-m/libc_nano.a(lib_a-strncmp.o)
                0x0000000008003f1c                strncmp
 .text.malloc   0x0000000008003f40       0x10 /opt/st/stm32cubeide_1.0.2/plugins/com.st.stm32cube.ide.mcu.externaltools.gnu-tools-for-stm32.7-2018-q2-update.linux64_1.0.0.201904181610/tools/bin/../lib/gcc/arm-none-eabi/7.3.1/../../../../arm-none-eabi/lib/thumb/v7-m/libc_nano.a(lib_a-malloc.o)
                0x0000000008003f40                malloc
 .text._free_r  0x0000000008003f50       0x98 /opt/st/stm32cubeide_1.0.2/plugins/com.st.stm32cube.ide.mcu.externaltools.gnu-tools-for-stm32.7-2018-q2-update.linux64_1.0.0.201904181610/tools/bin/../lib/gcc/arm-none-eabi/7.3.1/../../../../arm-none-eabi/lib/thumb/v7-m/libc_nano.a(lib_a-nano-freer.o)
                0x0000000008003f50                _free_r
 .text._malloc_r
                0x0000000008003fe8       0xb4 /opt/st/stm32cubeide_1.0.2/plugins/com.st.stm32cube.ide.mcu.externaltools.gnu-tools-for-stm32.7-2018-q2-update.linux64_1.0.0.201904181610/tools/bin/../lib/gcc/arm-none-eabi/7.3.1/../../../../arm-none-eabi/lib/thumb/v7-m/libc_nano.a(lib_a-nano-mallocr.o)
                0x0000000008003fe8                _malloc_r
 .text.__ssputs_r
                0x000000000800409c       0xb4 /opt/st/stm32cubeide_1.0.2/plugins/com.st.stm32cube.ide.mcu.externaltools.gnu-tools-for-stm32.7-2018-q2-update.linux64_1.0.0.201904181610/tools/bin/../lib/gcc/arm-none-eabi/7.3.1/../../../../arm-none-eabi/lib/thumb/v7-m/libc_nano.a(lib_a-nano-svfprintf.o)
                0x000000000800409c                __ssputs_r
 .text._svfprintf_r
                0x0000000008004150      0x1f0 /opt/st/stm32cubeide_1.0.2/plugins/com.st.stm32cube.ide.mcu.externaltools.gnu-tools-for-stm32.7-2018-q2-update.linux64_1.0.0.201904181610/tools/bin/../lib/gcc/arm-none-eabi/7.3.1/../../../../arm-none-eabi/lib/thumb/v7-m/libc_nano.a(lib_a-nano-svfprintf.o)
                0x0000000008004150                _svfprintf_r
                0x0000000008004150                _svfiprintf_r
 .text._printf_common
                0x0000000008004340       0xec /opt/st/stm32cubeide_1.0.2/plugins/com.st.stm32cube.ide.mcu.externaltools.gnu-tools-for-stm32.7-2018-q2-update.linux64_1.0.0.201904181610/tools/bin/../lib/gcc/arm-none-eabi/7.3.1/../../../../arm-none-eabi/lib/thumb/v7-m/libc_nano.a(lib_a-nano-vfprintf_i.o)
                0x0000000008004340                _printf_common
 .text._printf_i
                0x000000000800442c      0x224 /opt/st/stm32cubeide_1.0.2/plugins/com.st.stm32cube.ide.mcu.externaltools.gnu-tools-for-stm32.7-2018-q2-update.linux64_1.0.0.201904181610/tools/bin/../lib/gcc/arm-none-eabi/7.3.1/../../../../arm-none-eabi/lib/thumb/v7-m/libc_nano.a(lib_a-nano-vfprintf_i.o)
                0x000000000800442c                _printf_i
 .text._sbrk_r  0x0000000008004650       0x20 /opt/st/stm32cubeide_1.0.2/plugins/com.st.stm32cube.ide.mcu.externaltools.gnu-tools-for-stm32.7-2018-q2-update.linux64_1.0.0.201904181610/tools/bin/../lib/gcc/arm-none-eabi/7.3.1/../../../../arm-none-eabi/lib/thumb/v7-m/libc_nano.a(lib_a-sbrkr.o)
                0x0000000008004650                _sbrk_r
 .text.memchr   0x0000000008004670       0x1c /opt/st/stm32cubeide_1.0.2/plugins/com.st.stm32cube.ide.mcu.externaltools.gnu-tools-for-stm32.7-2018-q2-update.linux64_1.0.0.201904181610/tools/bin/../lib/gcc/arm-none-eabi/7.3.1/../../../../arm-none-eabi/lib/thumb/v7-m/libc_nano.a(lib_a-memchr-stub.o)
                0x0000000008004670                memchr
 .text.memmove  0x000000000800468c       0x32 /opt/st/stm32cubeide_1.0.2/plugins/com.st.stm32cube.ide.mcu.externaltools.gnu-tools-for-stm32.7-2018-q2-update.linux64_1.0.0.201904181610/tools/bin/../lib/gcc/arm-none-eabi/7.3.1/../../../../arm-none-eabi/lib/thumb/v7-m/libc_nano.a(lib_a-memmove.o)
                0x000000000800468c                memmove
 .text.__malloc_lock
                0x00000000080046be        0x2 /opt/st/stm32cubeide_1.0.2/plugins/com.st.stm32cube.ide.mcu.externaltools.gnu-tools-for-stm32.7-2018-q2-update.linux64_1.0.0.201904181610/tools/bin/../lib/gcc/arm-none-eabi/7.3.1/../../../../arm-none-eabi/lib/thumb/v7-m/libc_nano.a(lib_a-mlock.o)
                0x00000000080046be                __malloc_lock
 .text.__malloc_unlock
                0x00000000080046c0        0x2 /opt/st/stm32cubeide_1.0.2/plugins/com.st.stm32cube.ide.mcu.externaltools.gnu-tools-for-stm32.7-2018-q2-update.linux64_1.0.0.201904181610/tools/bin/../lib/gcc/arm-none-eabi/7.3.1/../../../../arm-none-eabi/lib/thumb/v7-m/libc_nano.a(lib_a-mlock.o)
                0x00000000080046c0                __malloc_unlock
 .text._realloc_r
                0x00000000080046c2       0x4c /opt/st/stm32cubeide_1.0.2/plugins/com.st.stm32cube.ide.mcu.externaltools.gnu-tools-for-stm32.7-2018-q2-update.linux64_1.0.0.201904181610/tools/bin/../lib/gcc/arm-none-eabi/7.3.1/../../../../arm-none-eabi/lib/thumb/v7-m/libc_nano.a(lib_a-nano-reallocr.o)
                0x00000000080046c2                _realloc_r
 .text._malloc_usable_size_r
                0x000000000800470e       0x10 /opt/st/stm32cubeide_1.0.2/plugins/com.st.stm32cube.ide.mcu.externaltools.gnu-tools-for-stm32.7-2018-q2-update.linux64_1.0.0.201904181610/tools/bin/../lib/gcc/arm-none-eabi/7.3.1/../../../../arm-none-eabi/lib/thumb/v7-m/libc_nano.a(lib_a-nano-msizer.o)
                0x000000000800470e                _malloc_usable_size_r
 *(.glue_7)
 .glue_7        0x000000000800471e        0x0 linker stubs
 *(.glue_7t)
 .glue_7t       0x000000000800471e        0x0 linker stubs
 *(.eh_frame)
 *fill*         0x000000000800471e        0x2 
 .eh_frame      0x0000000008004720        0x0 /opt/st/stm32cubeide_1.0.2/plugins/com.st.stm32cube.ide.mcu.externaltools.gnu-tools-for-stm32.7-2018-q2-update.linux64_1.0.0.201904181610/tools/bin/../lib/gcc/arm-none-eabi/7.3.1/thumb/v7-m/crtbegin.o
 *(.init)
 .init          0x0000000008004720        0x4 /opt/st/stm32cubeide_1.0.2/plugins/com.st.stm32cube.ide.mcu.externaltools.gnu-tools-for-stm32.7-2018-q2-update.linux64_1.0.0.201904181610/tools/bin/../lib/gcc/arm-none-eabi/7.3.1/thumb/v7-m/crti.o
                0x0000000008004720                _init
 .init          0x0000000008004724        0x8 /opt/st/stm32cubeide_1.0.2/plugins/com.st.stm32cube.ide.mcu.externaltools.gnu-tools-for-stm32.7-2018-q2-update.linux64_1.0.0.201904181610/tools/bin/../lib/gcc/arm-none-eabi/7.3.1/thumb/v7-m/crtn.o
 *(.fini)
 .fini          0x000000000800472c        0x4 /opt/st/stm32cubeide_1.0.2/plugins/com.st.stm32cube.ide.mcu.externaltools.gnu-tools-for-stm32.7-2018-q2-update.linux64_1.0.0.201904181610/tools/bin/../lib/gcc/arm-none-eabi/7.3.1/thumb/v7-m/crti.o
                0x000000000800472c                _fini
 .fini          0x0000000008004730        0x8 /opt/st/stm32cubeide_1.0.2/plugins/com.st.stm32cube.ide.mcu.externaltools.gnu-tools-for-stm32.7-2018-q2-update.linux64_1.0.0.201904181610/tools/bin/../lib/gcc/arm-none-eabi/7.3.1/thumb/v7-m/crtn.o
                0x0000000008004738                . = ALIGN (0x4)
                0x0000000008004738                _etext = .

.vfp11_veneer   0x0000000008004738        0x0
 .vfp11_veneer  0x0000000008004738        0x0 linker stubs

.v4_bx          0x0000000008004738        0x0
 .v4_bx         0x0000000008004738        0x0 linker stubs

.iplt           0x0000000008004738        0x0
 .iplt          0x0000000008004738        0x0 /opt/st/stm32cubeide_1.0.2/plugins/com.st.stm32cube.ide.mcu.externaltools.gnu-tools-for-stm32.7-2018-q2-update.linux64_1.0.0.201904181610/tools/bin/../lib/gcc/arm-none-eabi/7.3.1/thumb/v7-m/crtbegin.o

.rodata         0x0000000008004738      0x338
                0x0000000008004738                . = ALIGN (0x4)
 *(.rodata)
 .rodata        0x0000000008004738       0x12 Drivers/STM32F1xx_HAL_Driver/Src/stm32f1xx_hal_rcc.o
 *fill*         0x000000000800474a        0x2 
 .rodata        0x000000000800474c      0x2cc Src/main.o
 *(.rodata*)
 .rodata.arpreqhdr
                0x0000000008004a18        0x8 Src/ip_arp_udp_tcp.o
                0x0000000008004a18                arpreqhdr
 .rodata.iphdr  0x0000000008004a20        0x9 Src/ip_arp_udp_tcp.o
                0x0000000008004a20                iphdr
 *fill*         0x0000000008004a29        0x3 
 .rodata.AHBPrescTable
                0x0000000008004a2c       0x10 Src/system_stm32f1xx.o
                0x0000000008004a2c                AHBPrescTable
 .rodata._svfprintf_r.str1.1
                0x0000000008004a3c       0x11 /opt/st/stm32cubeide_1.0.2/plugins/com.st.stm32cube.ide.mcu.externaltools.gnu-tools-for-stm32.7-2018-q2-update.linux64_1.0.0.201904181610/tools/bin/../lib/gcc/arm-none-eabi/7.3.1/../../../../arm-none-eabi/lib/thumb/v7-m/libc_nano.a(lib_a-nano-svfprintf.o)
 .rodata._printf_i.str1.1
                0x0000000008004a4d       0x22 /opt/st/stm32cubeide_1.0.2/plugins/com.st.stm32cube.ide.mcu.externaltools.gnu-tools-for-stm32.7-2018-q2-update.linux64_1.0.0.201904181610/tools/bin/../lib/gcc/arm-none-eabi/7.3.1/../../../../arm-none-eabi/lib/thumb/v7-m/libc_nano.a(lib_a-nano-vfprintf_i.o)
                0x0000000008004a70                . = ALIGN (0x4)
 *fill*         0x0000000008004a6f        0x1 

.rel.dyn        0x0000000008004a70        0x0
 .rel.iplt      0x0000000008004a70        0x0 /opt/st/stm32cubeide_1.0.2/plugins/com.st.stm32cube.ide.mcu.externaltools.gnu-tools-for-stm32.7-2018-q2-update.linux64_1.0.0.201904181610/tools/bin/../lib/gcc/arm-none-eabi/7.3.1/thumb/v7-m/crtbegin.o

.ARM.extab      0x0000000008004a70        0x0
                0x0000000008004a70                . = ALIGN (0x4)
 *(.ARM.extab* .gnu.linkonce.armextab.*)
                0x0000000008004a70                . = ALIGN (0x4)

.ARM            0x0000000008004a70        0x0
                0x0000000008004a70                . = ALIGN (0x4)
                0x0000000008004a70                __exidx_start = .
 *(.ARM.exidx*)
                0x0000000008004a70                __exidx_end = .
                0x0000000008004a70                . = ALIGN (0x4)

.preinit_array  0x0000000008004a70        0x0
                0x0000000008004a70                . = ALIGN (0x4)
                0x0000000008004a70                PROVIDE (__preinit_array_start = .)
 *(.preinit_array*)
                0x0000000008004a70                PROVIDE (__preinit_array_end = .)
                0x0000000008004a70                . = ALIGN (0x4)

.init_array     0x0000000008004a70        0x4
                0x0000000008004a70                . = ALIGN (0x4)
                0x0000000008004a70                PROVIDE (__init_array_start = .)
 *(SORT_BY_NAME(.init_array.*))
 *(.init_array*)
 .init_array    0x0000000008004a70        0x4 /opt/st/stm32cubeide_1.0.2/plugins/com.st.stm32cube.ide.mcu.externaltools.gnu-tools-for-stm32.7-2018-q2-update.linux64_1.0.0.201904181610/tools/bin/../lib/gcc/arm-none-eabi/7.3.1/thumb/v7-m/crtbegin.o
                0x0000000008004a74                PROVIDE (__init_array_end = .)
                0x0000000008004a74                . = ALIGN (0x4)

.fini_array     0x0000000008004a74        0x4
                0x0000000008004a74                . = ALIGN (0x4)
                [!provide]                        PROVIDE (__fini_array_start = .)
 *(SORT_BY_NAME(.fini_array.*))
 *(.fini_array*)
 .fini_array    0x0000000008004a74        0x4 /opt/st/stm32cubeide_1.0.2/plugins/com.st.stm32cube.ide.mcu.externaltools.gnu-tools-for-stm32.7-2018-q2-update.linux64_1.0.0.201904181610/tools/bin/../lib/gcc/arm-none-eabi/7.3.1/thumb/v7-m/crtbegin.o
                [!provide]                        PROVIDE (__fini_array_end = .)
                0x0000000008004a78                . = ALIGN (0x4)
                0x0000000008004a78                _sidata = LOADADDR (.data)

.data           0x0000000020000000       0x94 load address 0x0000000008004a78
                0x0000000020000000                . = ALIGN (0x4)
                0x0000000020000000                _sdata = .
 *(.data)
 *(.data*)
 .data.uwTickPrio
                0x0000000020000000        0x4 Drivers/STM32F1xx_HAL_Driver/Src/stm32f1xx_hal.o
                0x0000000020000000                uwTickPrio
 .data.uwTickFreq
                0x0000000020000004        0x1 Drivers/STM32F1xx_HAL_Driver/Src/stm32f1xx_hal.o
                0x0000000020000004                uwTickFreq
 *fill*         0x0000000020000005        0x3 
 .data.hostname
                0x0000000020000008        0xb Src/dhcp.o
 *fill*         0x0000000020000013        0x1 
 .data.dnsip    0x0000000020000014        0x4 Src/dnslkup.o
                0x0000000020000014                dnsip
 .data.wwwport_l
                0x0000000020000018        0x1 Src/ip_arp_udp_tcp.o
 .data.tcpclient_src_port_l
                0x0000000020000019        0x1 Src/ip_arp_udp_tcp.o
 .data.delaycnt
                0x000000002000001a        0x2 Src/ip_arp_udp_tcp.o
 .data.waitgwmac
                0x000000002000001c        0x1 Src/ip_arp_udp_tcp.o
 .data.seqnum   0x000000002000001d        0x1 Src/ip_arp_udp_tcp.o
 *fill*         0x000000002000001e        0x2 
 .data.mymac    0x0000000020000020        0x6 Src/main.o
 *fill*         0x0000000020000026        0x2 
 .data.gwip     0x0000000020000028        0x4 Src/main.o
 .data.SystemCoreClock
                0x000000002000002c        0x4 Src/system_stm32f1xx.o
                0x000000002000002c                SystemCoreClock
 .data._impure_ptr
                0x0000000020000030        0x4 /opt/st/stm32cubeide_1.0.2/plugins/com.st.stm32cube.ide.mcu.externaltools.gnu-tools-for-stm32.7-2018-q2-update.linux64_1.0.0.201904181610/tools/bin/../lib/gcc/arm-none-eabi/7.3.1/../../../../arm-none-eabi/lib/thumb/v7-m/libc_nano.a(lib_a-impure.o)
                0x0000000020000030                _impure_ptr
 .data.impure_data
                0x0000000020000034       0x60 /opt/st/stm32cubeide_1.0.2/plugins/com.st.stm32cube.ide.mcu.externaltools.gnu-tools-for-stm32.7-2018-q2-update.linux64_1.0.0.201904181610/tools/bin/../lib/gcc/arm-none-eabi/7.3.1/../../../../arm-none-eabi/lib/thumb/v7-m/libc_nano.a(lib_a-impure.o)
                0x0000000020000094                . = ALIGN (0x4)
                0x0000000020000094                _edata = .

.igot.plt       0x0000000020000094        0x0 load address 0x0000000008004b0c
 .igot.plt      0x0000000020000094        0x0 /opt/st/stm32cubeide_1.0.2/plugins/com.st.stm32cube.ide.mcu.externaltools.gnu-tools-for-stm32.7-2018-q2-update.linux64_1.0.0.201904181610/tools/bin/../lib/gcc/arm-none-eabi/7.3.1/thumb/v7-m/crtbegin.o
                0x0000000020000094                . = ALIGN (0x4)

.bss            0x0000000020000094      0x33c load address 0x0000000008004b0c
                0x0000000020000094                _sbss = .
                0x0000000020000094                __bss_start__ = _sbss
 *(.bss)
 .bss           0x0000000020000094       0x1c /opt/st/stm32cubeide_1.0.2/plugins/com.st.stm32cube.ide.mcu.externaltools.gnu-tools-for-stm32.7-2018-q2-update.linux64_1.0.0.201904181610/tools/bin/../lib/gcc/arm-none-eabi/7.3.1/thumb/v7-m/crtbegin.o
 *(.bss*)
 .bss.dhcptid_l
                0x00000000200000b0        0x1 Src/dhcp.o
 .bss.dhcpState
                0x00000000200000b1        0x1 Src/dhcp.o
 *fill*         0x00000000200000b2        0x2 
 .bss.macaddr   0x00000000200000b4        0x4 Src/dhcp.o
 .bss.haveDhcpAnswer
                0x00000000200000b8        0x1 Src/dhcp.o
 .bss.dhcp_ansError
                0x00000000200000b9        0x1 Src/dhcp.o
 *fill*         0x00000000200000ba        0x2 
 .bss.currentXid
                0x00000000200000bc        0x4 Src/dhcp.o
                0x00000000200000bc                currentXid
 .bss.currentSecs
                0x00000000200000c0        0x2 Src/dhcp.o
                0x00000000200000c0                currentSecs
 *fill*         0x00000000200000c2        0x2 
 .bss.leaseStart
                0x00000000200000c4        0x4 Src/dhcp.o
 .bss.leaseTime
                0x00000000200000c8        0x4 Src/dhcp.o
 .bss.bufPtr    0x00000000200000cc        0x4 Src/dhcp.o
 .bss.Enc28j60Bank
                0x00000000200000d0        0x1 Src/enc28j60.o
 *fill*         0x00000000200000d1        0x1 
 .bss.gNextPacketPtr
                0x00000000200000d2        0x2 Src/enc28j60.o
 .bss.erxfcon   0x00000000200000d4        0x1 Src/enc28j60.o
 *fill*         0x00000000200000d5        0x3 
 .bss.hspi      0x00000000200000d8        0x4 Src/enc28j60.o
 .bss.wwwport_h
                0x00000000200000dc        0x1 Src/ip_arp_udp_tcp.o
 .bss.tcp_fd    0x00000000200000dd        0x1 Src/ip_arp_udp_tcp.o
 .bss.tcp_client_state
                0x00000000200000de        0x1 Src/ip_arp_udp_tcp.o
 .bss.tcp_client_port_h
                0x00000000200000df        0x1 Src/ip_arp_udp_tcp.o
 .bss.tcp_client_port_l
                0x00000000200000e0        0x1 Src/ip_arp_udp_tcp.o
 *fill*         0x00000000200000e1        0x3 
 .bss.client_tcp_result_callback
                0x00000000200000e4        0x4 Src/ip_arp_udp_tcp.o
 .bss.client_tcp_datafill_callback
                0x00000000200000e8        0x4 Src/ip_arp_udp_tcp.o
 .bss.bufptr    0x00000000200000ec        0x4 Src/ip_arp_udp_tcp.o
 .bss.icmp_callback
                0x00000000200000f0        0x4 Src/ip_arp_udp_tcp.o
 .bss.gwip      0x00000000200000f4        0x4 Src/ip_arp_udp_tcp.o
 .bss.gwmacaddr
                0x00000000200000f8        0x6 Src/ip_arp_udp_tcp.o
 *fill*         0x00000000200000fe        0x2 
 .bss.tcpsrvip  0x0000000020000100        0x4 Src/ip_arp_udp_tcp.o
 .bss.ipaddr    0x0000000020000104        0x4 Src/ip_arp_udp_tcp.o
 .bss.info_data_len
                0x0000000020000108        0x2 Src/ip_arp_udp_tcp.o
 *fill*         0x000000002000010a        0x2 
 .bss.buf       0x000000002000010c      0x227 Src/main.o
 *fill*         0x0000000020000333        0x1 
 .bss.myip      0x0000000020000334        0x4 Src/main.o
 .bss.mynetmask
                0x0000000020000338        0x4 Src/main.o
 .bss.dnsip     0x000000002000033c        0x4 Src/main.o
 .bss.dhcpsvrip
                0x0000000020000340        0x4 Src/main.o
 .bss.heap_end.5149
                0x0000000020000344        0x4 Src/sysmem.o
 .bss.__malloc_free_list
                0x0000000020000348        0x4 /opt/st/stm32cubeide_1.0.2/plugins/com.st.stm32cube.ide.mcu.externaltools.gnu-tools-for-stm32.7-2018-q2-update.linux64_1.0.0.201904181610/tools/bin/../lib/gcc/arm-none-eabi/7.3.1/../../../../arm-none-eabi/lib/thumb/v7-m/libc_nano.a(lib_a-nano-mallocr.o)
                0x0000000020000348                __malloc_free_list
 .bss.__malloc_sbrk_start
                0x000000002000034c        0x4 /opt/st/stm32cubeide_1.0.2/plugins/com.st.stm32cube.ide.mcu.externaltools.gnu-tools-for-stm32.7-2018-q2-update.linux64_1.0.0.201904181610/tools/bin/../lib/gcc/arm-none-eabi/7.3.1/../../../../arm-none-eabi/lib/thumb/v7-m/libc_nano.a(lib_a-nano-mallocr.o)
                0x000000002000034c                __malloc_sbrk_start
 *(COMMON)
 COMMON         0x0000000020000350        0x4 Drivers/STM32F1xx_HAL_Driver/Src/stm32f1xx_hal.o
                0x0000000020000350                uwTick
 COMMON         0x0000000020000354       0x14 Src/dhcp.o
                0x0000000020000354                dnsserver
                0x0000000020000358                dhcpip
                0x000000002000035c                dhcpserver
                0x0000000020000360                gwaddr
                0x0000000020000364                dhcpmask
 COMMON         0x0000000020000368        0x6 Src/ip_arp_udp_tcp.o
                0x0000000020000368                macaddr
 *fill*         0x000000002000036e        0x2 
 COMMON         0x0000000020000370       0x5c Src/main.o
                0x0000000020000370                plen
                0x0000000020000372                dat_p
                0x0000000020000374                hspi1
 COMMON         0x00000000200003cc        0x4 /opt/st/stm32cubeide_1.0.2/plugins/com.st.stm32cube.ide.mcu.externaltools.gnu-tools-for-stm32.7-2018-q2-update.linux64_1.0.0.201904181610/tools/bin/../lib/gcc/arm-none-eabi/7.3.1/../../../../arm-none-eabi/lib/thumb/v7-m/libc_nano.a(lib_a-reent.o)
                0x00000000200003cc                errno
                0x00000000200003d0                . = ALIGN (0x4)
                0x00000000200003d0                _ebss = .
                0x00000000200003d0                __bss_end__ = _ebss

._user_heap_stack
                0x00000000200003d0      0x600 load address 0x0000000008004b0c
                0x00000000200003d0                . = ALIGN (0x8)
                0x00000000200003d0                PROVIDE (end = .)
                [!provide]                        PROVIDE (_end = .)
                0x00000000200005d0                . = (. + _Min_Heap_Size)
 *fill*         0x00000000200003d0      0x200 
                0x00000000200009d0                . = (. + _Min_Stack_Size)
 *fill*         0x00000000200005d0      0x400 
                0x00000000200009d0                . = ALIGN (0x8)

/DISCARD/
 libc.a(*)
 libm.a(*)
 libgcc.a(*)

.ARM.attributes
                0x0000000000000000       0x29
 *(.ARM.attributes)
 .ARM.attributes
                0x0000000000000000       0x1d /opt/st/stm32cubeide_1.0.2/plugins/com.st.stm32cube.ide.mcu.externaltools.gnu-tools-for-stm32.7-2018-q2-update.linux64_1.0.0.201904181610/tools/bin/../lib/gcc/arm-none-eabi/7.3.1/thumb/v7-m/crti.o
 .ARM.attributes
                0x000000000000001d       0x2d /opt/st/stm32cubeide_1.0.2/plugins/com.st.stm32cube.ide.mcu.externaltools.gnu-tools-for-stm32.7-2018-q2-update.linux64_1.0.0.201904181610/tools/bin/../lib/gcc/arm-none-eabi/7.3.1/thumb/v7-m/crtbegin.o
 .ARM.attributes
                0x000000000000004a       0x33 Drivers/STM32F1xx_HAL_Driver/Src/stm32f1xx_hal.o
 .ARM.attributes
                0x000000000000007d       0x33 Drivers/STM32F1xx_HAL_Driver/Src/stm32f1xx_hal_cortex.o
 .ARM.attributes
                0x00000000000000b0       0x33 Drivers/STM32F1xx_HAL_Driver/Src/stm32f1xx_hal_gpio.o
 .ARM.attributes
                0x00000000000000e3       0x33 Drivers/STM32F1xx_HAL_Driver/Src/stm32f1xx_hal_rcc.o
 .ARM.attributes
                0x0000000000000116       0x33 Drivers/STM32F1xx_HAL_Driver/Src/stm32f1xx_hal_spi.o
 .ARM.attributes
                0x0000000000000149       0x33 Src/EtherShield.o
 .ARM.attributes
                0x000000000000017c       0x33 Src/dhcp.o
 .ARM.attributes
                0x00000000000001af       0x33 Src/dnslkup.o
 .ARM.attributes
                0x00000000000001e2       0x33 Src/enc28j60.o
 .ARM.attributes
                0x0000000000000215       0x33 Src/ip_arp_udp_tcp.o
 .ARM.attributes
                0x0000000000000248       0x33 Src/main.o
 .ARM.attributes
                0x000000000000027b       0x33 Src/stm32f1xx_hal_msp.o
 .ARM.attributes
                0x00000000000002ae       0x33 Src/stm32f1xx_it.o
 .ARM.attributes
                0x00000000000002e1       0x33 Src/sysmem.o
 .ARM.attributes
                0x0000000000000314       0x33 Src/system_stm32f1xx.o
 .ARM.attributes
                0x0000000000000347       0x21 Startup/startup_stm32f103c8tx.o
 .ARM.attributes
                0x0000000000000368       0x2d /opt/st/stm32cubeide_1.0.2/plugins/com.st.stm32cube.ide.mcu.externaltools.gnu-tools-for-stm32.7-2018-q2-update.linux64_1.0.0.201904181610/tools/bin/../lib/gcc/arm-none-eabi/7.3.1/../../../../arm-none-eabi/lib/thumb/v7-m/libc_nano.a(lib_a-errno.o)
 .ARM.attributes
                0x0000000000000395       0x2d /opt/st/stm32cubeide_1.0.2/plugins/com.st.stm32cube.ide.mcu.externaltools.gnu-tools-for-stm32.7-2018-q2-update.linux64_1.0.0.201904181610/tools/bin/../lib/gcc/arm-none-eabi/7.3.1/../../../../arm-none-eabi/lib/thumb/v7-m/libc_nano.a(lib_a-impure.o)
 .ARM.attributes
                0x00000000000003c2       0x2d /opt/st/stm32cubeide_1.0.2/plugins/com.st.stm32cube.ide.mcu.externaltools.gnu-tools-for-stm32.7-2018-q2-update.linux64_1.0.0.201904181610/tools/bin/../lib/gcc/arm-none-eabi/7.3.1/../../../../arm-none-eabi/lib/thumb/v7-m/libc_nano.a(lib_a-init.o)
 .ARM.attributes
                0x00000000000003ef       0x2d /opt/st/stm32cubeide_1.0.2/plugins/com.st.stm32cube.ide.mcu.externaltools.gnu-tools-for-stm32.7-2018-q2-update.linux64_1.0.0.201904181610/tools/bin/../lib/gcc/arm-none-eabi/7.3.1/../../../../arm-none-eabi/lib/thumb/v7-m/libc_nano.a(lib_a-memcmp.o)
 .ARM.attributes
                0x000000000000041c       0x2d /opt/st/stm32cubeide_1.0.2/plugins/com.st.stm32cube.ide.mcu.externaltools.gnu-tools-for-stm32.7-2018-q2-update.linux64_1.0.0.201904181610/tools/bin/../lib/gcc/arm-none-eabi/7.3.1/../../../../arm-none-eabi/lib/thumb/v7-m/libc_nano.a(lib_a-memcpy-stub.o)
 .ARM.attributes
                0x0000000000000449       0x2d /opt/st/stm32cubeide_1.0.2/plugins/com.st.stm32cube.ide.mcu.externaltools.gnu-tools-for-stm32.7-2018-q2-update.linux64_1.0.0.201904181610/tools/bin/../lib/gcc/arm-none-eabi/7.3.1/../../../../arm-none-eabi/lib/thumb/v7-m/libc_nano.a(lib_a-memset.o)
 .ARM.attributes
                0x0000000000000476       0x2d /opt/st/stm32cubeide_1.0.2/plugins/com.st.stm32cube.ide.mcu.externaltools.gnu-tools-for-stm32.7-2018-q2-update.linux64_1.0.0.201904181610/tools/bin/../lib/gcc/arm-none-eabi/7.3.1/../../../../arm-none-eabi/lib/thumb/v7-m/libc_nano.a(lib_a-rand.o)
 .ARM.attributes
                0x00000000000004a3       0x2d /opt/st/stm32cubeide_1.0.2/plugins/com.st.stm32cube.ide.mcu.externaltools.gnu-tools-for-stm32.7-2018-q2-update.linux64_1.0.0.201904181610/tools/bin/../lib/gcc/arm-none-eabi/7.3.1/../../../../arm-none-eabi/lib/thumb/v7-m/libc_nano.a(lib_a-sprintf.o)
 .ARM.attributes
                0x00000000000004d0       0x17 /opt/st/stm32cubeide_1.0.2/plugins/com.st.stm32cube.ide.mcu.externaltools.gnu-tools-for-stm32.7-2018-q2-update.linux64_1.0.0.201904181610/tools/bin/../lib/gcc/arm-none-eabi/7.3.1/../../../../arm-none-eabi/lib/thumb/v7-m/libc_nano.a(lib_a-strlen.o)
 .ARM.attributes
                0x00000000000004e7       0x2d /opt/st/stm32cubeide_1.0.2/plugins/com.st.stm32cube.ide.mcu.externaltools.gnu-tools-for-stm32.7-2018-q2-update.linux64_1.0.0.201904181610/tools/bin/../lib/gcc/arm-none-eabi/7.3.1/../../../../arm-none-eabi/lib/thumb/v7-m/libc_nano.a(lib_a-strncmp.o)
 .ARM.attributes
                0x0000000000000514       0x2d /opt/st/stm32cubeide_1.0.2/plugins/com.st.stm32cube.ide.mcu.externaltools.gnu-tools-for-stm32.7-2018-q2-update.linux64_1.0.0.201904181610/tools/bin/../lib/gcc/arm-none-eabi/7.3.1/../../../../arm-none-eabi/lib/thumb/v7-m/libc_nano.a(lib_a-malloc.o)
 .ARM.attributes
                0x0000000000000541       0x2d /opt/st/stm32cubeide_1.0.2/plugins/com.st.stm32cube.ide.mcu.externaltools.gnu-tools-for-stm32.7-2018-q2-update.linux64_1.0.0.201904181610/tools/bin/../lib/gcc/arm-none-eabi/7.3.1/../../../../arm-none-eabi/lib/thumb/v7-m/libc_nano.a(lib_a-nano-freer.o)
 .ARM.attributes
                0x000000000000056e       0x2d /opt/st/stm32cubeide_1.0.2/plugins/com.st.stm32cube.ide.mcu.externaltools.gnu-tools-for-stm32.7-2018-q2-update.linux64_1.0.0.201904181610/tools/bin/../lib/gcc/arm-none-eabi/7.3.1/../../../../arm-none-eabi/lib/thumb/v7-m/libc_nano.a(lib_a-nano-mallocr.o)
 .ARM.attributes
                0x000000000000059b       0x2d /opt/st/stm32cubeide_1.0.2/plugins/com.st.stm32cube.ide.mcu.externaltools.gnu-tools-for-stm32.7-2018-q2-update.linux64_1.0.0.201904181610/tools/bin/../lib/gcc/arm-none-eabi/7.3.1/../../../../arm-none-eabi/lib/thumb/v7-m/libc_nano.a(lib_a-nano-svfprintf.o)
 .ARM.attributes
                0x00000000000005c8       0x2d /opt/st/stm32cubeide_1.0.2/plugins/com.st.stm32cube.ide.mcu.externaltools.gnu-tools-for-stm32.7-2018-q2-update.linux64_1.0.0.201904181610/tools/bin/../lib/gcc/arm-none-eabi/7.3.1/../../../../arm-none-eabi/lib/thumb/v7-m/libc_nano.a(lib_a-nano-vfprintf_i.o)
 .ARM.attributes
                0x00000000000005f5       0x2d /opt/st/stm32cubeide_1.0.2/plugins/com.st.stm32cube.ide.mcu.externaltools.gnu-tools-for-stm32.7-2018-q2-update.linux64_1.0.0.201904181610/tools/bin/../lib/gcc/arm-none-eabi/7.3.1/../../../../arm-none-eabi/lib/thumb/v7-m/libc_nano.a(lib_a-sbrkr.o)
 .ARM.attributes
                0x0000000000000622       0x2d /opt/st/stm32cubeide_1.0.2/plugins/com.st.stm32cube.ide.mcu.externaltools.gnu-tools-for-stm32.7-2018-q2-update.linux64_1.0.0.201904181610/tools/bin/../lib/gcc/arm-none-eabi/7.3.1/../../../../arm-none-eabi/lib/thumb/v7-m/libc_nano.a(lib_a-memchr-stub.o)
 .ARM.attributes
                0x000000000000064f       0x2d /opt/st/stm32cubeide_1.0.2/plugins/com.st.stm32cube.ide.mcu.externaltools.gnu-tools-for-stm32.7-2018-q2-update.linux64_1.0.0.201904181610/tools/bin/../lib/gcc/arm-none-eabi/7.3.1/../../../../arm-none-eabi/lib/thumb/v7-m/libc_nano.a(lib_a-memmove.o)
 .ARM.attributes
                0x000000000000067c       0x2d /opt/st/stm32cubeide_1.0.2/plugins/com.st.stm32cube.ide.mcu.externaltools.gnu-tools-for-stm32.7-2018-q2-update.linux64_1.0.0.201904181610/tools/bin/../lib/gcc/arm-none-eabi/7.3.1/../../../../arm-none-eabi/lib/thumb/v7-m/libc_nano.a(lib_a-mlock.o)
 .ARM.attributes
                0x00000000000006a9       0x2d /opt/st/stm32cubeide_1.0.2/plugins/com.st.stm32cube.ide.mcu.externaltools.gnu-tools-for-stm32.7-2018-q2-update.linux64_1.0.0.201904181610/tools/bin/../lib/gcc/arm-none-eabi/7.3.1/../../../../arm-none-eabi/lib/thumb/v7-m/libc_nano.a(lib_a-nano-reallocr.o)
 .ARM.attributes
                0x00000000000006d6       0x2d /opt/st/stm32cubeide_1.0.2/plugins/com.st.stm32cube.ide.mcu.externaltools.gnu-tools-for-stm32.7-2018-q2-update.linux64_1.0.0.201904181610/tools/bin/../lib/gcc/arm-none-eabi/7.3.1/../../../../arm-none-eabi/lib/thumb/v7-m/libc_nano.a(lib_a-reent.o)
 .ARM.attributes
                0x0000000000000703       0x2d /opt/st/stm32cubeide_1.0.2/plugins/com.st.stm32cube.ide.mcu.externaltools.gnu-tools-for-stm32.7-2018-q2-update.linux64_1.0.0.201904181610/tools/bin/../lib/gcc/arm-none-eabi/7.3.1/../../../../arm-none-eabi/lib/thumb/v7-m/libc_nano.a(lib_a-nano-msizer.o)
 .ARM.attributes
                0x0000000000000730       0x1d /opt/st/stm32cubeide_1.0.2/plugins/com.st.stm32cube.ide.mcu.externaltools.gnu-tools-for-stm32.7-2018-q2-update.linux64_1.0.0.201904181610/tools/bin/../lib/gcc/arm-none-eabi/7.3.1/thumb/v7-m/crtn.o
OUTPUT(webserver.elf elf32-littlearm)

.debug_info     0x0000000000000000     0xb4ec
 .debug_info    0x0000000000000000      0x6fe Drivers/STM32F1xx_HAL_Driver/Src/stm32f1xx_hal.o
 .debug_info    0x00000000000006fe      0xb46 Drivers/STM32F1xx_HAL_Driver/Src/stm32f1xx_hal_cortex.o
 .debug_info    0x0000000000001244      0x681 Drivers/STM32F1xx_HAL_Driver/Src/stm32f1xx_hal_gpio.o
 .debug_info    0x00000000000018c5      0x804 Drivers/STM32F1xx_HAL_Driver/Src/stm32f1xx_hal_rcc.o
 .debug_info    0x00000000000020c9     0x153a Drivers/STM32F1xx_HAL_Driver/Src/stm32f1xx_hal_spi.o
 .debug_info    0x0000000000003603     0x1da6 Src/EtherShield.o
 .debug_info    0x00000000000053a9      0xe07 Src/dhcp.o
 .debug_info    0x00000000000061b0      0xb3e Src/dnslkup.o
 .debug_info    0x0000000000006cee      0xab8 Src/enc28j60.o
 .debug_info    0x00000000000077a6     0x18d1 Src/ip_arp_udp_tcp.o
 .debug_info    0x0000000000009077      0xc83 Src/main.o
 .debug_info    0x0000000000009cfa      0x887 Src/stm32f1xx_hal_msp.o
 .debug_info    0x000000000000a581      0x1fa Src/stm32f1xx_it.o
 .debug_info    0x000000000000a77b      0x91c Src/sysmem.o
 .debug_info    0x000000000000b097      0x433 Src/system_stm32f1xx.o
 .debug_info    0x000000000000b4ca       0x22 Startup/startup_stm32f103c8tx.o

.debug_abbrev   0x0000000000000000     0x2012
 .debug_abbrev  0x0000000000000000      0x1d8 Drivers/STM32F1xx_HAL_Driver/Src/stm32f1xx_hal.o
 .debug_abbrev  0x00000000000001d8      0x2d5 Drivers/STM32F1xx_HAL_Driver/Src/stm32f1xx_hal_cortex.o
 .debug_abbrev  0x00000000000004ad      0x1c0 Drivers/STM32F1xx_HAL_Driver/Src/stm32f1xx_hal_gpio.o
 .debug_abbrev  0x000000000000066d      0x243 Drivers/STM32F1xx_HAL_Driver/Src/stm32f1xx_hal_rcc.o
 .debug_abbrev  0x00000000000008b0      0x240 Drivers/STM32F1xx_HAL_Driver/Src/stm32f1xx_hal_spi.o
 .debug_abbrev  0x0000000000000af0      0x2fa Src/EtherShield.o
 .debug_abbrev  0x0000000000000dea      0x291 Src/dhcp.o
 .debug_abbrev  0x000000000000107b      0x24c Src/dnslkup.o
 .debug_abbrev  0x00000000000012c7      0x284 Src/enc28j60.o
 .debug_abbrev  0x000000000000154b      0x2f4 Src/ip_arp_udp_tcp.o
 .debug_abbrev  0x000000000000183f      0x280 Src/main.o
 .debug_abbrev  0x0000000000001abf      0x18c Src/stm32f1xx_hal_msp.o
 .debug_abbrev  0x0000000000001c4b       0xc6 Src/stm32f1xx_it.o
 .debug_abbrev  0x0000000000001d11      0x1bb Src/sysmem.o
 .debug_abbrev  0x0000000000001ecc      0x134 Src/system_stm32f1xx.o
 .debug_abbrev  0x0000000000002000       0x12 Startup/startup_stm32f103c8tx.o

.debug_aranges  0x0000000000000000      0xb30
 .debug_aranges
                0x0000000000000000       0xe0 Drivers/STM32F1xx_HAL_Driver/Src/stm32f1xx_hal.o
 .debug_aranges
                0x00000000000000e0      0x100 Drivers/STM32F1xx_HAL_Driver/Src/stm32f1xx_hal_cortex.o
 .debug_aranges
                0x00000000000001e0       0x58 Drivers/STM32F1xx_HAL_Driver/Src/stm32f1xx_hal_gpio.o
 .debug_aranges
                0x0000000000000238       0x90 Drivers/STM32F1xx_HAL_Driver/Src/stm32f1xx_hal_rcc.o
 .debug_aranges
                0x00000000000002c8      0x1d0 Drivers/STM32F1xx_HAL_Driver/Src/stm32f1xx_hal_spi.o
 .debug_aranges
                0x0000000000000498      0x238 Src/EtherShield.o
 .debug_aranges
                0x00000000000006d0       0x58 Src/dhcp.o
 .debug_aranges
                0x0000000000000728       0x48 Src/dnslkup.o
 .debug_aranges
                0x0000000000000770       0xe0 Src/enc28j60.o
 .debug_aranges
                0x0000000000000850      0x180 Src/ip_arp_udp_tcp.o
 .debug_aranges
                0x00000000000009d0       0x60 Src/main.o
 .debug_aranges
                0x0000000000000a30       0x30 Src/stm32f1xx_hal_msp.o
 .debug_aranges
                0x0000000000000a60       0x60 Src/stm32f1xx_it.o
 .debug_aranges
                0x0000000000000ac0       0x20 Src/sysmem.o
 .debug_aranges
                0x0000000000000ae0       0x28 Src/system_stm32f1xx.o
 .debug_aranges
                0x0000000000000b08       0x28 Startup/startup_stm32f103c8tx.o

.debug_ranges   0x0000000000000000      0xa38
 .debug_ranges  0x0000000000000000       0xd0 Drivers/STM32F1xx_HAL_Driver/Src/stm32f1xx_hal.o
 .debug_ranges  0x00000000000000d0       0xf0 Drivers/STM32F1xx_HAL_Driver/Src/stm32f1xx_hal_cortex.o
 .debug_ranges  0x00000000000001c0       0x48 Drivers/STM32F1xx_HAL_Driver/Src/stm32f1xx_hal_gpio.o
 .debug_ranges  0x0000000000000208       0x80 Drivers/STM32F1xx_HAL_Driver/Src/stm32f1xx_hal_rcc.o
 .debug_ranges  0x0000000000000288      0x1c0 Drivers/STM32F1xx_HAL_Driver/Src/stm32f1xx_hal_spi.o
 .debug_ranges  0x0000000000000448      0x228 Src/EtherShield.o
 .debug_ranges  0x0000000000000670       0x48 Src/dhcp.o
 .debug_ranges  0x00000000000006b8       0x38 Src/dnslkup.o
 .debug_ranges  0x00000000000006f0       0xd0 Src/enc28j60.o
 .debug_ranges  0x00000000000007c0      0x170 Src/ip_arp_udp_tcp.o
 .debug_ranges  0x0000000000000930       0x50 Src/main.o
 .debug_ranges  0x0000000000000980       0x20 Src/stm32f1xx_hal_msp.o
 .debug_ranges  0x00000000000009a0       0x50 Src/stm32f1xx_it.o
 .debug_ranges  0x00000000000009f0       0x10 Src/sysmem.o
 .debug_ranges  0x0000000000000a00       0x18 Src/system_stm32f1xx.o
 .debug_ranges  0x0000000000000a18       0x20 Startup/startup_stm32f103c8tx.o

.debug_macro    0x0000000000000000    0x1602d
 .debug_macro   0x0000000000000000      0x1a9 Drivers/STM32F1xx_HAL_Driver/Src/stm32f1xx_hal.o
 .debug_macro   0x00000000000001a9      0xa5a Drivers/STM32F1xx_HAL_Driver/Src/stm32f1xx_hal.o
 .debug_macro   0x0000000000000c03      0x215 Drivers/STM32F1xx_HAL_Driver/Src/stm32f1xx_hal.o
 .debug_macro   0x0000000000000e18       0x2e Drivers/STM32F1xx_HAL_Driver/Src/stm32f1xx_hal.o
 .debug_macro   0x0000000000000e46       0x22 Drivers/STM32F1xx_HAL_Driver/Src/stm32f1xx_hal.o
 .debug_macro   0x0000000000000e68       0x22 Drivers/STM32F1xx_HAL_Driver/Src/stm32f1xx_hal.o
 .debug_macro   0x0000000000000e8a       0x8e Drivers/STM32F1xx_HAL_Driver/Src/stm32f1xx_hal.o
 .debug_macro   0x0000000000000f18       0x51 Drivers/STM32F1xx_HAL_Driver/Src/stm32f1xx_hal.o
 .debug_macro   0x0000000000000f69       0xef Drivers/STM32F1xx_HAL_Driver/Src/stm32f1xx_hal.o
 .debug_macro   0x0000000000001058       0x6a Drivers/STM32F1xx_HAL_Driver/Src/stm32f1xx_hal.o
 .debug_macro   0x00000000000010c2      0x1df Drivers/STM32F1xx_HAL_Driver/Src/stm32f1xx_hal.o
 .debug_macro   0x00000000000012a1       0x1c Drivers/STM32F1xx_HAL_Driver/Src/stm32f1xx_hal.o
 .debug_macro   0x00000000000012bd       0x22 Drivers/STM32F1xx_HAL_Driver/Src/stm32f1xx_hal.o
 .debug_macro   0x00000000000012df       0xc3 Drivers/STM32F1xx_HAL_Driver/Src/stm32f1xx_hal.o
 .debug_macro   0x00000000000013a2      0xd23 Drivers/STM32F1xx_HAL_Driver/Src/stm32f1xx_hal.o
 .debug_macro   0x00000000000020c5     0xe09e Drivers/STM32F1xx_HAL_Driver/Src/stm32f1xx_hal.o
 .debug_macro   0x0000000000010163       0x43 Drivers/STM32F1xx_HAL_Driver/Src/stm32f1xx_hal.o
 .debug_macro   0x00000000000101a6      0x174 Drivers/STM32F1xx_HAL_Driver/Src/stm32f1xx_hal.o
 .debug_macro   0x000000000001031a       0x5a Drivers/STM32F1xx_HAL_Driver/Src/stm32f1xx_hal.o
 .debug_macro   0x0000000000010374      0x5be Drivers/STM32F1xx_HAL_Driver/Src/stm32f1xx_hal.o
 .debug_macro   0x0000000000010932      0x289 Drivers/STM32F1xx_HAL_Driver/Src/stm32f1xx_hal.o
 .debug_macro   0x0000000000010bbb      0x1cb Drivers/STM32F1xx_HAL_Driver/Src/stm32f1xx_hal.o
 .debug_macro   0x0000000000010d86      0x114 Drivers/STM32F1xx_HAL_Driver/Src/stm32f1xx_hal.o
 .debug_macro   0x0000000000010e9a      0x1b2 Drivers/STM32F1xx_HAL_Driver/Src/stm32f1xx_hal.o
 .debug_macro   0x000000000001104c       0x27 Drivers/STM32F1xx_HAL_Driver/Src/stm32f1xx_hal.o
 .debug_macro   0x0000000000011073      0x136 Drivers/STM32F1xx_HAL_Driver/Src/stm32f1xx_hal.o
 .debug_macro   0x00000000000111a9      0x1bc Drivers/STM32F1xx_HAL_Driver/Src/stm32f1xx_hal.o
 .debug_macro   0x0000000000011365       0x34 Drivers/STM32F1xx_HAL_Driver/Src/stm32f1xx_hal.o
 .debug_macro   0x0000000000011399       0x3c Drivers/STM32F1xx_HAL_Driver/Src/stm32f1xx_hal.o
 .debug_macro   0x00000000000113d5       0x57 Drivers/STM32F1xx_HAL_Driver/Src/stm32f1xx_hal.o
 .debug_macro   0x000000000001142c       0x88 Drivers/STM32F1xx_HAL_Driver/Src/stm32f1xx_hal.o
 .debug_macro   0x00000000000114b4      0x241 Drivers/STM32F1xx_HAL_Driver/Src/stm32f1xx_hal.o
 .debug_macro   0x00000000000116f5      0x141 Drivers/STM32F1xx_HAL_Driver/Src/stm32f1xx_hal.o
 .debug_macro   0x0000000000011836      0x217 Drivers/STM32F1xx_HAL_Driver/Src/stm32f1xx_hal.o
 .debug_macro   0x0000000000011a4d       0x83 Drivers/STM32F1xx_HAL_Driver/Src/stm32f1xx_hal.o
 .debug_macro   0x0000000000011ad0      0x185 Drivers/STM32F1xx_HAL_Driver/Src/stm32f1xx_hal_cortex.o
 .debug_macro   0x0000000000011c55      0x1f0 Drivers/STM32F1xx_HAL_Driver/Src/stm32f1xx_hal_gpio.o
 .debug_macro   0x0000000000011e45      0x197 Drivers/STM32F1xx_HAL_Driver/Src/stm32f1xx_hal_rcc.o
 .debug_macro   0x0000000000011fdc      0x18d Drivers/STM32F1xx_HAL_Driver/Src/stm32f1xx_hal_spi.o
 .debug_macro   0x0000000000012169      0x3d7 Src/EtherShield.o
 .debug_macro   0x0000000000012540       0x40 Src/EtherShield.o
 .debug_macro   0x0000000000012580      0x541 Src/EtherShield.o
 .debug_macro   0x0000000000012ac1       0x46 Src/EtherShield.o
 .debug_macro   0x0000000000012b07       0x18 Src/EtherShield.o
 .debug_macro   0x0000000000012b1f       0x3c Src/EtherShield.o
 .debug_macro   0x0000000000012b5b       0x34 Src/EtherShield.o
 .debug_macro   0x0000000000012b8f       0x16 Src/EtherShield.o
 .debug_macro   0x0000000000012ba5       0x35 Src/EtherShield.o
 .debug_macro   0x0000000000012bda      0x32a Src/EtherShield.o
 .debug_macro   0x0000000000012f04       0x10 Src/EtherShield.o
 .debug_macro   0x0000000000012f14       0x52 Src/EtherShield.o
 .debug_macro   0x0000000000012f66       0x1f Src/EtherShield.o
 .debug_macro   0x0000000000012f85       0x43 Src/EtherShield.o
 .debug_macro   0x0000000000012fc8       0x20 Src/EtherShield.o
 .debug_macro   0x0000000000012fe8      0x1a3 Src/EtherShield.o
 .debug_macro   0x000000000001318b       0x10 Src/EtherShield.o
 .debug_macro   0x000000000001319b       0x1c Src/EtherShield.o
 .debug_macro   0x00000000000131b7       0x52 Src/EtherShield.o
 .debug_macro   0x0000000000013209       0x40 Src/EtherShield.o
 .debug_macro   0x0000000000013249       0x10 Src/EtherShield.o
 .debug_macro   0x0000000000013259       0x40 Src/EtherShield.o
 .debug_macro   0x0000000000013299       0xd7 Src/EtherShield.o
 .debug_macro   0x0000000000013370       0x1c Src/EtherShield.o
 .debug_macro   0x000000000001338c       0x3d Src/EtherShield.o
 .debug_macro   0x00000000000133c9       0x16 Src/EtherShield.o
 .debug_macro   0x00000000000133df      0x145 Src/EtherShield.o
 .debug_macro   0x0000000000013524       0x16 Src/EtherShield.o
 .debug_macro   0x000000000001353a       0x16 Src/EtherShield.o
 .debug_macro   0x0000000000013550       0x29 Src/EtherShield.o
 .debug_macro   0x0000000000013579       0x16 Src/EtherShield.o
 .debug_macro   0x000000000001358f       0x20 Src/EtherShield.o
 .debug_macro   0x00000000000135af      0x111 Src/EtherShield.o
 .debug_macro   0x00000000000136c0       0x16 Src/EtherShield.o
 .debug_macro   0x00000000000136d6       0x1c Src/EtherShield.o
 .debug_macro   0x00000000000136f2       0x10 Src/EtherShield.o
 .debug_macro   0x0000000000013702      0x460 Src/EtherShield.o
 .debug_macro   0x0000000000013b62      0x2bc Src/EtherShield.o
 .debug_macro   0x0000000000013e1e      0x3b8 Src/dhcp.o
 .debug_macro   0x00000000000141d6       0x40 Src/dhcp.o
 .debug_macro   0x0000000000014216       0x94 Src/dhcp.o
 .debug_macro   0x00000000000142aa       0x57 Src/dhcp.o
 .debug_macro   0x0000000000014301      0x330 Src/dhcp.o
 .debug_macro   0x0000000000014631       0x10 Src/dhcp.o
 .debug_macro   0x0000000000014641       0xbd Src/dhcp.o
 .debug_macro   0x00000000000146fe       0x54 Src/dhcp.o
 .debug_macro   0x0000000000014752      0x53b Src/dhcp.o
 .debug_macro   0x0000000000014c8d       0x46 Src/dhcp.o
 .debug_macro   0x0000000000014cd3       0x1c Src/dhcp.o
 .debug_macro   0x0000000000014cef      0x376 Src/dnslkup.o
 .debug_macro   0x0000000000015065      0x1a2 Src/enc28j60.o
 .debug_macro   0x0000000000015207      0x3a7 Src/ip_arp_udp_tcp.o
 .debug_macro   0x00000000000155ae       0x11 Src/ip_arp_udp_tcp.o
 .debug_macro   0x00000000000155bf      0x1a0 Src/main.o
 .debug_macro   0x000000000001575f       0x28 Src/main.o
 .debug_macro   0x0000000000015787      0x194 Src/stm32f1xx_hal_msp.o
 .debug_macro   0x000000000001591b      0x19e Src/stm32f1xx_it.o
 .debug_macro   0x0000000000015ab9      0x1ae Src/sysmem.o
 .debug_macro   0x0000000000015c67      0x23b Src/sysmem.o
 .debug_macro   0x0000000000015ea2      0x18b Src/system_stm32f1xx.o

.debug_line     0x0000000000000000     0x8571
 .debug_line    0x0000000000000000      0x7b4 Drivers/STM32F1xx_HAL_Driver/Src/stm32f1xx_hal.o
 .debug_line    0x00000000000007b4      0x88d Drivers/STM32F1xx_HAL_Driver/Src/stm32f1xx_hal_cortex.o
 .debug_line    0x0000000000001041      0x7b4 Drivers/STM32F1xx_HAL_Driver/Src/stm32f1xx_hal_gpio.o
 .debug_line    0x00000000000017f5      0x876 Drivers/STM32F1xx_HAL_Driver/Src/stm32f1xx_hal_rcc.o
 .debug_line    0x000000000000206b      0xf82 Drivers/STM32F1xx_HAL_Driver/Src/stm32f1xx_hal_spi.o
 .debug_line    0x0000000000002fed      0xdc6 Src/EtherShield.o
 .debug_line    0x0000000000003db3      0x9ab Src/dhcp.o
 .debug_line    0x000000000000475e      0x8d4 Src/dnslkup.o
 .debug_line    0x0000000000005032      0x82c Src/enc28j60.o
 .debug_line    0x000000000000585e      0xe03 Src/ip_arp_udp_tcp.o
 .debug_line    0x0000000000006661      0x6dc Src/main.o
 .debug_line    0x0000000000006d3d      0x608 Src/stm32f1xx_hal_msp.o
 .debug_line    0x0000000000007345      0x67a Src/stm32f1xx_it.o
 .debug_line    0x00000000000079bf      0x52c Src/sysmem.o
 .debug_line    0x0000000000007eeb      0x607 Src/system_stm32f1xx.o
 .debug_line    0x00000000000084f2       0x7f Startup/startup_stm32f103c8tx.o

.debug_str      0x0000000000000000    0x6e1eb
 .debug_str     0x0000000000000000    0x6442e Drivers/STM32F1xx_HAL_Driver/Src/stm32f1xx_hal.o
                                      0x64777 (size before relaxing)
 .debug_str     0x000000000006442e      0x326 Drivers/STM32F1xx_HAL_Driver/Src/stm32f1xx_hal_cortex.o
                                      0x64785 (size before relaxing)
 .debug_str     0x0000000000064754      0x3a9 Drivers/STM32F1xx_HAL_Driver/Src/stm32f1xx_hal_gpio.o
                                      0x644b0 (size before relaxing)
 .debug_str     0x0000000000064afd      0x373 Drivers/STM32F1xx_HAL_Driver/Src/stm32f1xx_hal_rcc.o
                                      0x644e9 (size before relaxing)
 .debug_str     0x0000000000064e70      0x8b9 Drivers/STM32F1xx_HAL_Driver/Src/stm32f1xx_hal_spi.o
                                      0x649d7 (size before relaxing)
 .debug_str     0x0000000000065729     0x7b25 Src/EtherShield.o
                                      0x6c07d (size before relaxing)
 .debug_str     0x000000000006d24e      0x1ec Src/dhcp.o
                                      0x69e60 (size before relaxing)
 .debug_str     0x000000000006d43a       0x7c Src/dnslkup.o
                                      0x68cb7 (size before relaxing)
 .debug_str     0x000000000006d4b6      0x116 Src/enc28j60.o
                                      0x656d0 (size before relaxing)
 .debug_str     0x000000000006d5cc      0x48a Src/ip_arp_udp_tcp.o
                                      0x6a340 (size before relaxing)
 .debug_str     0x000000000006da56      0x16f Src/main.o
                                      0x64823 (size before relaxing)
 .debug_str     0x000000000006dbc5       0x1b Src/stm32f1xx_hal_msp.o
                                      0x645a6 (size before relaxing)
 .debug_str     0x000000000006dbe0       0xb8 Src/stm32f1xx_it.o
                                      0x64198 (size before relaxing)
 .debug_str     0x000000000006dc98      0x4b9 Src/sysmem.o
                                       0x7ac3 (size before relaxing)
 .debug_str     0x000000000006e151       0x69 Src/system_stm32f1xx.o
                                      0x64161 (size before relaxing)
 .debug_str     0x000000000006e1ba       0x31 Startup/startup_stm32f103c8tx.o
                                         0x68 (size before relaxing)

.comment        0x0000000000000000       0x7b
 .comment       0x0000000000000000       0x7b Drivers/STM32F1xx_HAL_Driver/Src/stm32f1xx_hal.o
                                         0x7c (size before relaxing)
 .comment       0x000000000000007b       0x7c Drivers/STM32F1xx_HAL_Driver/Src/stm32f1xx_hal_cortex.o
 .comment       0x000000000000007b       0x7c Drivers/STM32F1xx_HAL_Driver/Src/stm32f1xx_hal_gpio.o
 .comment       0x000000000000007b       0x7c Drivers/STM32F1xx_HAL_Driver/Src/stm32f1xx_hal_rcc.o
 .comment       0x000000000000007b       0x7c Drivers/STM32F1xx_HAL_Driver/Src/stm32f1xx_hal_spi.o
 .comment       0x000000000000007b       0x7c Src/EtherShield.o
 .comment       0x000000000000007b       0x7c Src/dhcp.o
 .comment       0x000000000000007b       0x7c Src/dnslkup.o
 .comment       0x000000000000007b       0x7c Src/enc28j60.o
 .comment       0x000000000000007b       0x7c Src/ip_arp_udp_tcp.o
 .comment       0x000000000000007b       0x7c Src/main.o
 .comment       0x000000000000007b       0x7c Src/stm32f1xx_hal_msp.o
 .comment       0x000000000000007b       0x7c Src/stm32f1xx_it.o
 .comment       0x000000000000007b       0x7c Src/sysmem.o
 .comment       0x000000000000007b       0x7c Src/system_stm32f1xx.o

.debug_frame    0x0000000000000000     0x3014
 .debug_frame   0x0000000000000000      0x334 Drivers/STM32F1xx_HAL_Driver/Src/stm32f1xx_hal.o
 .debug_frame   0x0000000000000334      0x428 Drivers/STM32F1xx_HAL_Driver/Src/stm32f1xx_hal_cortex.o
 .debug_frame   0x000000000000075c      0x14c Drivers/STM32F1xx_HAL_Driver/Src/stm32f1xx_hal_gpio.o
 .debug_frame   0x00000000000008a8      0x21c Drivers/STM32F1xx_HAL_Driver/Src/stm32f1xx_hal_rcc.o
 .debug_frame   0x0000000000000ac4      0x824 Drivers/STM32F1xx_HAL_Driver/Src/stm32f1xx_hal_spi.o
 .debug_frame   0x00000000000012e8      0x930 Src/EtherShield.o
 .debug_frame   0x0000000000001c18      0x134 Src/dhcp.o
 .debug_frame   0x0000000000001d4c       0xe4 Src/dnslkup.o
 .debug_frame   0x0000000000001e30      0x364 Src/enc28j60.o
 .debug_frame   0x0000000000002194      0x6ac Src/ip_arp_udp_tcp.o
 .debug_frame   0x0000000000002840      0x138 Src/main.o
 .debug_frame   0x0000000000002978       0x80 Src/stm32f1xx_hal_msp.o
 .debug_frame   0x00000000000029f8      0x10c Src/stm32f1xx_it.o
 .debug_frame   0x0000000000002b04       0x34 Src/sysmem.o
 .debug_frame   0x0000000000002b38       0x58 Src/system_stm32f1xx.o
 .debug_frame   0x0000000000002b90       0x20 /opt/st/stm32cubeide_1.0.2/plugins/com.st.stm32cube.ide.mcu.externaltools.gnu-tools-for-stm32.7-2018-q2-update.linux64_1.0.0.201904181610/tools/bin/../lib/gcc/arm-none-eabi/7.3.1/../../../../arm-none-eabi/lib/thumb/v7-m/libc_nano.a(lib_a-errno.o)
 .debug_frame   0x0000000000002bb0       0x2c /opt/st/stm32cubeide_1.0.2/plugins/com.st.stm32cube.ide.mcu.externaltools.gnu-tools-for-stm32.7-2018-q2-update.linux64_1.0.0.201904181610/tools/bin/../lib/gcc/arm-none-eabi/7.3.1/../../../../arm-none-eabi/lib/thumb/v7-m/libc_nano.a(lib_a-init.o)
 .debug_frame   0x0000000000002bdc       0x2c /opt/st/stm32cubeide_1.0.2/plugins/com.st.stm32cube.ide.mcu.externaltools.gnu-tools-for-stm32.7-2018-q2-update.linux64_1.0.0.201904181610/tools/bin/../lib/gcc/arm-none-eabi/7.3.1/../../../../arm-none-eabi/lib/thumb/v7-m/libc_nano.a(lib_a-memcmp.o)
 .debug_frame   0x0000000000002c08       0x28 /opt/st/stm32cubeide_1.0.2/plugins/com.st.stm32cube.ide.mcu.externaltools.gnu-tools-for-stm32.7-2018-q2-update.linux64_1.0.0.201904181610/tools/bin/../lib/gcc/arm-none-eabi/7.3.1/../../../../arm-none-eabi/lib/thumb/v7-m/libc_nano.a(lib_a-memcpy-stub.o)
 .debug_frame   0x0000000000002c30       0x20 /opt/st/stm32cubeide_1.0.2/plugins/com.st.stm32cube.ide.mcu.externaltools.gnu-tools-for-stm32.7-2018-q2-update.linux64_1.0.0.201904181610/tools/bin/../lib/gcc/arm-none-eabi/7.3.1/../../../../arm-none-eabi/lib/thumb/v7-m/libc_nano.a(lib_a-memset.o)
 .debug_frame   0x0000000000002c50       0x48 /opt/st/stm32cubeide_1.0.2/plugins/com.st.stm32cube.ide.mcu.externaltools.gnu-tools-for-stm32.7-2018-q2-update.linux64_1.0.0.201904181610/tools/bin/../lib/gcc/arm-none-eabi/7.3.1/../../../../arm-none-eabi/lib/thumb/v7-m/libc_nano.a(lib_a-rand.o)
 .debug_frame   0x0000000000002c98       0x6c /opt/st/stm32cubeide_1.0.2/plugins/com.st.stm32cube.ide.mcu.externaltools.gnu-tools-for-stm32.7-2018-q2-update.linux64_1.0.0.201904181610/tools/bin/../lib/gcc/arm-none-eabi/7.3.1/../../../../arm-none-eabi/lib/thumb/v7-m/libc_nano.a(lib_a-sprintf.o)
 .debug_frame   0x0000000000002d04       0x28 /opt/st/stm32cubeide_1.0.2/plugins/com.st.stm32cube.ide.mcu.externaltools.gnu-tools-for-stm32.7-2018-q2-update.linux64_1.0.0.201904181610/tools/bin/../lib/gcc/arm-none-eabi/7.3.1/../../../../arm-none-eabi/lib/thumb/v7-m/libc_nano.a(lib_a-strncmp.o)
 .debug_frame   0x0000000000002d2c       0x30 /opt/st/stm32cubeide_1.0.2/plugins/com.st.stm32cube.ide.mcu.externaltools.gnu-tools-for-stm32.7-2018-q2-update.linux64_1.0.0.201904181610/tools/bin/../lib/gcc/arm-none-eabi/7.3.1/../../../../arm-none-eabi/lib/thumb/v7-m/libc_nano.a(lib_a-malloc.o)
 .debug_frame   0x0000000000002d5c       0x38 /opt/st/stm32cubeide_1.0.2/plugins/com.st.stm32cube.ide.mcu.externaltools.gnu-tools-for-stm32.7-2018-q2-update.linux64_1.0.0.201904181610/tools/bin/../lib/gcc/arm-none-eabi/7.3.1/../../../../arm-none-eabi/lib/thumb/v7-m/libc_nano.a(lib_a-nano-freer.o)
 .debug_frame   0x0000000000002d94       0x2c /opt/st/stm32cubeide_1.0.2/plugins/com.st.stm32cube.ide.mcu.externaltools.gnu-tools-for-stm32.7-2018-q2-update.linux64_1.0.0.201904181610/tools/bin/../lib/gcc/arm-none-eabi/7.3.1/../../../../arm-none-eabi/lib/thumb/v7-m/libc_nano.a(lib_a-nano-mallocr.o)
 .debug_frame   0x0000000000002dc0       0x90 /opt/st/stm32cubeide_1.0.2/plugins/com.st.stm32cube.ide.mcu.externaltools.gnu-tools-for-stm32.7-2018-q2-update.linux64_1.0.0.201904181610/tools/bin/../lib/gcc/arm-none-eabi/7.3.1/../../../../arm-none-eabi/lib/thumb/v7-m/libc_nano.a(lib_a-nano-svfprintf.o)
 .debug_frame   0x0000000000002e50       0x60 /opt/st/stm32cubeide_1.0.2/plugins/com.st.stm32cube.ide.mcu.externaltools.gnu-tools-for-stm32.7-2018-q2-update.linux64_1.0.0.201904181610/tools/bin/../lib/gcc/arm-none-eabi/7.3.1/../../../../arm-none-eabi/lib/thumb/v7-m/libc_nano.a(lib_a-nano-vfprintf_i.o)
 .debug_frame   0x0000000000002eb0       0x2c /opt/st/stm32cubeide_1.0.2/plugins/com.st.stm32cube.ide.mcu.externaltools.gnu-tools-for-stm32.7-2018-q2-update.linux64_1.0.0.201904181610/tools/bin/../lib/gcc/arm-none-eabi/7.3.1/../../../../arm-none-eabi/lib/thumb/v7-m/libc_nano.a(lib_a-sbrkr.o)
 .debug_frame   0x0000000000002edc       0x28 /opt/st/stm32cubeide_1.0.2/plugins/com.st.stm32cube.ide.mcu.externaltools.gnu-tools-for-stm32.7-2018-q2-update.linux64_1.0.0.201904181610/tools/bin/../lib/gcc/arm-none-eabi/7.3.1/../../../../arm-none-eabi/lib/thumb/v7-m/libc_nano.a(lib_a-memchr-stub.o)
 .debug_frame   0x0000000000002f04       0x28 /opt/st/stm32cubeide_1.0.2/plugins/com.st.stm32cube.ide.mcu.externaltools.gnu-tools-for-stm32.7-2018-q2-update.linux64_1.0.0.201904181610/tools/bin/../lib/gcc/arm-none-eabi/7.3.1/../../../../arm-none-eabi/lib/thumb/v7-m/libc_nano.a(lib_a-memmove.o)
 .debug_frame   0x0000000000002f2c       0x30 /opt/st/stm32cubeide_1.0.2/plugins/com.st.stm32cube.ide.mcu.externaltools.gnu-tools-for-stm32.7-2018-q2-update.linux64_1.0.0.201904181610/tools/bin/../lib/gcc/arm-none-eabi/7.3.1/../../../../arm-none-eabi/lib/thumb/v7-m/libc_nano.a(lib_a-mlock.o)
 .debug_frame   0x0000000000002f5c       0x3c /opt/st/stm32cubeide_1.0.2/plugins/com.st.stm32cube.ide.mcu.externaltools.gnu-tools-for-stm32.7-2018-q2-update.linux64_1.0.0.201904181610/tools/bin/../lib/gcc/arm-none-eabi/7.3.1/../../../../arm-none-eabi/lib/thumb/v7-m/libc_nano.a(lib_a-nano-reallocr.o)
 .debug_frame   0x0000000000002f98       0x5c /opt/st/stm32cubeide_1.0.2/plugins/com.st.stm32cube.ide.mcu.externaltools.gnu-tools-for-stm32.7-2018-q2-update.linux64_1.0.0.201904181610/tools/bin/../lib/gcc/arm-none-eabi/7.3.1/../../../../arm-none-eabi/lib/thumb/v7-m/libc_nano.a(lib_a-reent.o)
 .debug_frame   0x0000000000002ff4       0x20 /opt/st/stm32cubeide_1.0.2/plugins/com.st.stm32cube.ide.mcu.externaltools.gnu-tools-for-stm32.7-2018-q2-update.linux64_1.0.0.201904181610/tools/bin/../lib/gcc/arm-none-eabi/7.3.1/../../../../arm-none-eabi/lib/thumb/v7-m/libc_nano.a(lib_a-nano-msizer.o)
