Archive member included to satisfy reference by file (symbol)

c:/ac6/systemworkbench/plugins/fr.ac6.mcu.externaltools.arm-none.win32_1.16.0.201807130628/tools/compiler/bin/../lib/gcc/arm-none-eabi/7.2.1/../../../../arm-none-eabi/lib/thumb/v7-m\libc_nano.a(lib_a-exit.o)
                              c:/ac6/systemworkbench/plugins/fr.ac6.mcu.externaltools.arm-none.win32_1.16.0.201807130628/tools/compiler/bin/../lib/gcc/arm-none-eabi/7.2.1/../../../../arm-none-eabi/lib/thumb/v7-m/crt0.o (exit)
c:/ac6/systemworkbench/plugins/fr.ac6.mcu.externaltools.arm-none.win32_1.16.0.201807130628/tools/compiler/bin/../lib/gcc/arm-none-eabi/7.2.1/../../../../arm-none-eabi/lib/thumb/v7-m\libc_nano.a(lib_a-impure.o)
                              c:/ac6/systemworkbench/plugins/fr.ac6.mcu.externaltools.arm-none.win32_1.16.0.201807130628/tools/compiler/bin/../lib/gcc/arm-none-eabi/7.2.1/../../../../arm-none-eabi/lib/thumb/v7-m\libc_nano.a(lib_a-exit.o) (_global_impure_ptr)
c:/ac6/systemworkbench/plugins/fr.ac6.mcu.externaltools.arm-none.win32_1.16.0.201807130628/tools/compiler/bin/../lib/gcc/arm-none-eabi/7.2.1/../../../../arm-none-eabi/lib/thumb/v7-m\libc_nano.a(lib_a-init.o)
                              c:/ac6/systemworkbench/plugins/fr.ac6.mcu.externaltools.arm-none.win32_1.16.0.201807130628/tools/compiler/bin/../lib/gcc/arm-none-eabi/7.2.1/../../../../arm-none-eabi/lib/thumb/v7-m/crt0.o (__libc_init_array)
c:/ac6/systemworkbench/plugins/fr.ac6.mcu.externaltools.arm-none.win32_1.16.0.201807130628/tools/compiler/bin/../lib/gcc/arm-none-eabi/7.2.1/../../../../arm-none-eabi/lib/thumb/v7-m\libc_nano.a(lib_a-memset.o)
                              c:/ac6/systemworkbench/plugins/fr.ac6.mcu.externaltools.arm-none.win32_1.16.0.201807130628/tools/compiler/bin/../lib/gcc/arm-none-eabi/7.2.1/../../../../arm-none-eabi/lib/thumb/v7-m/crt0.o (memset)
c:/ac6/systemworkbench/plugins/fr.ac6.mcu.externaltools.arm-none.win32_1.16.0.201807130628/tools/compiler/bin/../lib/gcc/arm-none-eabi/7.2.1/../../../../arm-none-eabi/lib/thumb/v7-m\libc_nano.a(lib_a-strlen.o)
                              Src/main.o (strlen)
c:/ac6/systemworkbench/plugins/fr.ac6.mcu.externaltools.arm-none.win32_1.16.0.201807130628/tools/compiler/bin/../lib/gcc/arm-none-eabi/7.2.1/../../../../arm-none-eabi/lib/thumb/v7-m\libnosys.a(_exit.o)
                              c:/ac6/systemworkbench/plugins/fr.ac6.mcu.externaltools.arm-none.win32_1.16.0.201807130628/tools/compiler/bin/../lib/gcc/arm-none-eabi/7.2.1/../../../../arm-none-eabi/lib/thumb/v7-m\libc_nano.a(lib_a-exit.o) (_exit)

Allocating common symbols
Common symbol       size              file

hUsbDeviceFS        0x224             Src/usb_device.o
uwTick              0x4               Drivers/STM32F1xx_HAL_Driver/Src/stm32f1xx_hal.o
pFlash              0x20              Drivers/STM32F1xx_HAL_Driver/Src/stm32f1xx_hal_flash.o
UserRxBufferFS      0x3e8             Src/usbd_cdc_if.o
UserTxBufferFS      0x3e8             Src/usbd_cdc_if.o
hpcd_USB_FS         0x460             Src/usbd_conf.o
USBD_StrDesc        0x200             Src/usbd_desc.o

Discarded input sections

 .text          0x00000000        0x0 c:/ac6/systemworkbench/plugins/fr.ac6.mcu.externaltools.arm-none.win32_1.16.0.201807130628/tools/compiler/bin/../lib/gcc/arm-none-eabi/7.2.1/thumb/v7-m/crti.o
 .data          0x00000000        0x0 c:/ac6/systemworkbench/plugins/fr.ac6.mcu.externaltools.arm-none.win32_1.16.0.201807130628/tools/compiler/bin/../lib/gcc/arm-none-eabi/7.2.1/thumb/v7-m/crti.o
 .bss           0x00000000        0x0 c:/ac6/systemworkbench/plugins/fr.ac6.mcu.externaltools.arm-none.win32_1.16.0.201807130628/tools/compiler/bin/../lib/gcc/arm-none-eabi/7.2.1/thumb/v7-m/crti.o
 .data          0x00000000        0x4 c:/ac6/systemworkbench/plugins/fr.ac6.mcu.externaltools.arm-none.win32_1.16.0.201807130628/tools/compiler/bin/../lib/gcc/arm-none-eabi/7.2.1/thumb/v7-m/crtbegin.o
 .text          0x00000000       0x74 c:/ac6/systemworkbench/plugins/fr.ac6.mcu.externaltools.arm-none.win32_1.16.0.201807130628/tools/compiler/bin/../lib/gcc/arm-none-eabi/7.2.1/../../../../arm-none-eabi/lib/thumb/v7-m/crt0.o
 .data          0x00000000        0x0 c:/ac6/systemworkbench/plugins/fr.ac6.mcu.externaltools.arm-none.win32_1.16.0.201807130628/tools/compiler/bin/../lib/gcc/arm-none-eabi/7.2.1/../../../../arm-none-eabi/lib/thumb/v7-m/crt0.o
 .bss           0x00000000        0x0 c:/ac6/systemworkbench/plugins/fr.ac6.mcu.externaltools.arm-none.win32_1.16.0.201807130628/tools/compiler/bin/../lib/gcc/arm-none-eabi/7.2.1/../../../../arm-none-eabi/lib/thumb/v7-m/crt0.o
 .ARM.extab     0x00000000        0x0 c:/ac6/systemworkbench/plugins/fr.ac6.mcu.externaltools.arm-none.win32_1.16.0.201807130628/tools/compiler/bin/../lib/gcc/arm-none-eabi/7.2.1/../../../../arm-none-eabi/lib/thumb/v7-m/crt0.o
[...]
Memory Configuration

Name             Origin             Length             Attributes
RAM              0x20000000         0x00005000         xrw
FLASH            0x08000000         0x00010000         xr
*default*        0x00000000         0xffffffff

Linker script and memory map

LOAD c:/ac6/systemworkbench/plugins/fr.ac6.mcu.externaltools.arm-none.win32_1.16.0.201807130628/tools/compiler/bin/../lib/gcc/arm-none-eabi/7.2.1/thumb/v7-m/crti.o
LOAD c:/ac6/systemworkbench/plugins/fr.ac6.mcu.externaltools.arm-none.win32_1.16.0.201807130628/tools/compiler/bin/../lib/gcc/arm-none-eabi/7.2.1/thumb/v7-m/crtbegin.o
LOAD c:/ac6/systemworkbench/plugins/fr.ac6.mcu.externaltools.arm-none.win32_1.16.0.201807130628/tools/compiler/bin/../lib/gcc/arm-none-eabi/7.2.1/../../../../arm-none-eabi/lib/thumb/v7-m/crt0.o
LOAD Drivers/STM32F1xx_HAL_Driver/Src/stm32f1xx_hal.o
LOAD Drivers/STM32F1xx_HAL_Driver/Src/stm32f1xx_hal_cortex.o
LOAD Drivers/STM32F1xx_HAL_Driver/Src/stm32f1xx_hal_dma.o
LOAD Drivers/STM32F1xx_HAL_Driver/Src/stm32f1xx_hal_flash.o
LOAD Drivers/STM32F1xx_HAL_Driver/Src/stm32f1xx_hal_flash_ex.o
LOAD Drivers/STM32F1xx_HAL_Driver/Src/stm32f1xx_hal_gpio.o
LOAD Drivers/STM32F1xx_HAL_Driver/Src/stm32f1xx_hal_gpio_ex.o
LOAD Drivers/STM32F1xx_HAL_Driver/Src/stm32f1xx_hal_pcd.o
LOAD Drivers/STM32F1xx_HAL_Driver/Src/stm32f1xx_hal_pcd_ex.o
LOAD Drivers/STM32F1xx_HAL_Driver/Src/stm32f1xx_hal_pwr.o
LOAD Drivers/STM32F1xx_HAL_Driver/Src/stm32f1xx_hal_rcc.o
LOAD Drivers/STM32F1xx_HAL_Driver/Src/stm32f1xx_hal_rcc_ex.o
LOAD Drivers/STM32F1xx_HAL_Driver/Src/stm32f1xx_hal_tim.o
LOAD Drivers/STM32F1xx_HAL_Driver/Src/stm32f1xx_hal_tim_ex.o
LOAD Drivers/STM32F1xx_HAL_Driver/Src/stm32f1xx_ll_usb.o
LOAD Middlewares/ST/STM32_USB_Device_Library/Class/CDC/Src/usbd_cdc.o
LOAD Middlewares/ST/STM32_USB_Device_Library/Core/Src/usbd_core.o
LOAD Middlewares/ST/STM32_USB_Device_Library/Core/Src/usbd_ctlreq.o
LOAD Middlewares/ST/STM32_USB_Device_Library/Core/Src/usbd_ioreq.o
LOAD Src/main.o
LOAD Src/stm32f1xx_hal_msp.o
LOAD Src/stm32f1xx_it.o
LOAD Src/system_stm32f1xx.o
LOAD Src/usb_device.o
LOAD Src/usbd_cdc_if.o
LOAD Src/usbd_conf.o
LOAD Src/usbd_desc.o
LOAD startup/startup_stm32f103xb.o
LOAD c:/ac6/systemworkbench/plugins/fr.ac6.mcu.externaltools.arm-none.win32_1.16.0.201807130628/tools/compiler/bin/../lib/gcc/arm-none-eabi/7.2.1/../../../../arm-none-eabi/lib/thumb/v7-m\libm.a
START GROUP
LOAD c:/ac6/systemworkbench/plugins/fr.ac6.mcu.externaltools.arm-none.win32_1.16.0.201807130628/tools/compiler/bin/../lib/gcc/arm-none-eabi/7.2.1/thumb/v7-m\libgcc.a
LOAD c:/ac6/systemworkbench/plugins/fr.ac6.mcu.externaltools.arm-none.win32_1.16.0.201807130628/tools/compiler/bin/../lib/gcc/arm-none-eabi/7.2.1/../../../../arm-none-eabi/lib/thumb/v7-m\libc_nano.a
END GROUP
START GROUP
LOAD c:/ac6/systemworkbench/plugins/fr.ac6.mcu.externaltools.arm-none.win32_1.16.0.201807130628/tools/compiler/bin/../lib/gcc/arm-none-eabi/7.2.1/thumb/v7-m\libgcc.a
LOAD c:/ac6/systemworkbench/plugins/fr.ac6.mcu.externaltools.arm-none.win32_1.16.0.201807130628/tools/compiler/bin/../lib/gcc/arm-none-eabi/7.2.1/../../../../arm-none-eabi/lib/thumb/v7-m\libc_nano.a
LOAD c:/ac6/systemworkbench/plugins/fr.ac6.mcu.externaltools.arm-none.win32_1.16.0.201807130628/tools/compiler/bin/../lib/gcc/arm-none-eabi/7.2.1/../../../../arm-none-eabi/lib/thumb/v7-m\libnosys.a
END GROUP
START GROUP
LOAD c:/ac6/systemworkbench/plugins/fr.ac6.mcu.externaltools.arm-none.win32_1.16.0.201807130628/tools/compiler/bin/../lib/gcc/arm-none-eabi/7.2.1/thumb/v7-m\libgcc.a
LOAD c:/ac6/systemworkbench/plugins/fr.ac6.mcu.externaltools.arm-none.win32_1.16.0.201807130628/tools/compiler/bin/../lib/gcc/arm-none-eabi/7.2.1/../../../../arm-none-eabi/lib/thumb/v7-m\libc_nano.a
LOAD c:/ac6/systemworkbench/plugins/fr.ac6.mcu.externaltools.arm-none.win32_1.16.0.201807130628/tools/compiler/bin/../lib/gcc/arm-none-eabi/7.2.1/../../../../arm-none-eabi/lib/thumb/v7-m\libnosys.a
END GROUP
LOAD c:/ac6/systemworkbench/plugins/fr.ac6.mcu.externaltools.arm-none.win32_1.16.0.201807130628/tools/compiler/bin/../lib/gcc/arm-none-eabi/7.2.1/thumb/v7-m/crtend.o
LOAD c:/ac6/systemworkbench/plugins/fr.ac6.mcu.externaltools.arm-none.win32_1.16.0.201807130628/tools/compiler/bin/../lib/gcc/arm-none-eabi/7.2.1/thumb/v7-m/crtn.o
                0x20005000                _estack = 0x20005000
                0x00000200                _Min_Heap_Size = 0x200
                0x00000400                _Min_Stack_Size = 0x400

.isr_vector     0x08000000      0x10c
                0x08000000                . = ALIGN (0x4)
 *(.isr_vector)
 .isr_vector    0x08000000      0x10c startup/startup_stm32f103xb.o
                0x08000000                g_pfnVectors
                0x0800010c                . = ALIGN (0x4)

.text           0x0800010c     0x2e94
                0x0800010c                . = ALIGN (0x4)
 *(.text)
 .text          0x0800010c       0x40 c:/ac6/systemworkbench/plugins/fr.ac6.mcu.externaltools.arm-none.win32_1.16.0.201807130628/tools/compiler/bin/../lib/gcc/arm-none-eabi/7.2.1/thumb/v7-m/crtbegin.o
 .text          0x0800014c       0x10 c:/ac6/systemworkbench/plugins/fr.ac6.mcu.externaltools.arm-none.win32_1.16.0.201807130628/tools/compiler/bin/../lib/gcc/arm-none-eabi/7.2.1/../../../../arm-none-eabi/lib/thumb/v7-m\libc_nano.a(lib_a-strlen.o)
                0x0800014c                strlen
 *(.text*)
 .text.HAL_InitTick
                0x0800015c       0x48 Drivers/STM32F1xx_HAL_Driver/Src/stm32f1xx_hal.o
                0x0800015c                HAL_InitTick
 .text.HAL_Init
                0x080001a4       0x24 Drivers/STM32F1xx_HAL_Driver/Src/stm32f1xx_hal.o
                0x080001a4                HAL_Init
 .text.HAL_IncTick
                0x080001c8       0x18 Drivers/STM32F1xx_HAL_Driver/Src/stm32f1xx_hal.o
                0x080001c8                HAL_IncTick
 .text.HAL_GetTick
                0x080001e0        0xc Drivers/STM32F1xx_HAL_Driver/Src/stm32f1xx_hal.o
                0x080001e0                HAL_GetTick
 .text.HAL_Delay
                0x080001ec       0x28 Drivers/STM32F1xx_HAL_Driver/Src/stm32f1xx_hal.o
                0x080001ec                HAL_Delay
 .text.HAL_NVIC_SetPriorityGrouping
                0x08000214       0x24 Drivers/STM32F1xx_HAL_Driver/Src/stm32f1xx_hal_cortex.o
                0x08000214                HAL_NVIC_SetPriorityGrouping
 .text.HAL_NVIC_SetPriority
                0x08000238       0x68 Drivers/STM32F1xx_HAL_Driver/Src/stm32f1xx_hal_cortex.o
                0x08000238                HAL_NVIC_SetPriority
 .text.HAL_NVIC_EnableIRQ
                0x080002a0       0x18 Drivers/STM32F1xx_HAL_Driver/Src/stm32f1xx_hal_cortex.o
                0x080002a0                HAL_NVIC_EnableIRQ
 .text.HAL_SYSTICK_Config
                0x080002b8       0x2c Drivers/STM32F1xx_HAL_Driver/Src/stm32f1xx_hal_cortex.o
                0x080002b8                HAL_SYSTICK_Config
 .text.HAL_SYSTICK_CLKSourceConfig
                0x080002e4       0x20 Drivers/STM32F1xx_HAL_Driver/Src/stm32f1xx_hal_cortex.o
                0x080002e4                HAL_SYSTICK_CLKSourceConfig
 .text.HAL_SYSTICK_Callback
                0x08000304        0x2 Drivers/STM32F1xx_HAL_Driver/Src/stm32f1xx_hal_cortex.o
                0x08000304                HAL_SYSTICK_Callback
 .text.HAL_SYSTICK_IRQHandler
                0x08000306        0x8 Drivers/STM32F1xx_HAL_Driver/Src/stm32f1xx_hal_cortex.o
                0x08000306                HAL_SYSTICK_IRQHandler
 *fill*         0x0800030e        0x2 
 .text.HAL_GPIO_Init
                0x08000310      0x1d4 Drivers/STM32F1xx_HAL_Driver/Src/stm32f1xx_hal_gpio.o
                0x08000310                HAL_GPIO_Init
 .text.HAL_GPIO_ReadPin
                0x080004e4        0xe Drivers/STM32F1xx_HAL_Driver/Src/stm32f1xx_hal_gpio.o
                0x080004e4                HAL_GPIO_ReadPin
 .text.HAL_PCD_Init
                0x080004f2       0xd6 Drivers/STM32F1xx_HAL_Driver/Src/stm32f1xx_hal_pcd.o
                0x080004f2                HAL_PCD_Init
 .text.HAL_PCD_Start
                0x080005c8       0x2e Drivers/STM32F1xx_HAL_Driver/Src/stm32f1xx_hal_pcd.o
                0x080005c8                HAL_PCD_Start
 .text.HAL_PCD_SetAddress
                0x080005f6       0x28 Drivers/STM32F1xx_HAL_Driver/Src/stm32f1xx_hal_pcd.o
                0x080005f6                HAL_PCD_SetAddress
 .text.HAL_PCD_EP_Open
                0x0800061e       0x52 Drivers/STM32F1xx_HAL_Driver/Src/stm32f1xx_hal_pcd.o
                0x0800061e                HAL_PCD_EP_Open
 .text.HAL_PCD_EP_Close
                0x08000670       0x4e Drivers/STM32F1xx_HAL_Driver/Src/stm32f1xx_hal_pcd.o
                0x08000670                HAL_PCD_EP_Close
 .text.HAL_PCD_EP_Receive
                0x080006be       0x3e Drivers/STM32F1xx_HAL_Driver/Src/stm32f1xx_hal_pcd.o
                0x080006be                HAL_PCD_EP_Receive
 .text.HAL_PCD_EP_GetRxCount
                0x080006fc        0xe Drivers/STM32F1xx_HAL_Driver/Src/stm32f1xx_hal_pcd.o
                0x080006fc                HAL_PCD_EP_GetRxCount
 .text.HAL_PCD_EP_Transmit
                0x0800070a       0x3c Drivers/STM32F1xx_HAL_Driver/Src/stm32f1xx_hal_pcd.o
                0x0800070a                HAL_PCD_EP_Transmit
 .text.PCD_EP_ISR_Handler
                0x08000746      0x444 Drivers/STM32F1xx_HAL_Driver/Src/stm32f1xx_hal_pcd.o
 .text.HAL_PCD_IRQHandler
                0x08000b8a      0x160 Drivers/STM32F1xx_HAL_Driver/Src/stm32f1xx_hal_pcd.o
                0x08000b8a                HAL_PCD_IRQHandler
 .text.HAL_PCD_EP_SetStall
                0x08000cea       0x5c Drivers/STM32F1xx_HAL_Driver/Src/stm32f1xx_hal_pcd.o
                0x08000cea                HAL_PCD_EP_SetStall
 .text.HAL_PCD_EP_ClrStall
                0x08000d46       0x4e Drivers/STM32F1xx_HAL_Driver/Src/stm32f1xx_hal_pcd.o
                0x08000d46                HAL_PCD_EP_ClrStall
 .text.HAL_PCDEx_PMAConfig
                0x08000d94       0x30 Drivers/STM32F1xx_HAL_Driver/Src/stm32f1xx_hal_pcd_ex.o
                0x08000d94                HAL_PCDEx_PMAConfig
 .text.RCC_Delay
                0x08000dc4       0x2c Drivers/STM32F1xx_HAL_Driver/Src/stm32f1xx_hal_rcc.o
 .text.HAL_RCC_OscConfig
                0x08000df0      0x3dc Drivers/STM32F1xx_HAL_Driver/Src/stm32f1xx_hal_rcc.o
                0x08000df0                HAL_RCC_OscConfig
 .text.HAL_RCC_GetSysClockFreq
                0x080011cc       0x70 Drivers/STM32F1xx_HAL_Driver/Src/stm32f1xx_hal_rcc.o
                0x080011cc                HAL_RCC_GetSysClockFreq
 .text.HAL_RCC_ClockConfig
                0x0800123c      0x178 Drivers/STM32F1xx_HAL_Driver/Src/stm32f1xx_hal_rcc.o
                0x0800123c                HAL_RCC_ClockConfig
 .text.HAL_RCC_GetHCLKFreq
                0x080013b4        0xc Drivers/STM32F1xx_HAL_Driver/Src/stm32f1xx_hal_rcc.o
                0x080013b4                HAL_RCC_GetHCLKFreq
 .text.HAL_RCCEx_PeriphCLKConfig
                0x080013c0      0x114 Drivers/STM32F1xx_HAL_Driver/Src/stm32f1xx_hal_rcc_ex.o
                0x080013c0                HAL_RCCEx_PeriphCLKConfig
 .text.USB_CoreInit
                0x080014d4        0xe Drivers/STM32F1xx_HAL_Driver/Src/stm32f1xx_ll_usb.o
                0x080014d4                USB_CoreInit
 .text.USB_EnableGlobalInt
                0x080014e2       0x10 Drivers/STM32F1xx_HAL_Driver/Src/stm32f1xx_ll_usb.o
                0x080014e2                USB_EnableGlobalInt
 .text.USB_DisableGlobalInt
                0x080014f2       0x14 Drivers/STM32F1xx_HAL_Driver/Src/stm32f1xx_ll_usb.o
                0x080014f2                USB_DisableGlobalInt
 .text.USB_SetCurrentMode
                0x08001506        0x4 Drivers/STM32F1xx_HAL_Driver/Src/stm32f1xx_ll_usb.o
                0x08001506                USB_SetCurrentMode
 .text.USB_DevInit
                0x0800150a       0x2c Drivers/STM32F1xx_HAL_Driver/Src/stm32f1xx_ll_usb.o
                0x0800150a                USB_DevInit
 .text.USB_ActivateEndpoint
                0x08001536      0x328 Drivers/STM32F1xx_HAL_Driver/Src/stm32f1xx_ll_usb.o
                0x08001536                USB_ActivateEndpoint
 .text.USB_DeactivateEndpoint
                0x0800185e      0x1c4 Drivers/STM32F1xx_HAL_Driver/Src/stm32f1xx_ll_usb.o
                0x0800185e                USB_DeactivateEndpoint
 .text.USB_EPSetStall
                0x08001a22       0x6e Drivers/STM32F1xx_HAL_Driver/Src/stm32f1xx_ll_usb.o
                0x08001a22                USB_EPSetStall
 .text.USB_EPClearStall
                0x08001a90       0x92 Drivers/STM32F1xx_HAL_Driver/Src/stm32f1xx_ll_usb.o
                0x08001a90                USB_EPClearStall
 .text.USB_SetDevAddress
                0x08001b22        0xc Drivers/STM32F1xx_HAL_Driver/Src/stm32f1xx_ll_usb.o
                0x08001b22                USB_SetDevAddress
 .text.USB_DevConnect
                0x08001b2e        0x4 Drivers/STM32F1xx_HAL_Driver/Src/stm32f1xx_ll_usb.o
                0x08001b2e                USB_DevConnect
 .text.USB_DevDisconnect
                0x08001b32        0x4 Drivers/STM32F1xx_HAL_Driver/Src/stm32f1xx_ll_usb.o
                0x08001b32                USB_DevDisconnect
 .text.USB_ReadInterrupts
                0x08001b36        0x6 Drivers/STM32F1xx_HAL_Driver/Src/stm32f1xx_ll_usb.o
                0x08001b36                USB_ReadInterrupts
 .text.USB_EP0_OutStart
                0x08001b3c        0x4 Drivers/STM32F1xx_HAL_Driver/Src/stm32f1xx_ll_usb.o
                0x08001b3c                USB_EP0_OutStart
 .text.USB_WritePMA
                0x08001b40       0x2a Drivers/STM32F1xx_HAL_Driver/Src/stm32f1xx_ll_usb.o
                0x08001b40                USB_WritePMA
 .text.USB_EPStartXfer
                0x08001b6a      0x2ba Drivers/STM32F1xx_HAL_Driver/Src/stm32f1xx_ll_usb.o
                0x08001b6a                USB_EPStartXfer
 .text.USB_ReadPMA
                0x08001e24       0x1e Drivers/STM32F1xx_HAL_Driver/Src/stm32f1xx_ll_usb.o
                0x08001e24                USB_ReadPMA
 .text.USBD_CDC_DataIn
                0x08001e42       0x12 Middlewares/ST/STM32_USB_Device_Library/Class/CDC/Src/usbd_cdc.o
 .text.USBD_CDC_EP0_RxReady
                0x08001e54       0x28 Middlewares/ST/STM32_USB_Device_Library/Class/CDC/Src/usbd_cdc.o
 .text.USBD_CDC_GetFSCfgDesc
                0x08001e7c        0xc Middlewares/ST/STM32_USB_Device_Library/Class/CDC/Src/usbd_cdc.o
 .text.USBD_CDC_GetHSCfgDesc
                0x08001e88        0xc Middlewares/ST/STM32_USB_Device_Library/Class/CDC/Src/usbd_cdc.o
 .text.USBD_CDC_GetOtherSpeedCfgDesc
                0x08001e94        0xc Middlewares/ST/STM32_USB_Device_Library/Class/CDC/Src/usbd_cdc.o
 .text.USBD_CDC_GetDeviceQualifierDescriptor
                0x08001ea0        0xc Middlewares/ST/STM32_USB_Device_Library/Class/CDC/Src/usbd_cdc.o
                0x08001ea0                USBD_CDC_GetDeviceQualifierDescriptor
 .text.USBD_CDC_DataOut
                0x08001eac       0x2e Middlewares/ST/STM32_USB_Device_Library/Class/CDC/Src/usbd_cdc.o
 *fill*         0x08001eda        0x2 
 .text.USBD_CDC_Setup
                0x08001edc       0x74 Middlewares/ST/STM32_USB_Device_Library/Class/CDC/Src/usbd_cdc.o
 .text.USBD_CDC_DeInit
                0x08001f50       0x3a Middlewares/ST/STM32_USB_Device_Library/Class/CDC/Src/usbd_cdc.o
 .text.USBD_CDC_Init
                0x08001f8a       0x96 Middlewares/ST/STM32_USB_Device_Library/Class/CDC/Src/usbd_cdc.o
 .text.USBD_CDC_RegisterInterface
                0x08002020        0xe Middlewares/ST/STM32_USB_Device_Library/Class/CDC/Src/usbd_cdc.o
                0x08002020                USBD_CDC_RegisterInterface
 .text.USBD_CDC_SetTxBuffer
                0x0800202e       0x10 Middlewares/ST/STM32_USB_Device_Library/Class/CDC/Src/usbd_cdc.o
                0x0800202e                USBD_CDC_SetTxBuffer
 .text.USBD_CDC_SetRxBuffer
                0x0800203e        0xc Middlewares/ST/STM32_USB_Device_Library/Class/CDC/Src/usbd_cdc.o
                0x0800203e                USBD_CDC_SetRxBuffer
 .text.USBD_CDC_TransmitPacket
                0x0800204a       0x2e Middlewares/ST/STM32_USB_Device_Library/Class/CDC/Src/usbd_cdc.o
                0x0800204a                USBD_CDC_TransmitPacket
 .text.USBD_CDC_ReceivePacket
                0x08002078       0x32 Middlewares/ST/STM32_USB_Device_Library/Class/CDC/Src/usbd_cdc.o
                0x08002078                USBD_CDC_ReceivePacket
 .text.USBD_Init
                0x080020aa       0x2e Middlewares/ST/STM32_USB_Device_Library/Core/Src/usbd_core.o
                0x080020aa                USBD_Init
 .text.USBD_RegisterClass
                0x080020d8        0xe Middlewares/ST/STM32_USB_Device_Library/Core/Src/usbd_core.o
                0x080020d8                USBD_RegisterClass
 .text.USBD_Start
                0x080020e6        0xa Middlewares/ST/STM32_USB_Device_Library/Core/Src/usbd_core.o
                0x080020e6                USBD_Start
 .text.USBD_SetClassConfig
                0x080020f0       0x1a Middlewares/ST/STM32_USB_Device_Library/Core/Src/usbd_core.o
                0x080020f0                USBD_SetClassConfig
 .text.USBD_ClrClassConfig
                0x0800210a        0xe Middlewares/ST/STM32_USB_Device_Library/Core/Src/usbd_core.o
                0x0800210a                USBD_ClrClassConfig
 .text.USBD_LL_SetupStage
                0x08002118       0x5a Middlewares/ST/STM32_USB_Device_Library/Core/Src/usbd_core.o
                0x08002118                USBD_LL_SetupStage
 .text.USBD_LL_DataOutStage
                0x08002172       0x6a Middlewares/ST/STM32_USB_Device_Library/Core/Src/usbd_core.o
                0x08002172                USBD_LL_DataOutStage
 .text.USBD_LL_DataInStage
                0x080021dc       0xb0 Middlewares/ST/STM32_USB_Device_Library/Core/Src/usbd_core.o
                0x080021dc                USBD_LL_DataInStage
 .text.USBD_LL_Reset
                0x0800228c       0x3e Middlewares/ST/STM32_USB_Device_Library/Core/Src/usbd_core.o
                0x0800228c                USBD_LL_Reset
 .text.USBD_LL_SetSpeed
                0x080022ca        0x6 Middlewares/ST/STM32_USB_Device_Library/Core/Src/usbd_core.o
                0x080022ca                USBD_LL_SetSpeed
 .text.USBD_LL_Suspend
                0x080022d0       0x12 Middlewares/ST/STM32_USB_Device_Library/Core/Src/usbd_core.o
                0x080022d0                USBD_LL_Suspend
 .text.USBD_LL_Resume
                0x080022e2        0xc Middlewares/ST/STM32_USB_Device_Library/Core/Src/usbd_core.o
                0x080022e2                USBD_LL_Resume
 .text.USBD_LL_SOF
                0x080022ee       0x1c Middlewares/ST/STM32_USB_Device_Library/Core/Src/usbd_core.o
                0x080022ee                USBD_LL_SOF
 .text.USBD_GetLen
                0x0800230a       0x14 Middlewares/ST/STM32_USB_Device_Library/Core/Src/usbd_ctlreq.o
 .text.USBD_SetFeature
                0x0800231e       0x20 Middlewares/ST/STM32_USB_Device_Library/Core/Src/usbd_ctlreq.o
 .text.USBD_ParseSetupRequest
                0x0800233e       0x28 Middlewares/ST/STM32_USB_Device_Library/Core/Src/usbd_ctlreq.o
                0x0800233e                USBD_ParseSetupRequest
 .text.USBD_CtlError
                0x08002366       0x14 Middlewares/ST/STM32_USB_Device_Library/Core/Src/usbd_ctlreq.o
                0x08002366                USBD_CtlError
 .text.USBD_GetDescriptor
                0x0800237a      0x132 Middlewares/ST/STM32_USB_Device_Library/Core/Src/usbd_ctlreq.o
 .text.USBD_SetAddress
                0x080024ac       0x4a Middlewares/ST/STM32_USB_Device_Library/Core/Src/usbd_ctlreq.o
 *fill*         0x080024f6        0x2 
 .text.USBD_SetConfig
                0x080024f8       0xa4 Middlewares/ST/STM32_USB_Device_Library/Core/Src/usbd_ctlreq.o
 .text.USBD_GetConfig
                0x0800259c       0x3a Middlewares/ST/STM32_USB_Device_Library/Core/Src/usbd_ctlreq.o
 .text.USBD_GetStatus
                0x080025d6       0x2c Middlewares/ST/STM32_USB_Device_Library/Core/Src/usbd_ctlreq.o
 .text.USBD_ClrFeature
                0x08002602       0x30 Middlewares/ST/STM32_USB_Device_Library/Core/Src/usbd_ctlreq.o
 .text.USBD_StdDevReq
                0x08002632       0x48 Middlewares/ST/STM32_USB_Device_Library/Core/Src/usbd_ctlreq.o
                0x08002632                USBD_StdDevReq
 .text.USBD_StdItfReq
                0x0800267a       0x38 Middlewares/ST/STM32_USB_Device_Library/Core/Src/usbd_ctlreq.o
                0x0800267a                USBD_StdItfReq
 .text.USBD_StdEPReq
                0x080026b2      0x118 Middlewares/ST/STM32_USB_Device_Library/Core/Src/usbd_ctlreq.o
                0x080026b2                USBD_StdEPReq
 .text.USBD_GetString
                0x080027ca       0x3a Middlewares/ST/STM32_USB_Device_Library/Core/Src/usbd_ctlreq.o
                0x080027ca                USBD_GetString
 .text.USBD_CtlSendData
                0x08002804       0x1a Middlewares/ST/STM32_USB_Device_Library/Core/Src/usbd_ioreq.o
                0x08002804                USBD_CtlSendData
 .text.USBD_CtlContinueSendData
                0x0800281e       0x10 Middlewares/ST/STM32_USB_Device_Library/Core/Src/usbd_ioreq.o
                0x0800281e                USBD_CtlContinueSendData
 .text.USBD_CtlPrepareRx
                0x0800282e       0x1e Middlewares/ST/STM32_USB_Device_Library/Core/Src/usbd_ioreq.o
                0x0800282e                USBD_CtlPrepareRx
 .text.USBD_CtlContinueRx
                0x0800284c       0x10 Middlewares/ST/STM32_USB_Device_Library/Core/Src/usbd_ioreq.o
                0x0800284c                USBD_CtlContinueRx
 .text.USBD_CtlSendStatus
                0x0800285c       0x16 Middlewares/ST/STM32_USB_Device_Library/Core/Src/usbd_ioreq.o
                0x0800285c                USBD_CtlSendStatus
 .text.USBD_CtlReceiveStatus
                0x08002872       0x16 Middlewares/ST/STM32_USB_Device_Library/Core/Src/usbd_ioreq.o
                0x08002872                USBD_CtlReceiveStatus
 .text.MX_GPIO_Init
                0x08002888       0x50 Src/main.o
 .text._Error_Handler
                0x080028d8        0x2 Src/main.o
                0x080028d8                _Error_Handler
 *fill*         0x080028da        0x2 
 .text.SystemClock_Config
                0x080028dc       0xa0 Src/main.o
                0x080028dc                SystemClock_Config
 .text.main     0x0800297c       0x6c Src/main.o
                0x0800297c                main
 .text.HAL_MspInit
                0x080029e8       0xa0 Src/stm32f1xx_hal_msp.o
                0x080029e8                HAL_MspInit
 .text.NMI_Handler
                0x08002a88        0x2 Src/stm32f1xx_it.o
                0x08002a88                NMI_Handler
 .text.HardFault_Handler
                0x08002a8a        0x2 Src/stm32f1xx_it.o
                0x08002a8a                HardFault_Handler
 .text.MemManage_Handler
                0x08002a8c        0x2 Src/stm32f1xx_it.o
                0x08002a8c                MemManage_Handler
 .text.BusFault_Handler
                0x08002a8e        0x2 Src/stm32f1xx_it.o
                0x08002a8e                BusFault_Handler
 .text.UsageFault_Handler
                0x08002a90        0x2 Src/stm32f1xx_it.o
                0x08002a90                UsageFault_Handler
 .text.SVC_Handler
                0x08002a92        0x2 Src/stm32f1xx_it.o
                0x08002a92                SVC_Handler
 .text.DebugMon_Handler
                0x08002a94        0x2 Src/stm32f1xx_it.o
                0x08002a94                DebugMon_Handler
 .text.PendSV_Handler
                0x08002a96        0x2 Src/stm32f1xx_it.o
                0x08002a96                PendSV_Handler
 .text.SysTick_Handler
                0x08002a98        0xc Src/stm32f1xx_it.o
                0x08002a98                SysTick_Handler
 .text.USB_LP_CAN1_RX0_IRQHandler
                0x08002aa4       0x10 Src/stm32f1xx_it.o
                0x08002aa4                USB_LP_CAN1_RX0_IRQHandler
 .text.SystemInit
                0x08002ab4       0x4c Src/system_stm32f1xx.o
                0x08002ab4                SystemInit
 .text.MX_USB_DEVICE_Init
                0x08002b00       0x38 Src/usb_device.o
                0x08002b00                MX_USB_DEVICE_Init
 .text.CDC_DeInit_FS
                0x08002b38        0x4 Src/usbd_cdc_if.o
 .text.CDC_Control_FS
                0x08002b3c        0x4 Src/usbd_cdc_if.o
 .text.CDC_Receive_FS
                0x08002b40       0x1c Src/usbd_cdc_if.o
 .text.CDC_Init_FS
                0x08002b5c       0x28 Src/usbd_cdc_if.o
 .text.CDC_Transmit_FS
                0x08002b84       0x2c Src/usbd_cdc_if.o
                0x08002b84                CDC_Transmit_FS
 .text.HAL_PCD_MspInit
                0x08002bb0       0x40 Src/usbd_conf.o
                0x08002bb0                HAL_PCD_MspInit
 .text.HAL_PCD_SetupStageCallback
                0x08002bf0       0x10 Src/usbd_conf.o
                0x08002bf0                HAL_PCD_SetupStageCallback
 .text.HAL_PCD_DataOutStageCallback
                0x08002c00       0x14 Src/usbd_conf.o
                0x08002c00                HAL_PCD_DataOutStageCallback
 .text.HAL_PCD_DataInStageCallback
                0x08002c14       0x12 Src/usbd_conf.o
                0x08002c14                HAL_PCD_DataInStageCallback
 .text.HAL_PCD_SOFCallback
                0x08002c26        0xc Src/usbd_conf.o
                0x08002c26                HAL_PCD_SOFCallback
 .text.HAL_PCD_ResetCallback
                0x08002c32       0x18 Src/usbd_conf.o
                0x08002c32                HAL_PCD_ResetCallback
 *fill*         0x08002c4a        0x2 
 .text.HAL_PCD_SuspendCallback
                0x08002c4c       0x20 Src/usbd_conf.o
                0x08002c4c                HAL_PCD_SuspendCallback
 .text.HAL_PCD_ResumeCallback
                0x08002c6c        0xc Src/usbd_conf.o
                0x08002c6c                HAL_PCD_ResumeCallback
 .text.USBD_LL_Init
                0x08002c78       0x94 Src/usbd_conf.o
                0x08002c78                USBD_LL_Init
 .text.USBD_LL_Start
                0x08002d0c       0x1c Src/usbd_conf.o
                0x08002d0c                USBD_LL_Start
 .text.USBD_LL_OpenEP
                0x08002d28       0x22 Src/usbd_conf.o
                0x08002d28                USBD_LL_OpenEP
 .text.USBD_LL_CloseEP
                0x08002d4a       0x1c Src/usbd_conf.o
                0x08002d4a                USBD_LL_CloseEP
 .text.USBD_LL_StallEP
                0x08002d66       0x1c Src/usbd_conf.o
                0x08002d66                USBD_LL_StallEP
 .text.USBD_LL_ClearStallEP
                0x08002d82       0x1c Src/usbd_conf.o
                0x08002d82                USBD_LL_ClearStallEP
 .text.USBD_LL_IsStallEP
                0x08002d9e       0x26 Src/usbd_conf.o
                0x08002d9e                USBD_LL_IsStallEP
 .text.USBD_LL_SetUSBAddress
                0x08002dc4       0x1c Src/usbd_conf.o
                0x08002dc4                USBD_LL_SetUSBAddress
 .text.USBD_LL_Transmit
                0x08002de0       0x1c Src/usbd_conf.o
                0x08002de0                USBD_LL_Transmit
 .text.USBD_LL_PrepareReceive
                0x08002dfc       0x1c Src/usbd_conf.o
                0x08002dfc                USBD_LL_PrepareReceive
 .text.USBD_LL_GetRxDataSize
                0x08002e18        0xc Src/usbd_conf.o
                0x08002e18                USBD_LL_GetRxDataSize
 .text.USBD_static_malloc
                0x08002e24        0x8 Src/usbd_conf.o
                0x08002e24                USBD_static_malloc
 .text.USBD_static_free
                0x08002e2c        0x2 Src/usbd_conf.o
                0x08002e2c                USBD_static_free
 .text.HAL_PCDEx_SetConnectionState
                0x08002e2e        0x2 Src/usbd_conf.o
                0x08002e2e                HAL_PCDEx_SetConnectionState
 .text.USBD_FS_DeviceDescriptor
                0x08002e30        0xc Src/usbd_desc.o
                0x08002e30                USBD_FS_DeviceDescriptor
 .text.USBD_FS_LangIDStrDescriptor
                0x08002e3c        0xc Src/usbd_desc.o
                0x08002e3c                USBD_FS_LangIDStrDescriptor
 .text.USBD_FS_ProductStrDescriptor
                0x08002e48       0x24 Src/usbd_desc.o
                0x08002e48                USBD_FS_ProductStrDescriptor
 .text.USBD_FS_ManufacturerStrDescriptor
                0x08002e6c       0x1c Src/usbd_desc.o
                0x08002e6c                USBD_FS_ManufacturerStrDescriptor
 .text.USBD_FS_SerialStrDescriptor
                0x08002e88       0x24 Src/usbd_desc.o
                0x08002e88                USBD_FS_SerialStrDescriptor
 .text.USBD_FS_ConfigStrDescriptor
                0x08002eac       0x24 Src/usbd_desc.o
                0x08002eac                USBD_FS_ConfigStrDescriptor
 .text.USBD_FS_InterfaceStrDescriptor
                0x08002ed0       0x24 Src/usbd_desc.o
                0x08002ed0                USBD_FS_InterfaceStrDescriptor
 .text.Reset_Handler
                0x08002ef4       0x48 startup/startup_stm32f103xb.o
                0x08002ef4                Reset_Handler
 .text.Default_Handler
                0x08002f3c        0x2 startup/startup_stm32f103xb.o
                0x08002f3c                RTC_Alarm_IRQHandler
                0x08002f3c                EXTI2_IRQHandler
                0x08002f3c                TIM1_CC_IRQHandler
                0x08002f3c                PVD_IRQHandler
                0x08002f3c                EXTI3_IRQHandler
                0x08002f3c                EXTI0_IRQHandler
                0x08002f3c                I2C2_EV_IRQHandler
                0x08002f3c                ADC1_2_IRQHandler
                0x08002f3c                SPI1_IRQHandler
                0x08002f3c                TAMPER_IRQHandler
                0x08002f3c                DMA1_Channel4_IRQHandler
                0x08002f3c                USART3_IRQHandler
                0x08002f3c                RTC_IRQHandler
                0x08002f3c                DMA1_Channel7_IRQHandler
                0x08002f3c                CAN1_RX1_IRQHandler
                0x08002f3c                TIM4_IRQHandler
                0x08002f3c                I2C1_EV_IRQHandler
                0x08002f3c                DMA1_Channel6_IRQHandler
                0x08002f3c                TIM3_IRQHandler
                0x08002f3c                RCC_IRQHandler
                0x08002f3c                TIM1_TRG_COM_IRQHandler
                0x08002f3c                DMA1_Channel1_IRQHandler
                0x08002f3c                Default_Handler
                0x08002f3c                EXTI15_10_IRQHandler
                0x08002f3c                EXTI9_5_IRQHandler
                0x08002f3c                SPI2_IRQHandler
                0x08002f3c                DMA1_Channel5_IRQHandler
                0x08002f3c                EXTI4_IRQHandler
                0x08002f3c                USB_HP_CAN1_TX_IRQHandler
                0x08002f3c                DMA1_Channel3_IRQHandler
                0x08002f3c                TIM1_UP_IRQHandler
                0x08002f3c                WWDG_IRQHandler
                0x08002f3c                TIM2_IRQHandler
                0x08002f3c                TIM1_BRK_IRQHandler
                0x08002f3c                EXTI1_IRQHandler
                0x08002f3c                USART2_IRQHandler
                0x08002f3c                I2C2_ER_IRQHandler
                0x08002f3c                DMA1_Channel2_IRQHandler
                0x08002f3c                CAN1_SCE_IRQHandler
                0x08002f3c                FLASH_IRQHandler
                0x08002f3c                USART1_IRQHandler
                0x08002f3c                I2C1_ER_IRQHandler
                0x08002f3c                USBWakeUp_IRQHandler
 *fill*         0x08002f3e        0x2 
 .text.__libc_init_array
                0x08002f40       0x48 c:/ac6/systemworkbench/plugins/fr.ac6.mcu.externaltools.arm-none.win32_1.16.0.201807130628/tools/compiler/bin/../lib/gcc/arm-none-eabi/7.2.1/../../../../arm-none-eabi/lib/thumb/v7-m\libc_nano.a(lib_a-init.o)
                0x08002f40                __libc_init_array
 *(.glue_7)
 .glue_7        0x08002f88        0x0 linker stubs
 *(.glue_7t)
 .glue_7t       0x08002f88        0x0 linker stubs
 *(.eh_frame)
 .eh_frame      0x08002f88        0x0 c:/ac6/systemworkbench/plugins/fr.ac6.mcu.externaltools.arm-none.win32_1.16.0.201807130628/tools/compiler/bin/../lib/gcc/arm-none-eabi/7.2.1/thumb/v7-m/crtbegin.o
 *(.init)
 .init          0x08002f88        0x4 c:/ac6/systemworkbench/plugins/fr.ac6.mcu.externaltools.arm-none.win32_1.16.0.201807130628/tools/compiler/bin/../lib/gcc/arm-none-eabi/7.2.1/thumb/v7-m/crti.o
                0x08002f88                _init
 .init          0x08002f8c        0x8 c:/ac6/systemworkbench/plugins/fr.ac6.mcu.externaltools.arm-none.win32_1.16.0.201807130628/tools/compiler/bin/../lib/gcc/arm-none-eabi/7.2.1/thumb/v7-m/crtn.o
 *(.fini)
 .fini          0x08002f94        0x4 c:/ac6/systemworkbench/plugins/fr.ac6.mcu.externaltools.arm-none.win32_1.16.0.201807130628/tools/compiler/bin/../lib/gcc/arm-none-eabi/7.2.1/thumb/v7-m/crti.o
                0x08002f94                _fini
 .fini          0x08002f98        0x8 c:/ac6/systemworkbench/plugins/fr.ac6.mcu.externaltools.arm-none.win32_1.16.0.201807130628/tools/compiler/bin/../lib/gcc/arm-none-eabi/7.2.1/thumb/v7-m/crtn.o
                0x08002fa0                . = ALIGN (0x4)
                0x08002fa0                _etext = .

.vfp11_veneer   0x08002fa0        0x0
 .vfp11_veneer  0x08002fa0        0x0 linker stubs

.v4_bx          0x08002fa0        0x0
 .v4_bx         0x08002fa0        0x0 linker stubs

.iplt           0x08002fa0        0x0
 .iplt          0x08002fa0        0x0 c:/ac6/systemworkbench/plugins/fr.ac6.mcu.externaltools.arm-none.win32_1.16.0.201807130628/tools/compiler/bin/../lib/gcc/arm-none-eabi/7.2.1/thumb/v7-m/crtbegin.o

.rodata         0x08002fa0       0xa8
                0x08002fa0                . = ALIGN (0x4)
 *(.rodata)
 .rodata        0x08002fa0       0x12 Drivers/STM32F1xx_HAL_Driver/Src/stm32f1xx_hal_rcc.o
 *fill*         0x08002fb2        0x2 
 .rodata        0x08002fb4       0x18 Src/system_stm32f1xx.o
                0x08002fb4                AHBPrescTable
                0x08002fc4                APBPrescTable
 *(.rodata*)
 .rodata.str1.4
                0x08002fcc        0xe Src/main.o
 *fill*         0x08002fda        0x2 
 .rodata.str1.4
                0x08002fdc       0x13 Src/usbd_conf.o
 *fill*         0x08002fef        0x1 
 .rodata.str1.4
                0x08002ff0       0x58 Src/usbd_desc.o
                                 0x56 (size before relaxing)
                0x08003048                . = ALIGN (0x4)

.rel.dyn        0x08003048        0x0
 .rel.iplt      0x08003048        0x0 c:/ac6/systemworkbench/plugins/fr.ac6.mcu.externaltools.arm-none.win32_1.16.0.201807130628/tools/compiler/bin/../lib/gcc/arm-none-eabi/7.2.1/thumb/v7-m/crtbegin.o

.ARM.extab
 *(.ARM.extab* .gnu.linkonce.armextab.*)

.ARM            0x08003048        0x0
                0x08003048                __exidx_start = .
 *(.ARM.exidx*)
                0x08003048                __exidx_end = .

.preinit_array  0x08003048        0x0
                0x08003048                PROVIDE (__preinit_array_start, .)
 *(.preinit_array*)
                0x08003048                PROVIDE (__preinit_array_end, .)

.init_array     0x08003048        0x4
                0x08003048                PROVIDE (__init_array_start, .)
 *(SORT_BY_NAME(.init_array.*))
 *(.init_array*)
 .init_array    0x08003048        0x4 c:/ac6/systemworkbench/plugins/fr.ac6.mcu.externaltools.arm-none.win32_1.16.0.201807130628/tools/compiler/bin/../lib/gcc/arm-none-eabi/7.2.1/thumb/v7-m/crtbegin.o
                0x0800304c                PROVIDE (__init_array_end, .)

.fini_array     0x0800304c        0x4
                [!provide]                PROVIDE (__fini_array_start, .)
 *(SORT_BY_NAME(.fini_array.*))
 *(.fini_array*)
 .fini_array    0x0800304c        0x4 c:/ac6/systemworkbench/plugins/fr.ac6.mcu.externaltools.arm-none.win32_1.16.0.201807130628/tools/compiler/bin/../lib/gcc/arm-none-eabi/7.2.1/thumb/v7-m/crtbegin.o
                [!provide]                PROVIDE (__fini_array_end, .)
                0x08003050                _sidata = LOADADDR (.data)

.data           0x20000000      0x160 load address 0x08003050
                0x20000000                . = ALIGN (0x4)
                0x20000000                _sdata = .
 *(.data)
 .data          0x20000000        0x8 Drivers/STM32F1xx_HAL_Driver/Src/stm32f1xx_hal.o
                0x20000000                uwTickFreq
                0x20000004                uwTickPrio
 .data          0x20000008      0x110 Middlewares/ST/STM32_USB_Device_Library/Class/CDC/Src/usbd_cdc.o
                0x20000008                USBD_CDC_CfgFSDesc
                0x2000004c                USBD_CDC_CfgHSDesc
                0x20000090                USBD_CDC_OtherSpeedCfgDesc
                0x200000e0                USBD_CDC
 .data          0x20000118        0x4 Src/system_stm32f1xx.o
                0x20000118                SystemCoreClock
 .data          0x2000011c       0x10 Src/usbd_cdc_if.o
                0x2000011c                USBD_Interface_fops_FS
 .data          0x2000012c       0x34 Src/usbd_desc.o
                0x2000012c                USBD_FS_DeviceDesc
                0x20000140                USBD_LangIDDesc
                0x20000144                FS_Desc
 *(.data*)
                0x20000160                . = ALIGN (0x4)
                0x20000160                _edata = .

.igot.plt       0x20000160        0x0 load address 0x080031b0
 .igot.plt      0x20000160        0x0 c:/ac6/systemworkbench/plugins/fr.ac6.mcu.externaltools.arm-none.win32_1.16.0.201807130628/tools/compiler/bin/../lib/gcc/arm-none-eabi/7.2.1/thumb/v7-m/crtbegin.o
                0x20000160                . = ALIGN (0x4)

.bss            0x20000160     0x1298 load address 0x080031b0
                0x20000160                _sbss = .
                0x20000160                __bss_start__ = _sbss
 *(.bss)
 .bss           0x20000160       0x1c c:/ac6/systemworkbench/plugins/fr.ac6.mcu.externaltools.arm-none.win32_1.16.0.201807130628/tools/compiler/bin/../lib/gcc/arm-none-eabi/7.2.1/thumb/v7-m/crtbegin.o
 .bss           0x2000017c        0x1 Middlewares/ST/STM32_USB_Device_Library/Class/CDC/Src/usbd_cdc.o
 .bss           0x2000017d        0x1 Middlewares/ST/STM32_USB_Device_Library/Core/Src/usbd_ctlreq.o
 *fill*         0x2000017e        0x2 
 .bss           0x20000180      0x220 Src/usbd_conf.o
 *(.bss*)
 *(COMMON)
 COMMON         0x200003a0        0x4 Drivers/STM32F1xx_HAL_Driver/Src/stm32f1xx_hal.o
                0x200003a0                uwTick
 COMMON         0x200003a4      0x224 Src/usb_device.o
                0x200003a4                hUsbDeviceFS
 COMMON         0x200005c8      0x7d0 Src/usbd_cdc_if.o
                0x200005c8                UserRxBufferFS
                0x200009b0                UserTxBufferFS
 COMMON         0x20000d98      0x460 Src/usbd_conf.o
                0x20000d98                hpcd_USB_FS
 COMMON         0x200011f8      0x200 Src/usbd_desc.o
                0x200011f8                USBD_StrDesc
                0x200013f8                . = ALIGN (0x4)
                0x200013f8                _ebss = .
                0x200013f8                __bss_end__ = _ebss

._user_heap_stack
                0x200013f8      0x600 load address 0x080031b0
                0x200013f8                . = ALIGN (0x8)
                [!provide]                PROVIDE (end, .)
                [!provide]                PROVIDE (_end, .)
                0x200015f8                . = (. + _Min_Heap_Size)
 *fill*         0x200013f8      0x200 
                0x200019f8                . = (. + _Min_Stack_Size)
 *fill*         0x200015f8      0x400 
                0x200019f8                . = ALIGN (0x8)

/DISCARD/
 libc.a(*)
 libm.a(*)
 libgcc.a(*)

.ARM.attributes
                0x00000000       0x29
 *(.ARM.attributes)
 .ARM.attributes
                0x00000000       0x1d c:/ac6/systemworkbench/plugins/fr.ac6.mcu.externaltools.arm-none.win32_1.16.0.201807130628/tools/compiler/bin/../lib/gcc/arm-none-eabi/7.2.1/thumb/v7-m/crti.o
 .ARM.attributes
                0x0000001d       0x2d c:/ac6/systemworkbench/plugins/fr.ac6.mcu.externaltools.arm-none.win32_1.16.0.201807130628/tools/compiler/bin/../lib/gcc/arm-none-eabi/7.2.1/thumb/v7-m/crtbegin.o
 .ARM.attributes
                0x0000004a       0x33 Drivers/STM32F1xx_HAL_Driver/Src/stm32f1xx_hal.o
 .ARM.attributes
                0x0000007d       0x33 Drivers/STM32F1xx_HAL_Driver/Src/stm32f1xx_hal_cortex.o
 .ARM.attributes
                0x000000b0       0x33 Drivers/STM32F1xx_HAL_Driver/Src/stm32f1xx_hal_gpio.o
 .ARM.attributes
                0x000000e3       0x33 Drivers/STM32F1xx_HAL_Driver/Src/stm32f1xx_hal_pcd.o
 .ARM.attributes
                0x00000116       0x33 Drivers/STM32F1xx_HAL_Driver/Src/stm32f1xx_hal_pcd_ex.o
 .ARM.attributes
                0x00000149       0x33 Drivers/STM32F1xx_HAL_Driver/Src/stm32f1xx_hal_rcc.o
 .ARM.attributes
                0x0000017c       0x33 Drivers/STM32F1xx_HAL_Driver/Src/stm32f1xx_hal_rcc_ex.o
 .ARM.attributes
                0x000001af       0x33 Drivers/STM32F1xx_HAL_Driver/Src/stm32f1xx_ll_usb.o
 .ARM.attributes
                0x000001e2       0x33 Middlewares/ST/STM32_USB_Device_Library/Class/CDC/Src/usbd_cdc.o
 .ARM.attributes
                0x00000215       0x33 Middlewares/ST/STM32_USB_Device_Library/Core/Src/usbd_core.o
 .ARM.attributes
                0x00000248       0x33 Middlewares/ST/STM32_USB_Device_Library/Core/Src/usbd_ctlreq.o
 .ARM.attributes
                0x0000027b       0x33 Middlewares/ST/STM32_USB_Device_Library/Core/Src/usbd_ioreq.o
 .ARM.attributes
                0x000002ae       0x33 Src/main.o
 .ARM.attributes
                0x000002e1       0x33 Src/stm32f1xx_hal_msp.o
 .ARM.attributes
                0x00000314       0x33 Src/stm32f1xx_it.o
 .ARM.attributes
                0x00000347       0x33 Src/system_stm32f1xx.o
 .ARM.attributes
                0x0000037a       0x33 Src/usb_device.o
 .ARM.attributes
                0x000003ad       0x33 Src/usbd_cdc_if.o
 .ARM.attributes
                0x000003e0       0x33 Src/usbd_conf.o
 .ARM.attributes
                0x00000413       0x33 Src/usbd_desc.o
 .ARM.attributes
                0x00000446       0x21 startup/startup_stm32f103xb.o
 .ARM.attributes
                0x00000467       0x2d c:/ac6/systemworkbench/plugins/fr.ac6.mcu.externaltools.arm-none.win32_1.16.0.201807130628/tools/compiler/bin/../lib/gcc/arm-none-eabi/7.2.1/../../../../arm-none-eabi/lib/thumb/v7-m\libc_nano.a(lib_a-init.o)
 .ARM.attributes
                0x00000494       0x17 c:/ac6/systemworkbench/plugins/fr.ac6.mcu.externaltools.arm-none.win32_1.16.0.201807130628/tools/compiler/bin/../lib/gcc/arm-none-eabi/7.2.1/../../../../arm-none-eabi/lib/thumb/v7-m\libc_nano.a(lib_a-strlen.o)
 .ARM.attributes
                0x000004ab       0x1d c:/ac6/systemworkbench/plugins/fr.ac6.mcu.externaltools.arm-none.win32_1.16.0.201807130628/tools/compiler/bin/../lib/gcc/arm-none-eabi/7.2.1/thumb/v7-m/crtn.o
OUTPUT(usb-cdc2.elf elf32-littlearm)

.debug_info     0x00000000    0x169a1
 .debug_info    0x00000000      0xfa6 Drivers/STM32F1xx_HAL_Driver/Src/stm32f1xx_hal.o
 .debug_info    0x00000fa6     0x1475 Drivers/STM32F1xx_HAL_Driver/Src/stm32f1xx_hal_cortex.o
 .debug_info    0x0000241b      0xe87 Drivers/STM32F1xx_HAL_Driver/Src/stm32f1xx_hal_gpio.o
 .debug_info    0x000032a2     0x19d2 Drivers/STM32F1xx_HAL_Driver/Src/stm32f1xx_hal_pcd.o
 .debug_info    0x00004c74      0xe0d Drivers/STM32F1xx_HAL_Driver/Src/stm32f1xx_hal_pcd_ex.o
 .debug_info    0x00005a81     0x11ef Drivers/STM32F1xx_HAL_Driver/Src/stm32f1xx_hal_rcc.o
 .debug_info    0x00006c70      0xc67 Drivers/STM32F1xx_HAL_Driver/Src/stm32f1xx_hal_rcc_ex.o
 .debug_info    0x000078d7     0x172c Drivers/STM32F1xx_HAL_Driver/Src/stm32f1xx_ll_usb.o
 .debug_info    0x00009003     0x1583 Middlewares/ST/STM32_USB_Device_Library/Class/CDC/Src/usbd_cdc.o
 .debug_info    0x0000a586     0x14ab Middlewares/ST/STM32_USB_Device_Library/Core/Src/usbd_core.o
 .debug_info    0x0000ba31     0x166a Middlewares/ST/STM32_USB_Device_Library/Core/Src/usbd_ctlreq.o
 .debug_info    0x0000d09b      0xfd4 Middlewares/ST/STM32_USB_Device_Library/Core/Src/usbd_ioreq.o
 .debug_info    0x0000e06f     0x14cc Src/main.o
 .debug_info    0x0000f53b      0xcec Src/stm32f1xx_hal_msp.o
 .debug_info    0x00010227      0xe3a Src/stm32f1xx_it.o
 .debug_info    0x00011061      0xc15 Src/system_stm32f1xx.o
 .debug_info    0x00011c76      0xe8b Src/usb_device.o
 .debug_info    0x00012b01     0x10a9 Src/usbd_cdc_if.o
 .debug_info    0x00013baa     0x2076 Src/usbd_conf.o
 .debug_info    0x00015c20      0xd5f Src/usbd_desc.o
 .debug_info    0x0001697f       0x22 startup/startup_stm32f103xb.o

.debug_abbrev   0x00000000     0x365d
 .debug_abbrev  0x00000000      0x2f4 Drivers/STM32F1xx_HAL_Driver/Src/stm32f1xx_hal.o
 .debug_abbrev  0x000002f4      0x3cd Drivers/STM32F1xx_HAL_Driver/Src/stm32f1xx_hal_cortex.o
 .debug_abbrev  0x000006c1      0x2a7 Drivers/STM32F1xx_HAL_Driver/Src/stm32f1xx_hal_gpio.o
 .debug_abbrev  0x00000968      0x357 Drivers/STM32F1xx_HAL_Driver/Src/stm32f1xx_hal_pcd.o
 .debug_abbrev  0x00000cbf      0x232 Drivers/STM32F1xx_HAL_Driver/Src/stm32f1xx_hal_pcd_ex.o
 .debug_abbrev  0x00000ef1      0x335 Drivers/STM32F1xx_HAL_Driver/Src/stm32f1xx_hal_rcc.o
 .debug_abbrev  0x00001226      0x2b4 Drivers/STM32F1xx_HAL_Driver/Src/stm32f1xx_hal_rcc_ex.o
 .debug_abbrev  0x000014da      0x2c3 Drivers/STM32F1xx_HAL_Driver/Src/stm32f1xx_ll_usb.o
 .debug_abbrev  0x0000179d      0x31d Middlewares/ST/STM32_USB_Device_Library/Class/CDC/Src/usbd_cdc.o
 .debug_abbrev  0x00001aba      0x2ac Middlewares/ST/STM32_USB_Device_Library/Core/Src/usbd_core.o
 .debug_abbrev  0x00001d66      0x329 Middlewares/ST/STM32_USB_Device_Library/Core/Src/usbd_ctlreq.o
 .debug_abbrev  0x0000208f      0x215 Middlewares/ST/STM32_USB_Device_Library/Core/Src/usbd_ioreq.o
 .debug_abbrev  0x000022a4      0x2ba Src/main.o
 .debug_abbrev  0x0000255e      0x234 Src/stm32f1xx_hal_msp.o
 .debug_abbrev  0x00002792      0x21d Src/stm32f1xx_it.o
 .debug_abbrev  0x000029af      0x228 Src/system_stm32f1xx.o
 .debug_abbrev  0x00002bd7      0x218 Src/usb_device.o
 .debug_abbrev  0x00002def      0x2c9 Src/usbd_cdc_if.o
 .debug_abbrev  0x000030b8      0x31c Src/usbd_conf.o
 .debug_abbrev  0x000033d4      0x277 Src/usbd_desc.o
 .debug_abbrev  0x0000364b       0x12 startup/startup_stm32f103xb.o

.debug_loc      0x00000000     0x53a0
 .debug_loc     0x00000000       0xfd Drivers/STM32F1xx_HAL_Driver/Src/stm32f1xx_hal.o
 .debug_loc     0x000000fd      0x5ad Drivers/STM32F1xx_HAL_Driver/Src/stm32f1xx_hal_cortex.o
 .debug_loc     0x000006aa      0x44e Drivers/STM32F1xx_HAL_Driver/Src/stm32f1xx_hal_gpio.o
 .debug_loc     0x00000af8      0xa6c Drivers/STM32F1xx_HAL_Driver/Src/stm32f1xx_hal_pcd.o
 .debug_loc     0x00001564       0xf4 Drivers/STM32F1xx_HAL_Driver/Src/stm32f1xx_hal_pcd_ex.o
 .debug_loc     0x00001658      0x4f6 Drivers/STM32F1xx_HAL_Driver/Src/stm32f1xx_hal_rcc.o
 .debug_loc     0x00001b4e      0x2d0 Drivers/STM32F1xx_HAL_Driver/Src/stm32f1xx_hal_rcc_ex.o
 .debug_loc     0x00001e1e      0xc0d Drivers/STM32F1xx_HAL_Driver/Src/stm32f1xx_ll_usb.o
 .debug_loc     0x00002a2b      0x4a4 Middlewares/ST/STM32_USB_Device_Library/Class/CDC/Src/usbd_cdc.o
 .debug_loc     0x00002ecf      0x6f8 Middlewares/ST/STM32_USB_Device_Library/Core/Src/usbd_core.o
 .debug_loc     0x000035c7      0xb38 Middlewares/ST/STM32_USB_Device_Library/Core/Src/usbd_ctlreq.o
 .debug_loc     0x000040ff      0x23c Middlewares/ST/STM32_USB_Device_Library/Core/Src/usbd_ioreq.o
 .debug_loc     0x0000433b       0x69 Src/main.o
 .debug_loc     0x000043a4       0xdf Src/system_stm32f1xx.o
 .debug_loc     0x00004483      0x113 Src/usbd_cdc_if.o
 .debug_loc     0x00004596      0xb53 Src/usbd_conf.o
 .debug_loc     0x000050e9      0x2b7 Src/usbd_desc.o

.debug_aranges  0x00000000      0x9b0
 .debug_aranges
                0x00000000       0xd0 Drivers/STM32F1xx_HAL_Driver/Src/stm32f1xx_hal.o
 .debug_aranges
                0x000000d0       0x90 Drivers/STM32F1xx_HAL_Driver/Src/stm32f1xx_hal_cortex.o
 .debug_aranges
                0x00000160       0x58 Drivers/STM32F1xx_HAL_Driver/Src/stm32f1xx_hal_gpio.o
 .debug_aranges
                0x000001b8      0x120 Drivers/STM32F1xx_HAL_Driver/Src/stm32f1xx_hal_pcd.o
 .debug_aranges
                0x000002d8       0x28 Drivers/STM32F1xx_HAL_Driver/Src/stm32f1xx_hal_pcd_ex.o
 .debug_aranges
                0x00000300       0x90 Drivers/STM32F1xx_HAL_Driver/Src/stm32f1xx_hal_rcc.o
 .debug_aranges
                0x00000390       0x30 Drivers/STM32F1xx_HAL_Driver/Src/stm32f1xx_hal_rcc_ex.o
 .debug_aranges
                0x000003c0      0x100 Drivers/STM32F1xx_HAL_Driver/Src/stm32f1xx_ll_usb.o
 .debug_aranges
                0x000004c0       0x90 Middlewares/ST/STM32_USB_Device_Library/Class/CDC/Src/usbd_cdc.o
 .debug_aranges
                0x00000550       0xb8 Middlewares/ST/STM32_USB_Device_Library/Core/Src/usbd_core.o
 .debug_aranges
                0x00000608       0x88 Middlewares/ST/STM32_USB_Device_Library/Core/Src/usbd_ctlreq.o
 .debug_aranges
                0x00000690       0x50 Middlewares/ST/STM32_USB_Device_Library/Core/Src/usbd_ioreq.o
 .debug_aranges
                0x000006e0       0x38 Src/main.o
 .debug_aranges
                0x00000718       0x20 Src/stm32f1xx_hal_msp.o
 .debug_aranges
                0x00000738       0x68 Src/stm32f1xx_it.o
 .debug_aranges
                0x000007a0       0x28 Src/system_stm32f1xx.o
 .debug_aranges
                0x000007c8       0x20 Src/usb_device.o
 .debug_aranges
                0x000007e8       0x40 Src/usbd_cdc_if.o
 .debug_aranges
                0x00000828      0x110 Src/usbd_conf.o
 .debug_aranges
                0x00000938       0x50 Src/usbd_desc.o
 .debug_aranges
                0x00000988       0x28 startup/startup_stm32f103xb.o

.debug_ranges   0x00000000      0xa20
 .debug_ranges  0x00000000       0xc0 Drivers/STM32F1xx_HAL_Driver/Src/stm32f1xx_hal.o
 .debug_ranges  0x000000c0       0xe0 Drivers/STM32F1xx_HAL_Driver/Src/stm32f1xx_hal_cortex.o
 .debug_ranges  0x000001a0       0x48 Drivers/STM32F1xx_HAL_Driver/Src/stm32f1xx_hal_gpio.o
 .debug_ranges  0x000001e8      0x140 Drivers/STM32F1xx_HAL_Driver/Src/stm32f1xx_hal_pcd.o
 .debug_ranges  0x00000328       0x18 Drivers/STM32F1xx_HAL_Driver/Src/stm32f1xx_hal_pcd_ex.o
 .debug_ranges  0x00000340       0xa0 Drivers/STM32F1xx_HAL_Driver/Src/stm32f1xx_hal_rcc.o
 .debug_ranges  0x000003e0       0x38 Drivers/STM32F1xx_HAL_Driver/Src/stm32f1xx_hal_rcc_ex.o
 .debug_ranges  0x00000418      0x1e0 Drivers/STM32F1xx_HAL_Driver/Src/stm32f1xx_ll_usb.o
 .debug_ranges  0x000005f8       0x80 Middlewares/ST/STM32_USB_Device_Library/Class/CDC/Src/usbd_cdc.o
 .debug_ranges  0x00000678       0xa8 Middlewares/ST/STM32_USB_Device_Library/Core/Src/usbd_core.o
 .debug_ranges  0x00000720       0x78 Middlewares/ST/STM32_USB_Device_Library/Core/Src/usbd_ctlreq.o
 .debug_ranges  0x00000798       0x40 Middlewares/ST/STM32_USB_Device_Library/Core/Src/usbd_ioreq.o
 .debug_ranges  0x000007d8       0x28 Src/main.o
 .debug_ranges  0x00000800       0x10 Src/stm32f1xx_hal_msp.o
 .debug_ranges  0x00000810       0x58 Src/stm32f1xx_it.o
 .debug_ranges  0x00000868       0x18 Src/system_stm32f1xx.o
 .debug_ranges  0x00000880       0x10 Src/usb_device.o
 .debug_ranges  0x00000890       0x30 Src/usbd_cdc_if.o
 .debug_ranges  0x000008c0      0x100 Src/usbd_conf.o
 .debug_ranges  0x000009c0       0x40 Src/usbd_desc.o
 .debug_ranges  0x00000a00       0x20 startup/startup_stm32f103xb.o

.debug_macro    0x00000000    0x17062
 .debug_macro   0x00000000      0x31d Drivers/STM32F1xx_HAL_Driver/Src/stm32f1xx_hal.o
 .debug_macro   0x0000031d      0xa60 Drivers/STM32F1xx_HAL_Driver/Src/stm32f1xx_hal.o
 .debug_macro   0x00000d7d       0x10 Drivers/STM32F1xx_HAL_Driver/Src/stm32f1xx_hal.o
 .debug_macro   0x00000d8d      0x163 Drivers/STM32F1xx_HAL_Driver/Src/stm32f1xx_hal.o
 .debug_macro   0x00000ef0       0x2e Drivers/STM32F1xx_HAL_Driver/Src/stm32f1xx_hal.o
 .debug_macro   0x00000f1e       0x22 Drivers/STM32F1xx_HAL_Driver/Src/stm32f1xx_hal.o
 .debug_macro   0x00000f40       0x22 Drivers/STM32F1xx_HAL_Driver/Src/stm32f1xx_hal.o
 .debug_macro   0x00000f62       0x87 Drivers/STM32F1xx_HAL_Driver/Src/stm32f1xx_hal.o
 .debug_macro   0x00000fe9       0x51 Drivers/STM32F1xx_HAL_Driver/Src/stm32f1xx_hal.o
 .debug_macro   0x0000103a       0xef Drivers/STM32F1xx_HAL_Driver/Src/stm32f1xx_hal.o
 .debug_macro   0x00001129       0x6a Drivers/STM32F1xx_HAL_Driver/Src/stm32f1xx_hal.o
 .debug_macro   0x00001193      0x1df Drivers/STM32F1xx_HAL_Driver/Src/stm32f1xx_hal.o
 .debug_macro   0x00001372       0x34 Drivers/STM32F1xx_HAL_Driver/Src/stm32f1xx_hal.o
 .debug_macro   0x000013a6       0x34 Drivers/STM32F1xx_HAL_Driver/Src/stm32f1xx_hal.o
 .debug_macro   0x000013da      0xb8e Drivers/STM32F1xx_HAL_Driver/Src/stm32f1xx_hal.o
 .debug_macro   0x00001f68     0xe90a Drivers/STM32F1xx_HAL_Driver/Src/stm32f1xx_hal.o
 .debug_macro   0x00010872       0x43 Drivers/STM32F1xx_HAL_Driver/Src/stm32f1xx_hal.o
 .debug_macro   0x000108b5       0x58 Drivers/STM32F1xx_HAL_Driver/Src/stm32f1xx_hal.o
 .debug_macro   0x0001090d       0x17 Drivers/STM32F1xx_HAL_Driver/Src/stm32f1xx_hal.o
 .debug_macro   0x00010924       0x35 Drivers/STM32F1xx_HAL_Driver/Src/stm32f1xx_hal.o
 .debug_macro   0x00010959       0x9c Drivers/STM32F1xx_HAL_Driver/Src/stm32f1xx_hal.o
 .debug_macro   0x000109f5       0x16 Drivers/STM32F1xx_HAL_Driver/Src/stm32f1xx_hal.o
 .debug_macro   0x00010a0b       0x97 Drivers/STM32F1xx_HAL_Driver/Src/stm32f1xx_hal.o
 .debug_macro   0x00010aa2      0x330 Drivers/STM32F1xx_HAL_Driver/Src/stm32f1xx_hal.o
 .debug_macro   0x00010dd2       0xfd Drivers/STM32F1xx_HAL_Driver/Src/stm32f1xx_hal.o
 .debug_macro   0x00010ecf       0x10 Drivers/STM32F1xx_HAL_Driver/Src/stm32f1xx_hal.o
 .debug_macro   0x00010edf       0x58 Drivers/STM32F1xx_HAL_Driver/Src/stm32f1xx_hal.o
 .debug_macro   0x00010f37       0x1f Drivers/STM32F1xx_HAL_Driver/Src/stm32f1xx_hal.o
 .debug_macro   0x00010f56       0x43 Drivers/STM32F1xx_HAL_Driver/Src/stm32f1xx_hal.o
 .debug_macro   0x00010f99       0x20 Drivers/STM32F1xx_HAL_Driver/Src/stm32f1xx_hal.o
 .debug_macro   0x00010fb9      0x18e Drivers/STM32F1xx_HAL_Driver/Src/stm32f1xx_hal.o
 .debug_macro   0x00011147       0x10 Drivers/STM32F1xx_HAL_Driver/Src/stm32f1xx_hal.o
 .debug_macro   0x00011157       0x1c Drivers/STM32F1xx_HAL_Driver/Src/stm32f1xx_hal.o
 .debug_macro   0x00011173       0x52 Drivers/STM32F1xx_HAL_Driver/Src/stm32f1xx_hal.o
 .debug_macro   0x000111c5       0x40 Drivers/STM32F1xx_HAL_Driver/Src/stm32f1xx_hal.o
 .debug_macro   0x00011205       0x10 Drivers/STM32F1xx_HAL_Driver/Src/stm32f1xx_hal.o
 .debug_macro   0x00011215       0x40 Drivers/STM32F1xx_HAL_Driver/Src/stm32f1xx_hal.o
 .debug_macro   0x00011255       0xd7 Drivers/STM32F1xx_HAL_Driver/Src/stm32f1xx_hal.o
 .debug_macro   0x0001132c       0x1c Drivers/STM32F1xx_HAL_Driver/Src/stm32f1xx_hal.o
 .debug_macro   0x00011348       0x3d Drivers/STM32F1xx_HAL_Driver/Src/stm32f1xx_hal.o
 .debug_macro   0x00011385       0x16 Drivers/STM32F1xx_HAL_Driver/Src/stm32f1xx_hal.o
 .debug_macro   0x0001139b      0x16f Drivers/STM32F1xx_HAL_Driver/Src/stm32f1xx_hal.o
 .debug_macro   0x0001150a       0x50 Drivers/STM32F1xx_HAL_Driver/Src/stm32f1xx_hal.o
 .debug_macro   0x0001155a      0x5c2 Drivers/STM32F1xx_HAL_Driver/Src/stm32f1xx_hal.o
 .debug_macro   0x00011b1c      0x28a Drivers/STM32F1xx_HAL_Driver/Src/stm32f1xx_hal.o
 .debug_macro   0x00011da6      0x1cb Drivers/STM32F1xx_HAL_Driver/Src/stm32f1xx_hal.o
 .debug_macro   0x00011f71      0x11e Drivers/STM32F1xx_HAL_Driver/Src/stm32f1xx_hal.o
 .debug_macro   0x0001208f      0x1b3 Drivers/STM32F1xx_HAL_Driver/Src/stm32f1xx_hal.o
 .debug_macro   0x00012242       0x27 Drivers/STM32F1xx_HAL_Driver/Src/stm32f1xx_hal.o
 .debug_macro   0x00012269      0x1bc Drivers/STM32F1xx_HAL_Driver/Src/stm32f1xx_hal.o
 .debug_macro   0x00012425       0x34 Drivers/STM32F1xx_HAL_Driver/Src/stm32f1xx_hal.o
 .debug_macro   0x00012459       0x3c Drivers/STM32F1xx_HAL_Driver/Src/stm32f1xx_hal.o
 .debug_macro   0x00012495       0x57 Drivers/STM32F1xx_HAL_Driver/Src/stm32f1xx_hal.o
 .debug_macro   0x000124ec       0x8c Drivers/STM32F1xx_HAL_Driver/Src/stm32f1xx_hal.o
 .debug_macro   0x00012578      0x242 Drivers/STM32F1xx_HAL_Driver/Src/stm32f1xx_hal.o
 .debug_macro   0x000127ba      0x143 Drivers/STM32F1xx_HAL_Driver/Src/stm32f1xx_hal.o
 .debug_macro   0x000128fd       0x50 Drivers/STM32F1xx_HAL_Driver/Src/stm32f1xx_hal.o
 .debug_macro   0x0001294d      0x26c Drivers/STM32F1xx_HAL_Driver/Src/stm32f1xx_hal.o
 .debug_macro   0x00012bb9       0x83 Drivers/STM32F1xx_HAL_Driver/Src/stm32f1xx_hal.o
 .debug_macro   0x00012c3c      0x2f9 Drivers/STM32F1xx_HAL_Driver/Src/stm32f1xx_hal_cortex.o
 .debug_macro   0x00012f35      0x369 Drivers/STM32F1xx_HAL_Driver/Src/stm32f1xx_hal_gpio.o
 .debug_macro   0x0001329e      0x305 Drivers/STM32F1xx_HAL_Driver/Src/stm32f1xx_hal_pcd.o
 .debug_macro   0x000135a3      0x2f9 Drivers/STM32F1xx_HAL_Driver/Src/stm32f1xx_hal_pcd_ex.o
 .debug_macro   0x0001389c      0x30b Drivers/STM32F1xx_HAL_Driver/Src/stm32f1xx_hal_rcc.o
 .debug_macro   0x00013ba7      0x2f9 Drivers/STM32F1xx_HAL_Driver/Src/stm32f1xx_hal_rcc_ex.o
 .debug_macro   0x00013ea0      0x2f9 Drivers/STM32F1xx_HAL_Driver/Src/stm32f1xx_ll_usb.o
 .debug_macro   0x00014199      0x3b9 Middlewares/ST/STM32_USB_Device_Library/Class/CDC/Src/usbd_cdc.o
 .debug_macro   0x00014552       0x52 Middlewares/ST/STM32_USB_Device_Library/Class/CDC/Src/usbd_cdc.o
 .debug_macro   0x000145a4       0x8d Middlewares/ST/STM32_USB_Device_Library/Class/CDC/Src/usbd_cdc.o
 .debug_macro   0x00014631       0x57 Middlewares/ST/STM32_USB_Device_Library/Class/CDC/Src/usbd_cdc.o
 .debug_macro   0x00014688       0x16 Middlewares/ST/STM32_USB_Device_Library/Class/CDC/Src/usbd_cdc.o
 .debug_macro   0x0001469e       0x35 Middlewares/ST/STM32_USB_Device_Library/Class/CDC/Src/usbd_cdc.o
 .debug_macro   0x000146d3       0x16 Middlewares/ST/STM32_USB_Device_Library/Class/CDC/Src/usbd_cdc.o
 .debug_macro   0x000146e9       0x29 Middlewares/ST/STM32_USB_Device_Library/Class/CDC/Src/usbd_cdc.o
 .debug_macro   0x00014712       0x16 Middlewares/ST/STM32_USB_Device_Library/Class/CDC/Src/usbd_cdc.o
 .debug_macro   0x00014728       0x6a Middlewares/ST/STM32_USB_Device_Library/Class/CDC/Src/usbd_cdc.o
 .debug_macro   0x00014792      0x1c3 Middlewares/ST/STM32_USB_Device_Library/Class/CDC/Src/usbd_cdc.o
 .debug_macro   0x00014955       0x83 Middlewares/ST/STM32_USB_Device_Library/Class/CDC/Src/usbd_cdc.o
 .debug_macro   0x000149d8      0x3a0 Middlewares/ST/STM32_USB_Device_Library/Core/Src/usbd_core.o
 .debug_macro   0x00014d78      0x3a0 Middlewares/ST/STM32_USB_Device_Library/Core/Src/usbd_ctlreq.o
 .debug_macro   0x00015118      0x39c Middlewares/ST/STM32_USB_Device_Library/Core/Src/usbd_ioreq.o
 .debug_macro   0x000154b4      0x388 Src/main.o
 .debug_macro   0x0001583c      0x2f9 Src/stm32f1xx_hal_msp.o
 .debug_macro   0x00015b35      0x303 Src/stm32f1xx_it.o
 .debug_macro   0x00015e38      0x2ff Src/system_stm32f1xx.o
 .debug_macro   0x00016137      0x3d7 Src/usb_device.o
 .debug_macro   0x0001650e      0x3c1 Src/usbd_cdc_if.o
 .debug_macro   0x000168cf      0x3b9 Src/usbd_conf.o
 .debug_macro   0x00016c88      0x3da Src/usbd_desc.o

.debug_line     0x00000000     0xc0ac
 .debug_line    0x00000000      0x944 Drivers/STM32F1xx_HAL_Driver/Src/stm32f1xx_hal.o
 .debug_line    0x00000944      0x95c Drivers/STM32F1xx_HAL_Driver/Src/stm32f1xx_hal_cortex.o
 .debug_line    0x000012a0      0x941 Drivers/STM32F1xx_HAL_Driver/Src/stm32f1xx_hal_gpio.o
 .debug_line    0x00001be1      0xc71 Drivers/STM32F1xx_HAL_Driver/Src/stm32f1xx_hal_pcd.o
 .debug_line    0x00002852      0x7c0 Drivers/STM32F1xx_HAL_Driver/Src/stm32f1xx_hal_pcd_ex.o
 .debug_line    0x00003012      0xa5e Drivers/STM32F1xx_HAL_Driver/Src/stm32f1xx_hal_rcc.o
 .debug_line    0x00003a70      0x84a Drivers/STM32F1xx_HAL_Driver/Src/stm32f1xx_hal_rcc_ex.o
 .debug_line    0x000042ba      0xbbb Drivers/STM32F1xx_HAL_Driver/Src/stm32f1xx_ll_usb.o
 .debug_line    0x00004e75      0xad8 Middlewares/ST/STM32_USB_Device_Library/Class/CDC/Src/usbd_cdc.o
 .debug_line    0x0000594d      0xab7 Middlewares/ST/STM32_USB_Device_Library/Core/Src/usbd_core.o
 .debug_line    0x00006404      0xad5 Middlewares/ST/STM32_USB_Device_Library/Core/Src/usbd_ctlreq.o
 .debug_line    0x00006ed9      0x93a Middlewares/ST/STM32_USB_Device_Library/Core/Src/usbd_ioreq.o
 .debug_line    0x00007813      0x8da Src/main.o
 .debug_line    0x000080ed      0x78c Src/stm32f1xx_hal_msp.o
 .debug_line    0x00008879      0x826 Src/stm32f1xx_it.o
 .debug_line    0x0000909f      0x7c1 Src/system_stm32f1xx.o
 .debug_line    0x00009860      0x959 Src/usb_device.o
 .debug_line    0x0000a1b9      0x98a Src/usbd_cdc_if.o
 .debug_line    0x0000ab43      0xbc9 Src/usbd_conf.o
 .debug_line    0x0000b70c      0x923 Src/usbd_desc.o
 .debug_line    0x0000c02f       0x7d startup/startup_stm32f103xb.o

.debug_str      0x00000000    0x6d0ed
 .debug_str     0x00000000    0x69fd9 Drivers/STM32F1xx_HAL_Driver/Src/stm32f1xx_hal.o
                              0x6a3b1 (size before relaxing)
 .debug_str     0x00069fd9      0x2e1 Drivers/STM32F1xx_HAL_Driver/Src/stm32f1xx_hal_cortex.o
                              0x6a306 (size before relaxing)
 .debug_str     0x0006a2ba      0x3a3 Drivers/STM32F1xx_HAL_Driver/Src/stm32f1xx_hal_gpio.o
                              0x6a04d (size before relaxing)
 .debug_str     0x0006a65d      0x811 Drivers/STM32F1xx_HAL_Driver/Src/stm32f1xx_hal_pcd.o
                              0x6a4bb (size before relaxing)
 .debug_str     0x0006ae6e       0x57 Drivers/STM32F1xx_HAL_Driver/Src/stm32f1xx_hal_pcd_ex.o
                              0x69f98 (size before relaxing)
 .debug_str     0x0006aec5      0x368 Drivers/STM32F1xx_HAL_Driver/Src/stm32f1xx_hal_rcc.o
                              0x6a0a2 (size before relaxing)
 .debug_str     0x0006b22d      0x12b Drivers/STM32F1xx_HAL_Driver/Src/stm32f1xx_hal_rcc_ex.o
                              0x69e2e (size before relaxing)
 .debug_str     0x0006b358      0x15b Drivers/STM32F1xx_HAL_Driver/Src/stm32f1xx_ll_usb.o
                              0x6a16b (size before relaxing)
 .debug_str     0x0006b4b3     0x12b3 Middlewares/ST/STM32_USB_Device_Library/Class/CDC/Src/usbd_cdc.o
                              0x6afee (size before relaxing)
 .debug_str     0x0006c766      0x294 Middlewares/ST/STM32_USB_Device_Library/Core/Src/usbd_core.o
                              0x6acaf (size before relaxing)
 .debug_str     0x0006c9fa      0x12e Middlewares/ST/STM32_USB_Device_Library/Core/Src/usbd_ctlreq.o
                              0x6abc9 (size before relaxing)
 .debug_str     0x0006cb28       0x51 Middlewares/ST/STM32_USB_Device_Library/Core/Src/usbd_ioreq.o
                              0x6aaf6 (size before relaxing)
 .debug_str     0x0006cb79       0xb5 Src/main.o
                              0x6aff2 (size before relaxing)
 .debug_str     0x0006cc2e       0x1b Src/stm32f1xx_hal_msp.o
                              0x69f8e (size before relaxing)
 .debug_str     0x0006cc49       0xc4 Src/stm32f1xx_it.o
                              0x69fee (size before relaxing)
 .debug_str     0x0006cd0d       0x69 Src/system_stm32f1xx.o
                              0x69cf8 (size before relaxing)
 .debug_str     0x0006cd76       0x3e Src/usb_device.o
                              0x6ad66 (size before relaxing)
 .debug_str     0x0006cdb4       0x97 Src/usbd_cdc_if.o
                              0x6ae67 (size before relaxing)
 .debug_str     0x0006ce4b       0x51 Src/usbd_conf.o
                              0x6b82f (size before relaxing)
 .debug_str     0x0006ce9c      0x221 Src/usbd_desc.o
                              0x6a98f (size before relaxing)
 .debug_str     0x0006d0bd       0x30 startup/startup_stm32f103xb.o
                                 0x7f (size before relaxing)

.comment        0x00000000       0x7e
 .comment       0x00000000       0x7e Drivers/STM32F1xx_HAL_Driver/Src/stm32f1xx_hal.o
                                 0x7f (size before relaxing)
 .comment       0x0000007e       0x7f Drivers/STM32F1xx_HAL_Driver/Src/stm32f1xx_hal_cortex.o
 .comment       0x0000007e       0x7f Drivers/STM32F1xx_HAL_Driver/Src/stm32f1xx_hal_gpio.o
 .comment       0x0000007e       0x7f Drivers/STM32F1xx_HAL_Driver/Src/stm32f1xx_hal_pcd.o
 .comment       0x0000007e       0x7f Drivers/STM32F1xx_HAL_Driver/Src/stm32f1xx_hal_pcd_ex.o
 .comment       0x0000007e       0x7f Drivers/STM32F1xx_HAL_Driver/Src/stm32f1xx_hal_rcc.o
 .comment       0x0000007e       0x7f Drivers/STM32F1xx_HAL_Driver/Src/stm32f1xx_hal_rcc_ex.o
 .comment       0x0000007e       0x7f Drivers/STM32F1xx_HAL_Driver/Src/stm32f1xx_ll_usb.o
 .comment       0x0000007e       0x7f Middlewares/ST/STM32_USB_Device_Library/Class/CDC/Src/usbd_cdc.o
 .comment       0x0000007e       0x7f Middlewares/ST/STM32_USB_Device_Library/Core/Src/usbd_core.o
 .comment       0x0000007e       0x7f Middlewares/ST/STM32_USB_Device_Library/Core/Src/usbd_ctlreq.o
 .comment       0x0000007e       0x7f Middlewares/ST/STM32_USB_Device_Library/Core/Src/usbd_ioreq.o
 .comment       0x0000007e       0x7f Src/main.o
 .comment       0x0000007e       0x7f Src/stm32f1xx_hal_msp.o
 .comment       0x0000007e       0x7f Src/stm32f1xx_it.o
 .comment       0x0000007e       0x7f Src/system_stm32f1xx.o
 .comment       0x0000007e       0x7f Src/usb_device.o
 .comment       0x0000007e       0x7f Src/usbd_cdc_if.o
 .comment       0x0000007e       0x7f Src/usbd_conf.o
 .comment       0x0000007e       0x7f Src/usbd_desc.o

.debug_frame    0x00000000     0x1618
 .debug_frame   0x00000000      0x1ac Drivers/STM32F1xx_HAL_Driver/Src/stm32f1xx_hal.o
 .debug_frame   0x000001ac      0x12c Drivers/STM32F1xx_HAL_Driver/Src/stm32f1xx_hal_cortex.o
 .debug_frame   0x000002d8       0xd4 Drivers/STM32F1xx_HAL_Driver/Src/stm32f1xx_hal_gpio.o
 .debug_frame   0x000003ac      0x300 Drivers/STM32F1xx_HAL_Driver/Src/stm32f1xx_hal_pcd.o
 .debug_frame   0x000006ac       0x30 Drivers/STM32F1xx_HAL_Driver/Src/stm32f1xx_hal_pcd_ex.o
 .debug_frame   0x000006dc      0x174 Drivers/STM32F1xx_HAL_Driver/Src/stm32f1xx_hal_rcc.o
 .debug_frame   0x00000850       0x6c Drivers/STM32F1xx_HAL_Driver/Src/stm32f1xx_hal_rcc_ex.o
 .debug_frame   0x000008bc      0x23c Drivers/STM32F1xx_HAL_Driver/Src/stm32f1xx_ll_usb.o
 .debug_frame   0x00000af8      0x14c Middlewares/ST/STM32_USB_Device_Library/Class/CDC/Src/usbd_cdc.o
 .debug_frame   0x00000c44      0x1bc Middlewares/ST/STM32_USB_Device_Library/Core/Src/usbd_core.o
 .debug_frame   0x00000e00      0x17c Middlewares/ST/STM32_USB_Device_Library/Core/Src/usbd_ctlreq.o
 .debug_frame   0x00000f7c       0xb8 Middlewares/ST/STM32_USB_Device_Library/Core/Src/usbd_ioreq.o
 .debug_frame   0x00001034       0x78 Src/main.o
 .debug_frame   0x000010ac       0x2c Src/stm32f1xx_hal_msp.o
 .debug_frame   0x000010d8       0xc0 Src/stm32f1xx_it.o
 .debug_frame   0x00001198       0x30 Src/system_stm32f1xx.o
 .debug_frame   0x000011c8       0x28 Src/usb_device.o
 .debug_frame   0x000011f0       0x78 Src/usbd_cdc_if.o
 .debug_frame   0x00001268      0x2dc Src/usbd_conf.o
 .debug_frame   0x00001544       0xa8 Src/usbd_desc.o
 .debug_frame   0x000015ec       0x2c c:/ac6/systemworkbench/plugins/fr.ac6.mcu.externaltools.arm-none.win32_1.16.0.201807130628/tools/compiler/bin/../lib/gcc/arm-none-eabi/7.2.1/../../../../arm-none-eabi/lib/thumb/v7-m\libc_nano.a(lib_a-init.o)
