ip_arp_udp_tcp.c:136:10:checksum	24	static
ip_arp_udp_tcp.c:181:6:init_ip_arp_udp_tcp	32	static
ip_arp_udp_tcp.c:198:9:check_ip_message_is_from	24	static
ip_arp_udp_tcp.c:210:9:eth_type_is_arp_and_my_ip	24	static
ip_arp_udp_tcp.c:229:9:eth_type_is_ip_and_my_ip	24	static
ip_arp_udp_tcp.c:253:6:make_eth	24	static
ip_arp_udp_tcp.c:266:6:make_eth_ip_new	24	static
ip_arp_udp_tcp.c:282:6:fill_ip_hdr_checksum	24	static
ip_arp_udp_tcp.c:298:9:eth_type_is_arp_reply	16	static
ip_arp_udp_tcp.c:303:9:eth_type_is_arp_req	16	static
ip_arp_udp_tcp.c:313:6:make_ip_tcp_new	32	static
ip_arp_udp_tcp.c:352:6:make_ip	24	static
ip_arp_udp_tcp.c:364:6:step_seq	24	static
ip_arp_udp_tcp.c:394:6:make_tcphead	24	static
ip_arp_udp_tcp.c:417:6:make_arp_answer_from_request	24	static
ip_arp_udp_tcp.c:440:6:make_echo_reply_from_request	16	static
ip_arp_udp_tcp.c:456:6:make_udp_reply_from_request	32	static
ip_arp_udp_tcp.c:494:6:make_tcp_synack_from_syn	24	static
ip_arp_udp_tcp.c:539:10:get_tcp_data_len	24	static
ip_arp_udp_tcp.c:583:10:fill_tcp_data_len	24	static
ip_arp_udp_tcp.c:600:10:fill_tcp_data	24	static
ip_arp_udp_tcp.c:607:6:make_tcp_ack_from_any	24	static
ip_arp_udp_tcp.c:645:6:make_tcp_ack_with_data_noflags	24	static
ip_arp_udp_tcp.c:671:6:make_tcp_ack_with_data	24	static
ip_arp_udp_tcp.c:707:6:www_server_reply	16	static
ip_arp_udp_tcp.c:720:6:fill_buf_p	24	static
ip_arp_udp_tcp.c:865:6:send_udp_prepare	32	static
ip_arp_udp_tcp.c:900:6:send_udp_transmit	24	static
ip_arp_udp_tcp.c:917:6:send_udp	32	static
ip_arp_udp_tcp.c:1003:6:client_arp_whohas	24	static
ip_arp_udp_tcp.c:1033:9:client_waiting_gw	4	static
ip_arp_udp_tcp.c:1044:9:client_store_gw_mac	24	static
ip_arp_udp_tcp.c:1061:6:client_gw_arp_refresh	4	static
ip_arp_udp_tcp.c:1079:6:client_set_gwip	24	static
ip_arp_udp_tcp.c:1090:6:client_tcp_set_serverip	24	static
ip_arp_udp_tcp.c:1101:6:client_syn	24	static
ip_arp_udp_tcp.c:1172:10:build_tcp_data	24	static
ip_arp_udp_tcp.c:1240:6:send_tcp_data	24	static
ip_arp_udp_tcp.c:1307:9:client_tcp_req	24	static
ip_arp_udp_tcp.c:1323:10:www_client_internal_datafill_callback	24	static
ip_arp_udp_tcp.c:1368:9:www_client_internal_result_callback	24	static
ip_arp_udp_tcp.c:1402:6:client_browse_url	24	static
ip_arp_udp_tcp.c:1418:6:client_http_post	24	static
ip_arp_udp_tcp.c:1431:6:register_ping_rec_callback	16	static
ip_arp_udp_tcp.c:1454:10:packetloop_icmp_tcp	32	static
